Component: ARM Compiler 5.06 update 5 (build 528) Tool: armlink [4d35e2]

==============================================================================

Section Cross References

    startup_stm32f407xx.o(STACK) refers (Special) to heapauxi.o(.text) for __use_two_region_memory
    startup_stm32f407xx.o(HEAP) refers (Special) to heapauxi.o(.text) for __use_two_region_memory
    startup_stm32f407xx.o(RESET) refers (Special) to heapauxi.o(.text) for __use_two_region_memory
    startup_stm32f407xx.o(RESET) refers to startup_stm32f407xx.o(STACK) for __initial_sp
    startup_stm32f407xx.o(RESET) refers to startup_stm32f407xx.o(.text) for Reset_Handler
    startup_stm32f407xx.o(RESET) refers to stm32f4xx_it.o(i.NMI_Handler) for NMI_Handler
    startup_stm32f407xx.o(RESET) refers to stm32f4xx_it.o(i.HardFault_Handler) for HardFault_Handler
    startup_stm32f407xx.o(RESET) refers to stm32f4xx_it.o(i.MemManage_Handler) for MemManage_Handler
    startup_stm32f407xx.o(RESET) refers to stm32f4xx_it.o(i.BusFault_Handler) for BusFault_Handler
    startup_stm32f407xx.o(RESET) refers to stm32f4xx_it.o(i.UsageFault_Handler) for UsageFault_Handler
    startup_stm32f407xx.o(RESET) refers to port.o(.emb_text) for SVC_Handler
    startup_stm32f407xx.o(RESET) refers to stm32f4xx_it.o(i.DebugMon_Handler) for DebugMon_Handler
    startup_stm32f407xx.o(RESET) refers to port.o(i.SysTick_Handler) for SysTick_Handler
    startup_stm32f407xx.o(RESET) refers to stm32f4xx_it.o(i.EXTI0_IRQHandler) for EXTI0_IRQHandler
    startup_stm32f407xx.o(RESET) refers to stm32f4xx_it.o(i.EXTI1_IRQHandler) for EXTI1_IRQHandler
    startup_stm32f407xx.o(RESET) refers to stm32f4xx_it.o(i.EXTI3_IRQHandler) for EXTI3_IRQHandler
    startup_stm32f407xx.o(RESET) refers to stm32f4xx_it.o(i.EXTI4_IRQHandler) for EXTI4_IRQHandler
    startup_stm32f407xx.o(RESET) refers to stm32f4xx_it.o(i.DMA1_Stream1_IRQHandler) for DMA1_Stream1_IRQHandler
    startup_stm32f407xx.o(RESET) refers to stm32f4xx_it.o(i.CAN1_RX0_IRQHandler) for CAN1_RX0_IRQHandler
    startup_stm32f407xx.o(RESET) refers to stm32f4xx_it.o(i.EXTI9_5_IRQHandler) for EXTI9_5_IRQHandler
    startup_stm32f407xx.o(RESET) refers to stm32f4xx_it.o(i.USART1_IRQHandler) for USART1_IRQHandler
    startup_stm32f407xx.o(RESET) refers to stm32f4xx_it.o(i.USART3_IRQHandler) for USART3_IRQHandler
    startup_stm32f407xx.o(RESET) refers to stm32f4xx_it.o(i.TIM8_UP_TIM13_IRQHandler) for TIM8_UP_TIM13_IRQHandler
    startup_stm32f407xx.o(RESET) refers to stm32f4xx_it.o(i.TIM6_DAC_IRQHandler) for TIM6_DAC_IRQHandler
    startup_stm32f407xx.o(RESET) refers to stm32f4xx_it.o(i.DMA2_Stream2_IRQHandler) for DMA2_Stream2_IRQHandler
    startup_stm32f407xx.o(RESET) refers to stm32f4xx_it.o(i.DMA2_Stream3_IRQHandler) for DMA2_Stream3_IRQHandler
    startup_stm32f407xx.o(RESET) refers to stm32f4xx_it.o(i.CAN2_RX0_IRQHandler) for CAN2_RX0_IRQHandler
    startup_stm32f407xx.o(RESET) refers to stm32f4xx_it.o(i.OTG_FS_IRQHandler) for OTG_FS_IRQHandler
    startup_stm32f407xx.o(RESET) refers to stm32f4xx_it.o(i.DMA2_Stream5_IRQHandler) for DMA2_Stream5_IRQHandler
    startup_stm32f407xx.o(RESET) refers to stm32f4xx_it.o(i.DMA2_Stream7_IRQHandler) for DMA2_Stream7_IRQHandler
    startup_stm32f407xx.o(.text) refers (Special) to heapauxi.o(.text) for __use_two_region_memory
    startup_stm32f407xx.o(.text) refers to system_stm32f4xx.o(i.SystemInit) for SystemInit
    startup_stm32f407xx.o(.text) refers to __main.o(!!!main) for __main
    startup_stm32f407xx.o(.text) refers to startup_stm32f407xx.o(HEAP) for Heap_Mem
    startup_stm32f407xx.o(.text) refers to startup_stm32f407xx.o(STACK) for Stack_Mem
    main.o(i.HAL_TIM_PeriodElapsedCallback) refers to stm32f4xx_hal.o(i.HAL_IncTick) for HAL_IncTick
    main.o(i.HAL_TIM_PeriodElapsedCallback) refers to dm4310.o(.bss) for Motor_4310
    main.o(i.SystemClock_Config) refers to rt_memclr_w.o(.text) for __aeabi_memclr4
    main.o(i.SystemClock_Config) refers to stm32f4xx_hal_rcc.o(i.HAL_RCC_OscConfig) for HAL_RCC_OscConfig
    main.o(i.SystemClock_Config) refers to main.o(i.Error_Handler) for Error_Handler
    main.o(i.SystemClock_Config) refers to stm32f4xx_hal_rcc.o(i.HAL_RCC_ClockConfig) for HAL_RCC_ClockConfig
    main.o(i.main) refers to stm32f4xx_hal.o(i.HAL_Init) for HAL_Init
    main.o(i.main) refers to main.o(i.SystemClock_Config) for SystemClock_Config
    main.o(i.main) refers to gpio.o(i.MX_GPIO_Init) for MX_GPIO_Init
    main.o(i.main) refers to dma.o(i.MX_DMA_Init) for MX_DMA_Init
    main.o(i.main) refers to can.o(i.MX_CAN1_Init) for MX_CAN1_Init
    main.o(i.main) refers to usart.o(i.MX_USART3_UART_Init) for MX_USART3_UART_Init
    main.o(i.main) refers to spi.o(i.MX_SPI1_Init) for MX_SPI1_Init
    main.o(i.main) refers to tim.o(i.MX_TIM10_Init) for MX_TIM10_Init
    main.o(i.main) refers to i2c.o(i.MX_I2C3_Init) for MX_I2C3_Init
    main.o(i.main) refers to can.o(i.MX_CAN2_Init) for MX_CAN2_Init
[...]
    vTaskStartScheduler                      0x08011649   Thumb Code   146  tasks.o(i.vTaskStartScheduler)
    vTaskSuspendAll                          0x080116f9   Thumb Code    12  tasks.o(i.vTaskSuspendAll)
    vTaskSwitchContext                       0x08011709   Thumb Code   118  tasks.o(i.vTaskSwitchContext)
    vision_call_back_handler_Chassis_Control 0x08011795   Thumb Code    50  vision.o(i.vision_call_back_handler_Chassis_Control)
    vision_call_back_handler_Interaction_Control 0x080117d5   Thumb Code    50  vision.o(i.vision_call_back_handler_Interaction_Control)
    vision_call_back_handler_Robotmode_Control 0x08011815   Thumb Code    50  vision.o(i.vision_call_back_handler_Robotmode_Control)
    vision_transmit                          0x08011855   Thumb Code   188  vision.o(i.vision_transmit)
    vision_transmit_handler                  0x08011915   Thumb Code   482  vision.o(i.vision_transmit_handler)
    vision_transmit_package_Game             0x08011b05   Thumb Code    88  vision.o(i.vision_transmit_package_Game)
    vision_transmit_package_Judge_msg        0x08011b65   Thumb Code    68  vision.o(i.vision_transmit_package_Judge_msg)
    vision_transmit_package_Posistion123     0x08011bb1   Thumb Code    80  vision.o(i.vision_transmit_package_Posistion123)
    vision_transmit_package_Posistion457     0x08011c09   Thumb Code    88  vision.o(i.vision_transmit_package_Posistion457)
    vision_transmit_package_bluerobot_HP     0x08011c69   Thumb Code    80  vision.o(i.vision_transmit_package_bluerobot_HP)
    vision_transmit_package_building_HP      0x08011cc1   Thumb Code    68  vision.o(i.vision_transmit_package_building_HP)
    vision_transmit_package_radar_msg123     0x08011d0d   Thumb Code    88  vision.o(i.vision_transmit_package_radar_msg123)
    vision_transmit_package_radar_msg457     0x08011d6d   Thumb Code    88  vision.o(i.vision_transmit_package_radar_msg457)
    vision_transmit_package_redrobot_HP      0x08011dcd   Thumb Code    80  vision.o(i.vision_transmit_package_redrobot_HP)
    xPortStartScheduler                      0x08011e25   Thumb Code   330  port.o(i.xPortStartScheduler)
    xTaskCreate                              0x08011f8d   Thumb Code   100  tasks.o(i.xTaskCreate)
    xTaskCreateStatic                        0x08011ff1   Thumb Code   186  tasks.o(i.xTaskCreateStatic)
    xTaskGetHandle                           0x080120ad   Thumb Code   142  tasks.o(i.xTaskGetHandle)
    xTaskGetSchedulerState                   0x08012151   Thumb Code    24  tasks.o(i.xTaskGetSchedulerState)
    xTaskGetTickCount                        0x08012171   Thumb Code     6  tasks.o(i.xTaskGetTickCount)
    xTaskIncrementTick                       0x0801217d   Thumb Code   282  tasks.o(i.xTaskIncrementTick)
    xTaskResumeAll                           0x080122c5   Thumb Code   224  tasks.o(i.xTaskResumeAll)
    __aeabi_dneg                             0x080123c9   Thumb Code     0  basic.o(x$fpl$basic)
    _dneg                                    0x080123c9   Thumb Code     6  basic.o(x$fpl$basic)
    __aeabi_fneg                             0x080123cf   Thumb Code     0  basic.o(x$fpl$basic)
    _fneg                                    0x080123cf   Thumb Code     6  basic.o(x$fpl$basic)
    _dabs                                    0x080123d5   Thumb Code     6  basic.o(x$fpl$basic)
    _fabs                                    0x080123db   Thumb Code     6  basic.o(x$fpl$basic)
    __aeabi_d2f                              0x080123e1   Thumb Code     0  d2f.o(x$fpl$d2f)
    _d2f                                     0x080123e1   Thumb Code    98  d2f.o(x$fpl$d2f)
    __aeabi_dadd                             0x08012445   Thumb Code     0  daddsub_clz.o(x$fpl$dadd)
    _dadd                                    0x08012445   Thumb Code   332  daddsub_clz.o(x$fpl$dadd)
    __fpl_dcmp_Inf                           0x08012595   Thumb Code    24  dcmpi.o(x$fpl$dcmpinf)
    __aeabi_ddiv                             0x080125ad   Thumb Code     0  ddiv.o(x$fpl$ddiv)
    _ddiv                                    0x080125ad   Thumb Code   552  ddiv.o(x$fpl$ddiv)
    __aeabi_d2iz                             0x0801285d   Thumb Code     0  dfix.o(x$fpl$dfix)
    _dfix                                    0x0801285d   Thumb Code    94  dfix.o(x$fpl$dfix)
    __aeabi_i2d                              0x080128bb   Thumb Code     0  dflt_clz.o(x$fpl$dflt)
    _dflt                                    0x080128bb   Thumb Code    46  dflt_clz.o(x$fpl$dflt)
    __aeabi_ui2d                             0x080128e9   Thumb Code     0  dflt_clz.o(x$fpl$dfltu)
    _dfltu                                   0x080128e9   Thumb Code    38  dflt_clz.o(x$fpl$dfltu)
    __aeabi_cdcmple                          0x08012911   Thumb Code     0  dleqf.o(x$fpl$dleqf)
    _dcmple                                  0x08012911   Thumb Code   120  dleqf.o(x$fpl$dleqf)
    __fpl_dcmple_InfNaN                      0x08012973   Thumb Code     0  dleqf.o(x$fpl$dleqf)
    __aeabi_dmul                             0x08012989   Thumb Code     0  dmul.o(x$fpl$dmul)
    _dmul                                    0x08012989   Thumb Code   332  dmul.o(x$fpl$dmul)
    __fpl_dnaninf                            0x08012add   Thumb Code   156  dnaninf.o(x$fpl$dnaninf)
    __fpl_dretinf                            0x08012b79   Thumb Code    12  dretinf.o(x$fpl$dretinf)
    __aeabi_cdrcmple                         0x08012b85   Thumb Code     0  drleqf.o(x$fpl$drleqf)
    _drcmple                                 0x08012b85   Thumb Code   108  drleqf.o(x$fpl$drleqf)
    __aeabi_drsub                            0x08012bf1   Thumb Code     0  daddsub_clz.o(x$fpl$drsb)
    _drsb                                    0x08012bf1   Thumb Code    22  daddsub_clz.o(x$fpl$drsb)
    __aeabi_dsub                             0x08012c09   Thumb Code     0  daddsub_clz.o(x$fpl$dsub)
    _dsub                                    0x08012c09   Thumb Code   464  daddsub_clz.o(x$fpl$dsub)
    __aeabi_f2d                              0x08012ddd   Thumb Code     0  f2d.o(x$fpl$f2d)
    _f2d                                     0x08012ddd   Thumb Code    86  f2d.o(x$fpl$f2d)
    __fpl_fnaninf                            0x08012e33   Thumb Code   140  fnaninf.o(x$fpl$fnaninf)
    _fp_init                                 0x08012ebf   Thumb Code    10  fpinit.o(x$fpl$fpinit)
    __fplib_config_fpu_vfp                   0x08012ec7   Thumb Code     0  fpinit.o(x$fpl$fpinit)
    __fplib_config_pureend_doubles           0x08012ec7   Thumb Code     0  fpinit.o(x$fpl$fpinit)
    __fpl_fretinf                            0x08012ec9   Thumb Code    10  fretinf.o(x$fpl$fretinf)
    __I$use$fp                               0x08012ed2   Number         0  usenofp.o(x$fpl$usenofp)
    AHBPrescTable                            0x08012f98   Data          16  system_stm32f4xx.o(.constdata)
    APBPrescTable                            0x08012fa8   Data           8  system_stm32f4xx.o(.constdata)
    CRC8_INIT                                0x08012fe4   Data           1  crc_1.o(.constdata)
    CRC8_TAB                                 0x08012fe5   Data         256  crc_1.o(.constdata)
    wCRC_Table                               0x080130e6   Data         512  crc_1.o(.constdata)
    Region$$Table$$Base                      0x08013464   Number         0  anon$$obj.o(Region$$Table)
    Region$$Table$$Limit                     0x08013484   Number         0  anon$$obj.o(Region$$Table)
    defaultTaskHandle                        0x20000000   Data           4  freertos.o(.data)
    MotorTaskHandle                          0x20000004   Data           4  freertos.o(.data)
    IMU_TASKHandle                           0x20000008   Data           4  freertos.o(.data)
    GimbalTaskHandle                         0x2000000c   Data           4  freertos.o(.data)
    ChassisTaskHandle                        0x20000010   Data           4  freertos.o(.data)
    OutControl_TaskHandle                    0x20000014   Data           4  freertos.o(.data)
    ShowRunningTaskHandle                    0x20000018   Data           4  freertos.o(.data)
    hcrc                                     0x20000020   Data           8  crc.o(.data)
    SystemCoreClock                          0x20000028   Data           4  system_stm32f4xx.o(.data)
    FS_Desc                                  0x2000002c   Data          28  usbd_desc.o(.data)
    USBD_FS_DeviceDesc                       0x20000048   Data          18  usbd_desc.o(.data)
    USBD_LangIDDesc                          0x2000005c   Data           4  usbd_desc.o(.data)
    USBD_StringSerial                        0x20000060   Data          26  usbd_desc.o(.data)
    USBD_Interface_fops_FS                   0x2000007c   Data          20  usbd_cdc_if.o(.data)
    uwTick                                   0x20000090   Data           4  stm32f4xx_hal.o(.data)
    uwTickPrio                               0x20000094   Data           4  stm32f4xx_hal.o(.data)
    uwTickFreq                               0x20000098   Data           1  stm32f4xx_hal.o(.data)
    pxCurrentTCB                             0x2000009c   Data           4  tasks.o(.data)
    USBD_CDC                                 0x20000114   Data          56  usbd_cdc.o(.data)
    BMI088_ACCEL_SEN                         0x20000194   Data           4  bmi088driver.o(.data)
    BMI088_GYRO_SEN                          0x20000198   Data           4  bmi088driver.o(.data)
    gyro_dma_rx_buf                          0x200001c4   Data           8  ins_task.o(.data)
    gyro_dma_tx_buf                          0x200001cc   Data           8  ins_task.o(.data)
    accel_dma_tx_buf                         0x200001d4   Data           9  ins_task.o(.data)
    accel_temp_dma_rx_buf                    0x200001dd   Data           4  ins_task.o(.data)
    accel_temp_dma_tx_buf                    0x200001e1   Data           4  ins_task.o(.data)
    gyro_update_flag                         0x200001e5   Data           1  ins_task.o(.data)
    accel_update_flag                        0x200001e6   Data           1  ins_task.o(.data)
    accel_temp_update_flag                   0x200001e7   Data           1  ins_task.o(.data)
    mag_update_flag                          0x200001e8   Data           1  ins_task.o(.data)
    imu_start_dma_flag                       0x200001e9   Data           1  ins_task.o(.data)
    imu_init_finish_flag                     0x200001ea   Data           1  ins_task.o(.data)
    gimbal_return_finish_flag                0x200001eb   Data           1  ins_task.o(.data)
    gyro_scale_factor                        0x200001ec   Data          36  ins_task.o(.data)
    accel_scale_factor                       0x20000210   Data          36  ins_task.o(.data)
    mag_scale_factor                         0x20000234   Data          36  ins_task.o(.data)
    IMU_kf_result                            0x20000268   Data           4  ins_task.o(.data)
    yaw_add_one_tick                         0x2000026c   Data           4  ins_task.o(.data)
    yaw_offset                               0x20000270   Data           4  ins_task.o(.data)
    pre_tick                                 0x20000274   Data           4  ins_task.o(.data)
    tick                                     0x20000278   Data           4  ins_task.o(.data)
    add_angle_yaw                            0x2000027c   Data           4  ins_task.o(.data)
    count_accel                              0x20000280   Data           4  ins_task.o(.data)
    count_gyro                               0x20000284   Data           4  ins_task.o(.data)
    count_temp                               0x20000288   Data           4  ins_task.o(.data)
    twoKp                                    0x20000294   Data           4  mahonyahrs.o(.data)
    twoKi                                    0x20000298   Data           4  mahonyahrs.o(.data)
    integralFBx                              0x2000029c   Data           4  mahonyahrs.o(.data)
    integralFBy                              0x200002a0   Data           4  mahonyahrs.o(.data)
    integralFBz                              0x200002a4   Data           4  mahonyahrs.o(.data)
    Chassis_Follow_pid                       0x200002a8   Data          12  chassis.o(.data)
    temp1                                    0x200002b4   Data           4  chassis.o(.data)
    temp2                                    0x200002b8   Data           4  chassis.o(.data)
    mintemp1                                 0x200002bc   Data           4  chassis.o(.data)
    robot_id                                 0x200002c0   Data           1  vision.o(.data)
    vision_transmit_buff                     0x200002c1   Data          32  vision.o(.data)
    vision_missing_time                      0x200002e4   Data           4  vision.o(.data)
    check_ok                                 0x200002e8   Data           4  vision.o(.data)
    vision_speed_x                           0x200002ec   Data           4  vision.o(.data)
    vision_speed_y                           0x200002f0   Data           4  vision.o(.data)
    SB_K_comps                               0x200002f4   Data           4  vision.o(.data)
    Vision_Comps_Yaw                         0x200002f8   Data           4  vision.o(.data)
    Vision_Comps_Pitch                       0x200002fc   Data           4  vision.o(.data)
    Vision_Comps_Pitch_Dist                  0x20000300   Data           4  vision.o(.data)
    Vision_Get_New_Data                      0x20000304   Data           1  vision.o(.data)
    Vision_Armor                             0x20000305   Data           1  vision.o(.data)
    robot_type                               0x20000308   Data           1  judge.o(.data)
    Judge_Data_TF                            0x20000309   Data           1  judge.o(.data)
    Judge_Self_ID                            0x2000030a   Data           1  judge.o(.data)
    Judge_SelfClient_ID                      0x2000030c   Data           2  judge.o(.data)
    ShootNum                                 0x2000030e   Data           2  judge.o(.data)
    Shoot2Num                                0x20000310   Data           2  judge.o(.data)
    Hurt_Data_Update                         0x20000312   Data           1  judge.o(.data)
    Hurt_num                                 0x20000314   Data           2  judge.o(.data)
    BulletSpeed                              0x20000318   Data           4  judge.o(.data)
    Send_Color                               0x2000031c   Data           1  judge.o(.data)
    First_Time_Send_Commu                    0x2000031d   Data           1  judge.o(.data)
    send_time                                0x2000031e   Data           2  judge.o(.data)
    Color                                    0x20000320   Data           1  judge.o(.data)
    bullet_speed1                            0x20000324   Data           4  judge.o(.data)
    bullet_speed2                            0x20000328   Data           4  judge.o(.data)
    Last_HP                                  0x2000032c   Data           4  judge.o(.data)
    Now_HP                                   0x20000330   Data           4  judge.o(.data)
    Hurt_Flag                                0x20000334   Data           1  judge.o(.data)
    frame_header                             0x20000338   Data           3  crc_1.o(.data)
    frame_crc_dwLength                       0x2000033c   Data           4  crc_1.o(.data)
    CRC_INIT                                 0x20000340   Data           2  crc_1.o(.data)
    PID_CHASSIS_3508_1_SPEED_K               0x20000344   Data          12  motorctrl.o(.data)
    PID_CHASSIS_3508_2_SPEED_K               0x20000350   Data          12  motorctrl.o(.data)
    PID_CHASSIS_3508_3_SPEED_K               0x2000035c   Data          12  motorctrl.o(.data)
    PID_CHASSIS_3508_4_SPEED_K               0x20000368   Data          12  motorctrl.o(.data)
    PID_YAW_4310_ANGLE_K                     0x20000374   Data          12  motorctrl.o(.data)
    fChasCurrentLimit                        0x20000380   Data           4  motorctrl.o(.data)
    fTotalCurrentLimit                       0x20000384   Data           4  motorctrl.o(.data)
    WARNING_REMAIN_POWER                     0x20000388   Data           4  motorctrl.o(.data)
    chassis_totaloutput                      0x2000038c   Data           4  motorctrl.o(.data)
    Power_Limit_Gain                         0x20000390   Data           4  motorctrl.o(.data)
    Joule_Residue                            0x20000394   Data           4  motorctrl.o(.data)
    judgDataCorrect                          0x20000398   Data           2  motorctrl.o(.data)
    hcan1                                    0x200005f4   Data          40  can.o(.bss)
    hcan2                                    0x2000061c   Data          40  can.o(.bss)
    hi2c3                                    0x20000644   Data          84  i2c.o(.bss)
    hspi1                                    0x20000698   Data          88  spi.o(.bss)
    hdma_spi1_rx                             0x200006f0   Data          96  spi.o(.bss)
    hdma_spi1_tx                             0x20000750   Data          96  spi.o(.bss)
    htim1                                    0x200007b0   Data          72  tim.o(.bss)
    htim10                                   0x200007f8   Data          72  tim.o(.bss)
    htim13                                   0x20000840   Data          72  tim.o(.bss)
    huart1                                   0x20000888   Data          68  usart.o(.bss)
    huart3                                   0x200008cc   Data          68  usart.o(.bss)
    hdma_usart1_rx                           0x20000910   Data          96  usart.o(.bss)
    hdma_usart1_tx                           0x20000970   Data          96  usart.o(.bss)
    hdma_usart3_rx                           0x200009d0   Data          96  usart.o(.bss)
    htim6                                    0x20000a30   Data          72  stm32f4xx_hal_timebase_tim.o(.bss)
    hUsbDeviceFS                             0x20000a78   Data         732  usb_device.o(.bss)
    USBD_StrDesc                             0x20000d54   Data         512  usbd_desc.o(.bss)
    UserRxBufferFS                           0x20000f54   Data        2048  usbd_cdc_if.o(.bss)
    UserTxBufferFS                           0x20001754   Data        2048  usbd_cdc_if.o(.bss)
    hpcd_USB_OTG_FS                          0x20001f54   Data        1292  usbd_conf.o(.bss)
    accel_dma_rx_buf                         0x20006370   Data           9  ins_task.o(.bss)
    bmi088_real_data                         0x2000637c   Data          36  ins_task.o(.bss)
    ist8310_real_data                        0x200063a0   Data          16  ins_task.o(.bss)
    gyro_offset                              0x200063b0   Data          12  ins_task.o(.bss)
    gyro_cali_offset                         0x200063bc   Data          12  ins_task.o(.bss)
    accel_offset                             0x200063c8   Data          12  ins_task.o(.bss)
    accel_cali_offset                        0x200063d4   Data          12  ins_task.o(.bss)
    mag_offset                               0x200063e0   Data          12  ins_task.o(.bss)
    mag_cali_offset                          0x200063ec   Data          12  ins_task.o(.bss)
    accel_fliter_3                           0x20006474   Data          12  ins_task.o(.bss)
    INS_gyro                                 0x20006480   Data          12  ins_task.o(.bss)
    INS_accel                                0x2000648c   Data          12  ins_task.o(.bss)
    INS_mag                                  0x20006498   Data          12  ins_task.o(.bss)
    INS_quat                                 0x200064a4   Data          16  ins_task.o(.bss)
    INS_angle                                0x200064b4   Data          12  ins_task.o(.bss)
    IMU_angle                                0x200064c0   Data          12  ins_task.o(.bss)
    Last_ol                                  0x200064cc   Data          12  ins_task.o(.bss)
    RC_Ctl                                   0x200064d8   Data          28  dbus.o(.bss)
    sbus_rx_buffer                           0x200064f4   Data          18  dbus.o(.bss)
    Gimbal_Data                              0x20006508   Data          24  gimbal.o(.bss)
    Chassis_Data                             0x20006520   Data          36  chassis.o(.bss)
    Chassis_Follow_PID                       0x20006544   Data         100  chassis.o(.bss)
    VisionValue                              0x200065a8   Data          28  vision.o(.bss)
    VisionTransmit                           0x200065c4   Data         216  vision.o(.bss)
    vision_buf                               0x2000669c   Data          32  vision.o(.bss)
    judge_frame_rx                           0x200066bc   Data         460  judge.o(.bss)
    judge_frame_tx                           0x20006888   Data         460  judge.o(.bss)
    receive_student_data                     0x20006a54   Data         113  judge.o(.bss)
    judge_rx_buff                            0x20006ac5   Data        2000  judge.o(.bss)
    CliendTxBuffer                           0x20007295   Data         200  judge.o(.bss)
    TeammateTxBuffer                         0x2000735d   Data         200  judge.o(.bss)
    Motor_3508                               0x20007428   Data         128  dji3508.o(.bss)
    PID_CHASSIS_3508_1_SPEED                 0x200074a8   Data         100  motorctrl.o(.bss)
    PID_CHASSIS_3508_2_SPEED                 0x2000750c   Data         100  motorctrl.o(.bss)
    PID_CHASSIS_3508_3_SPEED                 0x20007570   Data         100  motorctrl.o(.bss)
    PID_CHASSIS_3508_4_SPEED                 0x200075d4   Data         100  motorctrl.o(.bss)
    PID_YAW_4310_SPEED                       0x20007638   Data         100  motorctrl.o(.bss)
    PID_YAW_4310_ANGLE                       0x2000769c   Data         100  motorctrl.o(.bss)
    PID_YAW_4310_SPEED_K                     0x20007700   Data          12  motorctrl.o(.bss)
    Motor_4310                               0x2000770c   Data          60  dm4310.o(.bss)
    __libspace_start                         0x20007748   Data          96  libspace.o(.bss)
    __temporary_stack_top$libspace           0x200077a8   Data           0  libspace.o(.bss)



==============================================================================

Memory Map of the image

  Image Entry point : 0x08000189

  Load Region LR_IROM1 (Base: 0x08000000, Size: 0x00013824, Max: 0x00100000, ABSOLUTE, COMPRESSED[0x000135e0])

    Execution Region ER_IROM1 (Base: 0x08000000, Size: 0x00013484, Max: 0x00100000, ABSOLUTE)

    Base Addr    Size         Type   Attr      Idx    E Section Name        Object

    0x08000000   0x00000188   Data   RO            3    RESET               startup_stm32f407xx.o
    0x08000188   0x00000008   Code   RO         9007  * !!!main             c_w.l(__main.o)
    0x08000190   0x00000034   Code   RO         9381    !!!scatter          c_w.l(__scatter.o)
    0x080001c4   0x0000005a   Code   RO         9379    !!dczerorl2         c_w.l(__dczerorl2.o)
    0x0800021e   0x00000002   PAD
    0x08000220   0x0000001c   Code   RO         9383    !!handler_zi        c_w.l(__scatter_zi.o)
    0x0800023c   0x00000002   Code   RO         9252    .ARM.Collect$$libinit$$00000000  c_w.l(libinit.o)
    0x0800023e   0x00000004   Code   RO         9261    .ARM.Collect$$libinit$$00000001  c_w.l(libinit2.o)
    0x08000242   0x00000000   Code   RO         9264    .ARM.Collect$$libinit$$00000004  c_w.l(libinit2.o)
    0x08000242   0x00000000   Code   RO         9267    .ARM.Collect$$libinit$$0000000A  c_w.l(libinit2.o)
    0x08000242   0x00000000   Code   RO         9269    .ARM.Collect$$libinit$$0000000C  c_w.l(libinit2.o)
    0x08000242   0x00000000   Code   RO         9271    .ARM.Collect$$libinit$$0000000E  c_w.l(libinit2.o)
    0x08000242   0x00000000   Code   RO         9274    .ARM.Collect$$libinit$$00000011  c_w.l(libinit2.o)
    0x08000242   0x00000000   Code   RO         9276    .ARM.Collect$$libinit$$00000013  c_w.l(libinit2.o)
    0x08000242   0x00000000   Code   RO         9278    .ARM.Collect$$libinit$$00000015  c_w.l(libinit2.o)
    0x08000242   0x00000000   Code   RO         9280    .ARM.Collect$$libinit$$00000017  c_w.l(libinit2.o)
    0x08000242   0x00000000   Code   RO         9282    .ARM.Collect$$libinit$$00000019  c_w.l(libinit2.o)
    0x08000242   0x00000000   Code   RO         9284    .ARM.Collect$$libinit$$0000001B  c_w.l(libinit2.o)
    0x08000242   0x00000000   Code   RO         9286    .ARM.Collect$$libinit$$0000001D  c_w.l(libinit2.o)
    0x08000242   0x00000000   Code   RO         9288    .ARM.Collect$$libinit$$0000001F  c_w.l(libinit2.o)
    0x08000242   0x00000000   Code   RO         9290    .ARM.Collect$$libinit$$00000021  c_w.l(libinit2.o)
    0x08000242   0x00000000   Code   RO         9292    .ARM.Collect$$libinit$$00000023  c_w.l(libinit2.o)
    0x08000242   0x00000000   Code   RO         9294    .ARM.Collect$$libinit$$00000025  c_w.l(libinit2.o)
    0x08000242   0x00000000   Code   RO         9298    .ARM.Collect$$libinit$$0000002C  c_w.l(libinit2.o)
    0x08000242   0x00000000   Code   RO         9300    .ARM.Collect$$libinit$$0000002E  c_w.l(libinit2.o)
    0x08000242   0x00000000   Code   RO         9302    .ARM.Collect$$libinit$$00000030  c_w.l(libinit2.o)
    0x08000242   0x00000000   Code   RO         9304    .ARM.Collect$$libinit$$00000032  c_w.l(libinit2.o)
    0x08000242   0x00000002   Code   RO         9305    .ARM.Collect$$libinit$$00000033  c_w.l(libinit2.o)
    0x08000244   0x00000002   Code   RO         9336    .ARM.Collect$$libshutdown$$00000000  c_w.l(libshutdown.o)
    0x08000246   0x00000000   Code   RO         9362    .ARM.Collect$$libshutdown$$00000002  c_w.l(libshutdown2.o)
    0x08000246   0x00000000   Code   RO         9364    .ARM.Collect$$libshutdown$$00000004  c_w.l(libshutdown2.o)
    0x08000246   0x00000000   Code   RO         9367    .ARM.Collect$$libshutdown$$00000007  c_w.l(libshutdown2.o)
    0x08000246   0x00000000   Code   RO         9370    .ARM.Collect$$libshutdown$$0000000A  c_w.l(libshutdown2.o)
    0x08000246   0x00000000   Code   RO         9372    .ARM.Collect$$libshutdown$$0000000C  c_w.l(libshutdown2.o)
    0x08000246   0x00000000   Code   RO         9375    .ARM.Collect$$libshutdown$$0000000F  c_w.l(libshutdown2.o)
    0x08000246   0x00000002   Code   RO         9376    .ARM.Collect$$libshutdown$$00000010  c_w.l(libshutdown2.o)
    0x08000248   0x00000000   Code   RO         9103    .ARM.Collect$$rtentry$$00000000  c_w.l(__rtentry.o)
    0x08000248   0x00000000   Code   RO         9201    .ARM.Collect$$rtentry$$00000002  c_w.l(__rtentry2.o)
    0x08000248   0x00000006   Code   RO         9213    .ARM.Collect$$rtentry$$00000004  c_w.l(__rtentry4.o)
    0x0800024e   0x00000000   Code   RO         9203    .ARM.Collect$$rtentry$$00000009  c_w.l(__rtentry2.o)
    0x0800024e   0x00000004   Code   RO         9204    .ARM.Collect$$rtentry$$0000000A  c_w.l(__rtentry2.o)
    0x08000252   0x00000000   Code   RO         9206    .ARM.Collect$$rtentry$$0000000C  c_w.l(__rtentry2.o)
    0x08000252   0x00000008   Code   RO         9207    .ARM.Collect$$rtentry$$0000000D  c_w.l(__rtentry2.o)
    0x0800025a   0x00000002   Code   RO         9253    .ARM.Collect$$rtexit$$00000000  c_w.l(rtexit.o)
    0x0800025c   0x00000000   Code   RO         9309    .ARM.Collect$$rtexit$$00000002  c_w.l(rtexit2.o)
    0x0800025c   0x00000004   Code   RO         9310    .ARM.Collect$$rtexit$$00000003  c_w.l(rtexit2.o)
    0x08000260   0x00000006   Code   RO         9311    .ARM.Collect$$rtexit$$00000004  c_w.l(rtexit2.o)
    0x08000266   0x00000002   PAD
    0x08000268   0x000000be   Code   RO         6888    .emb_text           port.o
    0x08000326   0x00000002   PAD
    0x08000328   0x00000040   Code   RO            4    .text               startup_stm32f407xx.o
    0x08000368   0x000000ee   Code   RO         8991    .text               c_w.l(lludivv7m.o)
    0x08000456   0x0000003e   Code   RO         8993    .text               c_w.l(strlen.o)
    0x08000494   0x0000008a   Code   RO         8995    .text               c_w.l(rt_memcpy_v6.o)
    0x0800051e   0x00000064   Code   RO         8997    .text               c_w.l(rt_memcpy_w.o)
    0x08000582   0x00000044   Code   RO         9001    .text               c_w.l(rt_memclr.o)
    0x080005c6   0x0000004e   Code   RO         9003    .text               c_w.l(rt_memclr_w.o)
    0x08000614   0x00000006   Code   RO         9005    .text               c_w.l(heapauxi.o)
    0x0800061a   0x00000016   Code   RO         9108    .text               c_w.l(_rserrno.o)
    0x08000630   0x00000008   Code   RO         9220    .text               c_w.l(rt_errno_addr_intlibspace.o)
    0x08000638   0x00000008   Code   RO         9236    .text               c_w.l(libspace.o)
    0x08000640   0x0000004a   Code   RO         9239    .text               c_w.l(sys_stackheap_outer.o)
    0x0800068a   0x00000012   Code   RO         9241    .text               c_w.l(exit.o)
    0x0800069c   0x0000000c   Code   RO         9306    .text               c_w.l(sys_exit.o)
    0x080006a8   0x00000002   Code   RO         9325    .text               c_w.l(use_no_semi.o)
    0x080006aa   0x00000000   Code   RO         9327    .text               c_w.l(indicate_semi.o)
    0x080006aa   0x00000002   PAD
    0x080006ac   0x00000028   Code   RO         7931    i.AHRS_init         ins_task.o
    0x080006d4   0x00000052   Code   RO         7932    i.AHRS_update       ins_task.o
    0x08000726   0x00000002   PAD
    0x08000728   0x00000014   Code   RO         7772    i.BMI088_ACCEL_NS_H  bmi088middleware.o
    0x0800073c   0x00000014   Code   RO         7773    i.BMI088_ACCEL_NS_L  bmi088middleware.o
    0x08000750   0x00000002   Code   RO         7774    i.BMI088_GPIO_init  bmi088middleware.o
    0x08000752   0x00000002   PAD
    0x08000754   0x00000014   Code   RO         7775    i.BMI088_GYRO_NS_H  bmi088middleware.o
    0x08000768   0x00000014   Code   RO         7776    i.BMI088_GYRO_NS_L  bmi088middleware.o
    0x0800077c   0x00000090   Code   RO         7555    i.BMI088_accel_read_over  bmi088driver.o
    0x0800080c   0x00000002   Code   RO         7777    i.BMI088_com_init   bmi088middleware.o
    0x0800080e   0x0000000c   Code   RO         7778    i.BMI088_delay_ms   bmi088middleware.o
    0x0800081a   0x0000000c   Code   RO         7779    i.BMI088_delay_us   bmi088middleware.o
    0x08000826   0x00000002   PAD
    0x08000828   0x00000068   Code   RO         7556    i.BMI088_gyro_read_over  bmi088driver.o
    0x08000890   0x00000034   Code   RO         7557    i.BMI088_init       bmi088driver.o
    0x080008c4   0x0000017c   Code   RO         7558    i.BMI088_read       bmi088driver.o
    0x08000a40   0x00000026   Code   RO         7561    i.BMI088_read_muli_reg  bmi088driver.o
    0x08000a66   0x00000018   Code   RO         7562    i.BMI088_read_single_reg  bmi088driver.o
    0x08000a7e   0x00000002   PAD
    0x08000a80   0x00000020   Code   RO         7780    i.BMI088_read_write_byte  bmi088middleware.o
    0x08000aa0   0x00000034   Code   RO         7563    i.BMI088_temperature_read_over  bmi088driver.o
    0x08000ad4   0x00000014   Code   RO         7564    i.BMI088_write_single_reg  bmi088driver.o
    0x08000ae8   0x00000004   Code   RO          762    i.BusFault_Handler  stm32f4xx_it.o
    0x08000aec   0x00000010   Code   RO          763    i.CAN1_RX0_IRQHandler  stm32f4xx_it.o
    0x08000afc   0x00000010   Code   RO          764    i.CAN2_RX0_IRQHandler  stm32f4xx_it.o
    0x08000b0c   0x00000044   Code   RO         8771    i.CAN_Init          global_can.o
    0x08000b50   0x00000044   Code   RO         1130    i.CDC_Control_FS    usbd_cdc_if.o
    0x08000b94   0x00000004   Code   RO         1131    i.CDC_DeInit_FS     usbd_cdc_if.o
    0x08000b98   0x00000024   Code   RO         1132    i.CDC_Init_FS       usbd_cdc_if.o
    0x08000bbc   0x0000003c   Code   RO         1133    i.CDC_Receive_FS    usbd_cdc_if.o
    0x08000bf8   0x0000000c   Code   RO         1134    i.CDC_TransmitCplt_FS  usbd_cdc_if.o
    0x08000c04   0x00000038   Code   RO         1135    i.CDC_Transmit_FS   usbd_cdc_if.o
    0x08000c3c   0x00000010   Code   RO          765    i.DMA1_Stream1_IRQHandler  stm32f4xx_it.o
    0x08000c4c   0x00000014   Code   RO          766    i.DMA2_Stream2_IRQHandler  stm32f4xx_it.o
    0x08000c60   0x00000010   Code   RO          767    i.DMA2_Stream3_IRQHandler  stm32f4xx_it.o
    0x08000c70   0x00000010   Code   RO          768    i.DMA2_Stream5_IRQHandler  stm32f4xx_it.o
    0x08000c80   0x00000010   Code   RO          769    i.DMA2_Stream7_IRQHandler  stm32f4xx_it.o
    0x08000c90   0x00000034   Code   RO         2498    i.DMA_CalcBaseAndBitshift  stm32f4xx_hal_dma.o
    0x08000cc4   0x000000aa   Code   RO         2499    i.DMA_CheckFifoParam  stm32f4xx_hal_dma.o
    0x08000d6e   0x0000002c   Code   RO         2500    i.DMA_SetConfig     stm32f4xx_hal_dma.o
    0x08000d9a   0x00000002   Code   RO          770    i.DebugMon_Handler  stm32f4xx_it.o
    0x08000d9c   0x0000000a   Code   RO          771    i.EXTI0_IRQHandler  stm32f4xx_it.o
    0x08000da6   0x0000000a   Code   RO          772    i.EXTI1_IRQHandler  stm32f4xx_it.o
    0x08000db0   0x0000000a   Code   RO          773    i.EXTI3_IRQHandler  stm32f4xx_it.o
    0x08000dba   0x0000000a   Code   RO          774    i.EXTI4_IRQHandler  stm32f4xx_it.o
    0x08000dc4   0x0000000a   Code   RO          775    i.EXTI9_5_IRQHandler  stm32f4xx_it.o
    0x08000dce   0x00000006   Code   RO           13    i.Error_Handler     main.o
    0x08000dd4   0x00000034   Code   RO         8715    i.Get_CRC16_Check_Sum  crc_1.o
    0x08000e08   0x00000024   Code   RO         8716    i.Get_CRC8_Check_Sum  crc_1.o
    0x08000e2c   0x00000034   Code   RO         1040    i.Get_SerialNum     usbd_desc.o
    0x08000e60   0x00000156   Code   RO         3178    i.HAL_CAN_AddTxMessage  stm32f4xx_hal_can.o
    0x08000fb6   0x00000002   PAD
    0x08000fb8   0x00000124   Code   RO         3179    i.HAL_CAN_ConfigFilter  stm32f4xx_hal_can.o
    0x080010dc   0x00000002   Code   RO         3182    i.HAL_CAN_ErrorCallback  stm32f4xx_hal_can.o
    0x080010de   0x0000017a   Code   RO         3185    i.HAL_CAN_GetRxMessage  stm32f4xx_hal_can.o
    0x08001258   0x00000036   Code   RO         3187    i.HAL_CAN_GetTxMailboxesFreeLevel  stm32f4xx_hal_can.o
    0x0800128e   0x0000024e   Code   RO         3189    i.HAL_CAN_IRQHandler  stm32f4xx_hal_can.o
    0x080014dc   0x00000174   Code   RO         3190    i.HAL_CAN_Init      stm32f4xx_hal_can.o
    0x08001650   0x00000160   Code   RO          407    i.HAL_CAN_MspInit   can.o
    0x080017b0   0x00000002   Code   RO         3197    i.HAL_CAN_RxFifo0FullCallback  stm32f4xx_hal_can.o
    0x080017b2   0x00000002   PAD
    0x080017b4   0x00000094   Code   RO         8772    i.HAL_CAN_RxFifo0MsgPendingCallback  global_can.o
    0x08001848   0x00000002   Code   RO         3199    i.HAL_CAN_RxFifo1FullCallback  stm32f4xx_hal_can.o
    0x0800184a   0x00000002   Code   RO         3200    i.HAL_CAN_RxFifo1MsgPendingCallback  stm32f4xx_hal_can.o
    0x0800184c   0x00000002   Code   RO         3201    i.HAL_CAN_SleepCallback  stm32f4xx_hal_can.o
    0x0800184e   0x0000005e   Code   RO         3202    i.HAL_CAN_Start     stm32f4xx_hal_can.o
    0x080018ac   0x00000002   Code   RO         3204    i.HAL_CAN_TxMailbox0AbortCallback  stm32f4xx_hal_can.o
    0x080018ae   0x00000002   Code   RO         3205    i.HAL_CAN_TxMailbox0CompleteCallback  stm32f4xx_hal_can.o
    0x080018b0   0x00000002   Code   RO         3206    i.HAL_CAN_TxMailbox1AbortCallback  stm32f4xx_hal_can.o
    0x080018b2   0x00000002   Code   RO         3207    i.HAL_CAN_TxMailbox1CompleteCallback  stm32f4xx_hal_can.o
    0x080018b4   0x00000002   Code   RO         3208    i.HAL_CAN_TxMailbox2AbortCallback  stm32f4xx_hal_can.o
    0x080018b6   0x00000002   Code   RO         3209    i.HAL_CAN_TxMailbox2CompleteCallback  stm32f4xx_hal_can.o
    0x080018b8   0x00000002   Code   RO         3211    i.HAL_CAN_WakeUpFromRxMsgCallback  stm32f4xx_hal_can.o
    0x080018ba   0x00000020   Code   RO         3414    i.HAL_CRC_Init      stm32f4xx_hal_crc.o
    0x080018da   0x00000002   PAD
    0x080018dc   0x00000034   Code   RO          456    i.HAL_CRC_MspInit   crc.o
    0x08001910   0x000000ac   Code   RO         2501    i.HAL_DMA_Abort     stm32f4xx_hal_dma.o
    0x080019bc   0x00000028   Code   RO         2502    i.HAL_DMA_Abort_IT  stm32f4xx_hal_dma.o
    0x080019e4   0x00000240   Code   RO         2506    i.HAL_DMA_IRQHandler  stm32f4xx_hal_dma.o
    0x08001c24   0x000000ec   Code   RO         2507    i.HAL_DMA_Init      stm32f4xx_hal_dma.o
    0x08001d10   0x00000066   Code   RO         2510    i.HAL_DMA_Start     stm32f4xx_hal_dma.o
    0x08001d76   0x00000092   Code   RO         2511    i.HAL_DMA_Start_IT  stm32f4xx_hal_dma.o
    0x08001e08   0x00000028   Code   RO         2925    i.HAL_Delay         stm32f4xx_hal.o
    0x08001e30   0x000000d8   Code   RO         7933    i.HAL_GPIO_EXTI_Callback  ins_task.o
    0x08001f08   0x0000001c   Code   RO         2393    i.HAL_GPIO_EXTI_IRQHandler  stm32f4xx_hal_gpio.o
    0x08001f24   0x000001f4   Code   RO         2394    i.HAL_GPIO_Init     stm32f4xx_hal_gpio.o
    0x08002118   0x0000000c   Code   RO         2398    i.HAL_GPIO_WritePin  stm32f4xx_hal_gpio.o
    0x08002124   0x0000000c   Code   RO         2931    i.HAL_GetTick       stm32f4xx_hal.o
    0x08002130   0x000001d0   Code   RO         3481    i.HAL_I2C_Init      stm32f4xx_hal_i2c.o
    0x08002300   0x000002f4   Code   RO         3499    i.HAL_I2C_Mem_Read  stm32f4xx_hal_i2c.o
    0x080025f4   0x00000164   Code   RO         3502    i.HAL_I2C_Mem_Write  stm32f4xx_hal_i2c.o
    0x08002758   0x000000c8   Code   RO          559    i.HAL_I2C_MspInit   i2c.o
    0x08002820   0x00000018   Code   RO         2937    i.HAL_IncTick       stm32f4xx_hal.o
    0x08002838   0x0000003c   Code   RO         2938    i.HAL_Init          stm32f4xx_hal.o
    0x08002874   0x000000b4   Code   RO          953    i.HAL_InitTick      stm32f4xx_hal_timebase_tim.o
    0x08002928   0x00000054   Code   RO          929    i.HAL_MspInit       stm32f4xx_hal_msp.o
    0x0800297c   0x00000020   Code   RO         2783    i.HAL_NVIC_EnableIRQ  stm32f4xx_hal_cortex.o
    0x0800299c   0x0000007c   Code   RO         2789    i.HAL_NVIC_SetPriority  stm32f4xx_hal_cortex.o
    0x08002a18   0x00000028   Code   RO         2790    i.HAL_NVIC_SetPriorityGrouping  stm32f4xx_hal_cortex.o
    0x08002a40   0x00000002   Code   RO         1642    i.HAL_PCDEx_LPM_Callback  stm32f4xx_hal_pcd_ex.o
    0x08002a42   0x0000000a   Code   RO         1643    i.HAL_PCDEx_SetRxFiFo  stm32f4xx_hal_pcd_ex.o
    0x08002a4c   0x0000004e   Code   RO         1644    i.HAL_PCDEx_SetTxFiFo  stm32f4xx_hal_pcd_ex.o
    0x08002a9a   0x0000000e   Code   RO         1191    i.HAL_PCD_ConnectCallback  usbd_conf.o
    0x08002aa8   0x00000020   Code   RO         1192    i.HAL_PCD_DataInStageCallback  usbd_conf.o
    0x08002ac8   0x00000020   Code   RO         1193    i.HAL_PCD_DataOutStageCallback  usbd_conf.o
    0x08002ae8   0x0000000e   Code   RO         1194    i.HAL_PCD_DisconnectCallback  usbd_conf.o
    0x08002af6   0x00000042   Code   RO         1407    i.HAL_PCD_EP_Abort  stm32f4xx_hal_pcd.o
    0x08002b38   0x0000006a   Code   RO         1408    i.HAL_PCD_EP_Close  stm32f4xx_hal_pcd.o
    0x08002ba2   0x0000007c   Code   RO         1409    i.HAL_PCD_EP_ClrStall  stm32f4xx_hal_pcd.o
    0x08002c1e   0x00000016   Code   RO         1411    i.HAL_PCD_EP_GetRxCount  stm32f4xx_hal_pcd.o
    0x08002c34   0x0000008c   Code   RO         1412    i.HAL_PCD_EP_Open   stm32f4xx_hal_pcd.o
    0x08002cc0   0x00000058   Code   RO         1413    i.HAL_PCD_EP_Receive  stm32f4xx_hal_pcd.o
    0x08002d18   0x0000008a   Code   RO         1414    i.HAL_PCD_EP_SetStall  stm32f4xx_hal_pcd.o
    0x08002da2   0x0000005a   Code   RO         1415    i.HAL_PCD_EP_Transmit  stm32f4xx_hal_pcd.o
    0x08002dfc   0x000006ca   Code   RO         1417    i.HAL_PCD_IRQHandler  stm32f4xx_hal_pcd.o
    0x080034c6   0x00000012   Code   RO         1195    i.HAL_PCD_ISOINIncompleteCallback  usbd_conf.o
    0x080034d8   0x00000012   Code   RO         1196    i.HAL_PCD_ISOOUTIncompleteCallback  usbd_conf.o
    0x080034ea   0x00000166   Code   RO         1420    i.HAL_PCD_Init      stm32f4xx_hal_pcd.o
    0x08003650   0x000000a8   Code   RO         1198    i.HAL_PCD_MspInit   usbd_conf.o
    0x080036f8   0x00000030   Code   RO         1199    i.HAL_PCD_ResetCallback  usbd_conf.o
    0x08003728   0x0000000e   Code   RO         1200    i.HAL_PCD_ResumeCallback  usbd_conf.o
    0x08003736   0x0000000e   Code   RO         1201    i.HAL_PCD_SOFCallback  usbd_conf.o
    0x08003744   0x00000036   Code   RO         1426    i.HAL_PCD_SetAddress  stm32f4xx_hal_pcd.o
    0x0800377a   0x00000012   Code   RO         1202    i.HAL_PCD_SetupStageCallback  usbd_conf.o
    0x0800378c   0x0000004a   Code   RO         1429    i.HAL_PCD_Start     stm32f4xx_hal_pcd.o
    0x080037d6   0x00000002   PAD
    0x080037d8   0x00000034   Code   RO         1203    i.HAL_PCD_SuspendCallback  usbd_conf.o
    0x0800380c   0x00000184   Code   RO         1995    i.HAL_RCC_ClockConfig  stm32f4xx_hal_rcc.o
    0x08003990   0x00000044   Code   RO         1999    i.HAL_RCC_GetClockConfig  stm32f4xx_hal_rcc.o
    0x080039d4   0x0000000c   Code   RO         2000    i.HAL_RCC_GetHCLKFreq  stm32f4xx_hal_rcc.o
    0x080039e0   0x00000020   Code   RO         2002    i.HAL_RCC_GetPCLK1Freq  stm32f4xx_hal_rcc.o
    0x08003a00   0x00000020   Code   RO         2003    i.HAL_RCC_GetPCLK2Freq  stm32f4xx_hal_rcc.o
    0x08003a20   0x000000b0   Code   RO         2004    i.HAL_RCC_GetSysClockFreq  stm32f4xx_hal_rcc.o
    0x08003ad0   0x0000049c   Code   RO         2007    i.HAL_RCC_OscConfig  stm32f4xx_hal_rcc.o
    0x08003f6c   0x000000c8   Code   RO         3971    i.HAL_SPI_Init      stm32f4xx_hal_spi.o
    0x08004034   0x00000174   Code   RO          601    i.HAL_SPI_MspInit   spi.o
    0x080041a8   0x0000022a   Code   RO         3980    i.HAL_SPI_TransmitReceive  stm32f4xx_hal_spi.o
    0x080043d2   0x00000002   Code   RO         4999    i.HAL_TIMEx_BreakCallback  stm32f4xx_hal_tim_ex.o
    0x080043d4   0x00000002   Code   RO         5000    i.HAL_TIMEx_CommutCallback  stm32f4xx_hal_tim_ex.o
    0x080043d6   0x00000074   Code   RO         5002    i.HAL_TIMEx_ConfigBreakDeadTime  stm32f4xx_hal_tim_ex.o
    0x0800444a   0x00000002   PAD
    0x0800444c   0x000000b4   Code   RO         5018    i.HAL_TIMEx_MasterConfigSynchronization  stm32f4xx_hal_tim_ex.o
    0x08004500   0x00000066   Code   RO         4284    i.HAL_TIM_Base_Init  stm32f4xx_hal_tim.o
    0x08004566   0x00000002   PAD
    0x08004568   0x00000078   Code   RO          643    i.HAL_TIM_Base_MspInit  tim.o
    0x080045e0   0x000000a8   Code   RO         4289    i.HAL_TIM_Base_Start_IT  stm32f4xx_hal_tim.o
    0x08004688   0x00000002   Code   RO         4318    i.HAL_TIM_IC_CaptureCallback  stm32f4xx_hal_tim.o
    0x0800468a   0x00000196   Code   RO         4332    i.HAL_TIM_IRQHandler  stm32f4xx_hal_tim.o
    0x08004820   0x000000ac   Code   RO          644    i.HAL_TIM_MspPostInit  tim.o
    0x080048cc   0x00000002   Code   RO         4335    i.HAL_TIM_OC_DelayElapsedCallback  stm32f4xx_hal_tim.o
    0x080048ce   0x00000104   Code   RO         4356    i.HAL_TIM_PWM_ConfigChannel  stm32f4xx_hal_tim.o
    0x080049d2   0x00000066   Code   RO         4359    i.HAL_TIM_PWM_Init  stm32f4xx_hal_tim.o
    0x08004a38   0x00000034   Code   RO          646    i.HAL_TIM_PWM_MspInit  tim.o
    0x08004a6c   0x00000002   Code   RO         4362    i.HAL_TIM_PWM_PulseFinishedCallback  stm32f4xx_hal_tim.o
    0x08004a6e   0x00000002   PAD
    0x08004a70   0x00000034   Code   RO           14    i.HAL_TIM_PeriodElapsedCallback  main.o
    0x08004aa4   0x00000002   Code   RO         4375    i.HAL_TIM_TriggerCallback  stm32f4xx_hal_tim.o
    0x08004aa6   0x00000002   Code   RO         5277    i.HAL_UARTEx_RxEventCallback  stm32f4xx_hal_uart.o
    0x08004aa8   0x0000008a   Code   RO         5289    i.HAL_UART_DMAStop  stm32f4xx_hal_uart.o
    0x08004b32   0x00000002   Code   RO         5291    i.HAL_UART_ErrorCallback  stm32f4xx_hal_uart.o
    0x08004b34   0x000002e0   Code   RO         5294    i.HAL_UART_IRQHandler  stm32f4xx_hal_uart.o
    0x08004e14   0x00000072   Code   RO         5295    i.HAL_UART_Init     stm32f4xx_hal_uart.o
    0x08004e86   0x00000002   PAD
    0x08004e88   0x00000234   Code   RO          715    i.HAL_UART_MspInit  usart.o
    0x080050bc   0x00000042   Code   RO         5299    i.HAL_UART_Receive_DMA  stm32f4xx_hal_uart.o
    0x080050fe   0x00000002   Code   RO         5301    i.HAL_UART_RxCpltCallback  stm32f4xx_hal_uart.o
    0x08005100   0x00000002   Code   RO         5302    i.HAL_UART_RxHalfCpltCallback  stm32f4xx_hal_uart.o
    0x08005102   0x00000002   Code   RO         5306    i.HAL_UART_TxCpltCallback  stm32f4xx_hal_uart.o
    0x08005104   0x00000064   Code   RO         8855    i.Handle_Angle360_PID_Over_Zero  motorctrl.o
    0x08005168   0x00000004   Code   RO          776    i.HardFault_Handler  stm32f4xx_it.o
    0x0800516c   0x0000003e   Code   RO         3524    i.I2C_IsAcknowledgeFailed  stm32f4xx_hal_i2c.o
    0x080051aa   0x00000002   PAD
    0x080051ac   0x00000160   Code   RO         3535    i.I2C_RequestMemoryRead  stm32f4xx_hal_i2c.o
    0x0800530c   0x000000e0   Code   RO         3536    i.I2C_RequestMemoryWrite  stm32f4xx_hal_i2c.o
    0x080053ec   0x0000005c   Code   RO         3544    i.I2C_WaitOnBTFFlagUntilTimeout  stm32f4xx_hal_i2c.o
    0x08005448   0x00000086   Code   RO         3545    i.I2C_WaitOnFlagUntilTimeout  stm32f4xx_hal_i2c.o
    0x080054ce   0x000000c4   Code   RO         3546    i.I2C_WaitOnMasterAddressFlagUntilTimeout  stm32f4xx_hal_i2c.o
    0x08005592   0x00000080   Code   RO         3547    i.I2C_WaitOnRXNEFlagUntilTimeout  stm32f4xx_hal_i2c.o
    0x08005612   0x0000005c   Code   RO         3550    i.I2C_WaitOnTXEFlagUntilTimeout  stm32f4xx_hal_i2c.o
    0x0800566e   0x00000002   PAD
    0x08005670   0x00000124   Code   RO         7934    i.IMU_InitArgument  ins_task.o
    0x08005794   0x000002d0   Code   RO         7936    i.INS_task          ins_task.o
    0x08005a64   0x0000003e   Code   RO         1041    i.IntToUnicode      usbd_desc.o
    0x08005aa2   0x00000002   PAD
    0x08005aa4   0x00000014   Code   RO         8536    i.JUDGE_Remaining   judge.o
    0x08005ab8   0x0000000c   Code   RO         8538    i.JUDGE_fGetRemainEnergy  judge.o
    0x08005ac4   0x0000000c   Code   RO         8539    i.JUDGE_sGetDataState  judge.o
    0x08005ad0   0x0000000c   Code   RO         8544    i.JUDGE_usGetRemoteHeat17_1  judge.o
    0x08005adc   0x0000000c   Code   RO         8545    i.JUDGE_usGetRemoteHeat17_2  judge.o
    0x08005ae8   0x00000064   Code   RO         8549    i.Judge_Communication_Init  judge.o
    0x08005b4c   0x00000328   Code   RO         8551    i.Judge_Read_Data   judge.o
    0x08005e74   0x00000044   Code   RO          408    i.MX_CAN1_Init      can.o
    0x08005eb8   0x00000044   Code   RO          409    i.MX_CAN2_Init      can.o
    0x08005efc   0x00000020   Code   RO          457    i.MX_CRC_Init       crc.o
    0x08005f1c   0x00000098   Code   RO          497    i.MX_DMA_Init       dma.o
    0x08005fb4   0x000000d0   Code   RO          321    i.MX_FREERTOS_Init  freertos.o
    0x08006084   0x00000268   Code   RO          296    i.MX_GPIO_Init      gpio.o
    0x080062ec   0x0000003c   Code   RO          560    i.MX_I2C3_Init      i2c.o
    0x08006328   0x00000048   Code   RO          602    i.MX_SPI1_Init      spi.o
    0x08006370   0x0000006c   Code   RO          647    i.MX_TIM10_Init     tim.o
    0x080063dc   0x00000034   Code   RO          648    i.MX_TIM13_Init     tim.o
    0x08006410   0x000000b0   Code   RO          649    i.MX_TIM1_Init      tim.o
    0x080064c0   0x00000038   Code   RO          716    i.MX_USART1_UART_Init  usart.o
    0x080064f8   0x00000040   Code   RO          717    i.MX_USART3_UART_Init  usart.o
    0x08006538   0x0000004c   Code   RO          992    i.MX_USB_DEVICE_Init  usb_device.o
    0x08006584   0x000002fc   Code   RO         8176    i.MahonyAHRSupdateIMU  mahonyahrs.o
    0x08006880   0x00000004   Code   RO          777    i.MemManage_Handler  stm32f4xx_it.o
    0x08006884   0x00000038   Code   RO         8819    i.Motor_3508_receive  dji3508.o
    0x080068bc   0x00000084   Code   RO         8820    i.Motor_3508_send   dji3508.o
    0x08006940   0x000000b8   Code   RO         8935    i.Motor_4310_receive  dm4310.o
    0x080069f8   0x00000120   Code   RO         8936    i.Motor_4310_send   dm4310.o
    0x08006b18   0x00000060   Code   RO         8937    i.Motor_4310_start  dm4310.o
    0x08006b78   0x00000348   Code   RO         8858    i.Motor_Ctrl        motorctrl.o
    0x08006ec0   0x00000140   Code   RO         8859    i.Motor_PID_Init    motorctrl.o
    0x08007000   0x00000004   Code   RO          778    i.NMI_Handler       stm32f4xx_it.o
    0x08007004   0x00000010   Code   RO          779    i.OTG_FS_IRQHandler  stm32f4xx_it.o
    0x08007014   0x0000000a   Code   RO          322    i.OutControl_Fun    freertos.o
    0x0800701e   0x00000002   PAD
    0x08007020   0x00000064   Code   RO         1433    i.PCD_EP_OutSetupPacket_int  stm32f4xx_hal_pcd.o
    0x08007084   0x00000144   Code   RO         1434    i.PCD_EP_OutXfrComplete_int  stm32f4xx_hal_pcd.o
    0x080071c8   0x000000b6   Code   RO         1435    i.PCD_WriteEmptyTxFifo  stm32f4xx_hal_pcd.o
    0x0800727e   0x00000002   PAD
    0x08007280   0x000000a0   Code   RO         8326    i.Robot_Mode_Select  chassis.o
    0x08007320   0x0000273c   Code   RO         7897    i.SPI1_DMA_enable   bsp_spi.o
    0x08009a5c   0x00000180   Code   RO         7898    i.SPI1_DMA_init     bsp_spi.o
    0x08009bdc   0x0000006c   Code   RO         4009    i.SPI_EndRxTxTransaction  stm32f4xx_hal_spi.o
    0x08009c48   0x000000d8   Code   RO         4014    i.SPI_WaitFlagStateUntilTimeout  stm32f4xx_hal_spi.o
    0x08009d20   0x00000012   Code   RO         7130    i.SWAPBYTE          usbd_ctlreq.o
    0x08009d32   0x0000000a   Code   RO          323    i.ShowRunningFun    freertos.o
    0x08009d3c   0x0000078c   Code   RO         8327    i.StartChassisTask  chassis.o
    0x0800a4c8   0x0000000e   Code   RO          325    i.StartDefaultTask  freertos.o
    0x0800a4d6   0x00000018   Code   RO         8293    i.StartGimbalTask   gimbal.o
    0x0800a4ee   0x00000002   PAD
    0x0800a4f0   0x00000078   Code   RO         8860    i.StartMotorTask    motorctrl.o
    0x0800a568   0x00000034   Code   RO         6889    i.SysTick_Handler   port.o
    0x0800a59c   0x000000b4   Code   RO           15    i.SystemClock_Config  main.o
    0x0800a650   0x00000014   Code   RO          522    i.SystemInit        system_stm32f4xx.o
    0x0800a664   0x00000010   Code   RO          780    i.TIM6_DAC_IRQHandler  stm32f4xx_it.o
    0x0800a674   0x00000010   Code   RO          781    i.TIM8_UP_TIM13_IRQHandler  stm32f4xx_it.o
    0x0800a684   0x000000d8   Code   RO         4377    i.TIM_Base_SetConfig  stm32f4xx_hal_tim.o
    0x0800a75c   0x00000070   Code   RO         4390    i.TIM_OC1_SetConfig  stm32f4xx_hal_tim.o
    0x0800a7cc   0x0000007c   Code   RO         4391    i.TIM_OC2_SetConfig  stm32f4xx_hal_tim.o
    0x0800a848   0x00000078   Code   RO         4392    i.TIM_OC3_SetConfig  stm32f4xx_hal_tim.o
    0x0800a8c0   0x00000054   Code   RO         4393    i.TIM_OC4_SetConfig  stm32f4xx_hal_tim.o
    0x0800a914   0x00000014   Code   RO         5308    i.UART_DMAAbortOnError  stm32f4xx_hal_uart.o
    0x0800a928   0x00000050   Code   RO         5309    i.UART_DMAError     stm32f4xx_hal_uart.o
    0x0800a978   0x000000b0   Code   RO         5310    i.UART_DMAReceiveCplt  stm32f4xx_hal_uart.o
    0x0800aa28   0x00000020   Code   RO         5312    i.UART_DMARxHalfCplt  stm32f4xx_hal_uart.o
    0x0800aa48   0x0000006c   Code   RO         5318    i.UART_EndRxTransfer  stm32f4xx_hal_uart.o
    0x0800aab4   0x00000020   Code   RO         5319    i.UART_EndTransmit_IT  stm32f4xx_hal_uart.o
    0x0800aad4   0x00000026   Code   RO         5320    i.UART_EndTxTransfer  stm32f4xx_hal_uart.o
    0x0800aafa   0x000000f8   Code   RO         5321    i.UART_Receive_IT   stm32f4xx_hal_uart.o
    0x0800abf2   0x00000002   PAD
    0x0800abf4   0x0000022c   Code   RO         5322    i.UART_SetConfig    stm32f4xx_hal_uart.o
    0x0800ae20   0x000000d0   Code   RO         5323    i.UART_Start_Receive_DMA  stm32f4xx_hal_uart.o
    0x0800aef0   0x00000060   Code   RO         5325    i.UART_Transmit_IT  stm32f4xx_hal_uart.o
    0x0800af50   0x0000006c   Code   RO          782    i.USART1_IRQHandler  stm32f4xx_it.o
    0x0800afbc   0x00000014   Code   RO          783    i.USART3_IRQHandler  stm32f4xx_it.o
    0x0800afd0   0x000000c4   Code   RO         7293    i.USBD_CDC_DataIn   usbd_cdc.o
    0x0800b094   0x00000048   Code   RO         7294    i.USBD_CDC_DataOut  usbd_cdc.o
    0x0800b0dc   0x000000d4   Code   RO         7295    i.USBD_CDC_DeInit   usbd_cdc.o
    0x0800b1b0   0x00000050   Code   RO         7296    i.USBD_CDC_EP0_RxReady  usbd_cdc.o
    0x0800b200   0x00000010   Code   RO         7297    i.USBD_CDC_GetDeviceQualifierDescriptor  usbd_cdc.o
    0x0800b210   0x00000044   Code   RO         7298    i.USBD_CDC_GetFSCfgDesc  usbd_cdc.o
    0x0800b254   0x00000048   Code   RO         7299    i.USBD_CDC_GetHSCfgDesc  usbd_cdc.o
    0x0800b29c   0x00000044   Code   RO         7300    i.USBD_CDC_GetOtherSpeedCfgDesc  usbd_cdc.o
    0x0800b2e0   0x000001a0   Code   RO         7301    i.USBD_CDC_Init     usbd_cdc.o
    0x0800b480   0x00000050   Code   RO         7302    i.USBD_CDC_ReceivePacket  usbd_cdc.o
    0x0800b4d0   0x00000018   Code   RO         7303    i.USBD_CDC_RegisterInterface  usbd_cdc.o
    0x0800b4e8   0x0000001e   Code   RO         7304    i.USBD_CDC_SetRxBuffer  usbd_cdc.o
    0x0800b506   0x00000024   Code   RO         7305    i.USBD_CDC_SetTxBuffer  usbd_cdc.o
    0x0800b52a   0x00000140   Code   RO         7306    i.USBD_CDC_Setup    usbd_cdc.o
    0x0800b66a   0x00000002   PAD
    0x0800b66c   0x00000064   Code   RO         7307    i.USBD_CDC_TransmitPacket  usbd_cdc.o
    0x0800b6d0   0x0000001c   Code   RO         6968    i.USBD_ClrClassConfig  usbd_core.o
    0x0800b6ec   0x0000003e   Code   RO         7131    i.USBD_ClrFeature   usbd_ctlreq.o
    0x0800b72a   0x00000006   Code   RO         6969    i.USBD_CoreFindEP   usbd_core.o
    0x0800b730   0x00000006   Code   RO         6970    i.USBD_CoreFindIF   usbd_core.o
    0x0800b736   0x00000018   Code   RO         7233    i.USBD_CtlContinueRx  usbd_ioreq.o
    0x0800b74e   0x00000018   Code   RO         7234    i.USBD_CtlContinueSendData  usbd_ioreq.o
    0x0800b766   0x00000018   Code   RO         7132    i.USBD_CtlError     usbd_ctlreq.o
    0x0800b77e   0x00000028   Code   RO         7235    i.USBD_CtlPrepareRx  usbd_ioreq.o
    0x0800b7a6   0x0000001a   Code   RO         7236    i.USBD_CtlReceiveStatus  usbd_ioreq.o
    0x0800b7c0   0x00000022   Code   RO         7237    i.USBD_CtlSendData  usbd_ioreq.o
    0x0800b7e2   0x0000001a   Code   RO         7238    i.USBD_CtlSendStatus  usbd_ioreq.o
    0x0800b7fc   0x00000034   Code   RO         1042    i.USBD_FS_ConfigStrDescriptor  usbd_desc.o
    0x0800b830   0x00000010   Code   RO         1043    i.USBD_FS_DeviceDescriptor  usbd_desc.o
    0x0800b840   0x00000038   Code   RO         1044    i.USBD_FS_InterfaceStrDescriptor  usbd_desc.o
    0x0800b878   0x00000010   Code   RO         1045    i.USBD_FS_LangIDStrDescriptor  usbd_desc.o
    0x0800b888   0x0000002c   Code   RO         1046    i.USBD_FS_ManufacturerStrDescriptor  usbd_desc.o
    0x0800b8b4   0x00000040   Code   RO         1047    i.USBD_FS_ProductStrDescriptor  usbd_desc.o
    0x0800b8f4   0x00000018   Code   RO         1048    i.USBD_FS_SerialStrDescriptor  usbd_desc.o
    0x0800b90c   0x00000056   Code   RO         7133    i.USBD_GetConfig    usbd_ctlreq.o
    0x0800b962   0x000001fc   Code   RO         7134    i.USBD_GetDescriptor  usbd_ctlreq.o
    0x0800bb5e   0x00000050   Code   RO         6972    i.USBD_GetEpDesc    usbd_core.o
    0x0800bbae   0x00000016   Code   RO         7135    i.USBD_GetLen       usbd_ctlreq.o
    0x0800bbc4   0x00000014   Code   RO         6973    i.USBD_GetNextDesc  usbd_core.o
    0x0800bbd8   0x0000005a   Code   RO         7136    i.USBD_GetStatus    usbd_ctlreq.o
    0x0800bc32   0x00000054   Code   RO         7137    i.USBD_GetString    usbd_ctlreq.o
    0x0800bc86   0x0000002c   Code   RO         1204    i.USBD_Get_USB_Status  usbd_conf.o
    0x0800bcb2   0x0000003a   Code   RO         6974    i.USBD_Init         usbd_core.o
    0x0800bcec   0x00000026   Code   RO         1205    i.USBD_LL_ClearStallEP  usbd_conf.o
    0x0800bd12   0x00000026   Code   RO         1206    i.USBD_LL_CloseEP   usbd_conf.o
    0x0800bd38   0x00000108   Code   RO         6975    i.USBD_LL_DataInStage  usbd_core.o
    0x0800be40   0x00000102   Code   RO         6976    i.USBD_LL_DataOutStage  usbd_core.o
    0x0800bf42   0x00000006   Code   RO         6977    i.USBD_LL_DevConnected  usbd_core.o
    0x0800bf48   0x00000026   Code   RO         6978    i.USBD_LL_DevDisconnected  usbd_core.o
    0x0800bf6e   0x00000012   Code   RO         1210    i.USBD_LL_GetRxDataSize  usbd_conf.o
    0x0800bf80   0x00000068   Code   RO         1211    i.USBD_LL_Init      usbd_conf.o
    0x0800bfe8   0x00000038   Code   RO         1212    i.USBD_LL_IsStallEP  usbd_conf.o
    0x0800c020   0x00000048   Code   RO         6979    i.USBD_LL_IsoINIncomplete  usbd_core.o
    0x0800c068   0x00000048   Code   RO         6980    i.USBD_LL_IsoOUTIncomplete  usbd_core.o
    0x0800c0b0   0x00000030   Code   RO         1213    i.USBD_LL_OpenEP    usbd_conf.o
    0x0800c0e0   0x00000030   Code   RO         1214    i.USBD_LL_PrepareReceive  usbd_conf.o
    0x0800c110   0x0000006c   Code   RO         6981    i.USBD_LL_Reset     usbd_core.o
    0x0800c17c   0x00000016   Code   RO         6982    i.USBD_LL_Resume    usbd_core.o
    0x0800c192   0x00000028   Code   RO         6983    i.USBD_LL_SOF       usbd_core.o
    0x0800c1ba   0x00000008   Code   RO         6984    i.USBD_LL_SetSpeed  usbd_core.o
    0x0800c1c2   0x00000026   Code   RO         1215    i.USBD_LL_SetUSBAddress  usbd_conf.o
    0x0800c1e8   0x00000076   Code   RO         6985    i.USBD_LL_SetupStage  usbd_core.o
    0x0800c25e   0x00000026   Code   RO         1216    i.USBD_LL_StallEP   usbd_conf.o
    0x0800c284   0x0000001e   Code   RO         1217    i.USBD_LL_Start     usbd_conf.o
    0x0800c2a2   0x00000014   Code   RO         6986    i.USBD_LL_Suspend   usbd_core.o
    0x0800c2b6   0x00000030   Code   RO         1219    i.USBD_LL_Transmit  usbd_conf.o
    0x0800c2e6   0x00000036   Code   RO         7138    i.USBD_ParseSetupRequest  usbd_ctlreq.o
    0x0800c31c   0x00000048   Code   RO         6987    i.USBD_RegisterClass  usbd_core.o
    0x0800c364   0x00000006   Code   RO         6988    i.USBD_RunTestMode  usbd_core.o
    0x0800c36a   0x0000005a   Code   RO         7139    i.USBD_SetAddress   usbd_ctlreq.o
    0x0800c3c4   0x00000020   Code   RO         6989    i.USBD_SetClassConfig  usbd_core.o
    0x0800c3e4   0x00000104   Code   RO         7140    i.USBD_SetConfig    usbd_ctlreq.o
    0x0800c4e8   0x00000038   Code   RO         7141    i.USBD_SetFeature   usbd_ctlreq.o
    0x0800c520   0x0000000c   Code   RO         6990    i.USBD_Start        usbd_core.o
    0x0800c52c   0x000000ae   Code   RO         7142    i.USBD_StdDevReq    usbd_ctlreq.o
    0x0800c5da   0x00000280   Code   RO         7143    i.USBD_StdEPReq     usbd_ctlreq.o
    0x0800c85a   0x000000ae   Code   RO         7144    i.USBD_StdItfReq    usbd_ctlreq.o
    0x0800c908   0x00000002   Code   RO         1220    i.USBD_static_free  usbd_conf.o
    0x0800c90a   0x00000002   PAD
    0x0800c90c   0x0000000c   Code   RO         1221    i.USBD_static_malloc  usbd_conf.o
    0x0800c918   0x000000d0   Code   RO         1684    i.USB_ActivateEndpoint  stm32f4xx_ll_usb.o
    0x0800c9e8   0x00000028   Code   RO         1686    i.USB_ActivateSetup  stm32f4xx_ll_usb.o
    0x0800ca10   0x00000084   Code   RO         1688    i.USB_CoreInit      stm32f4xx_ll_usb.o
    0x0800ca94   0x00000058   Code   RO         1689    i.USB_CoreReset     stm32f4xx_ll_usb.o
    0x0800caec   0x0000014c   Code   RO         1692    i.USB_DeactivateEndpoint  stm32f4xx_ll_usb.o
    0x0800cc38   0x00000024   Code   RO         1693    i.USB_DevConnect    stm32f4xx_ll_usb.o
    0x0800cc5c   0x00000024   Code   RO         1694    i.USB_DevDisconnect  stm32f4xx_ll_usb.o
    0x0800cc80   0x000001e0   Code   RO         1695    i.USB_DevInit       stm32f4xx_ll_usb.o
    0x0800ce60   0x0000000e   Code   RO         1696    i.USB_DisableGlobalInt  stm32f4xx_ll_usb.o
    0x0800ce6e   0x00000002   PAD
    0x0800ce70   0x000001dc   Code   RO         1699    i.USB_EP0StartXfer  stm32f4xx_ll_usb.o
    0x0800d04c   0x00000070   Code   RO         1700    i.USB_EP0_OutStart  stm32f4xx_ll_usb.o
    0x0800d0bc   0x0000008e   Code   RO         1701    i.USB_EPClearStall  stm32f4xx_ll_usb.o
    0x0800d14a   0x0000009a   Code   RO         1702    i.USB_EPSetStall    stm32f4xx_ll_usb.o
    0x0800d1e4   0x00000348   Code   RO         1703    i.USB_EPStartXfer   stm32f4xx_ll_usb.o
    0x0800d52c   0x000000ec   Code   RO         1704    i.USB_EPStopXfer    stm32f4xx_ll_usb.o
    0x0800d618   0x0000000e   Code   RO         1705    i.USB_EnableGlobalInt  stm32f4xx_ll_usb.o
    0x0800d626   0x00000002   PAD
    0x0800d628   0x00000054   Code   RO         1706    i.USB_FlushRxFifo   stm32f4xx_ll_usb.o
    0x0800d67c   0x00000058   Code   RO         1707    i.USB_FlushTxFifo   stm32f4xx_ll_usb.o
    0x0800d6d4   0x00000026   Code   RO         1709    i.USB_GetDevSpeed   stm32f4xx_ll_usb.o
    0x0800d6fa   0x0000000a   Code   RO         1711    i.USB_GetMode       stm32f4xx_ll_usb.o
    0x0800d704   0x00000014   Code   RO         1718    i.USB_ReadDevAllInEpInterrupt  stm32f4xx_ll_usb.o
    0x0800d718   0x00000014   Code   RO         1719    i.USB_ReadDevAllOutEpInterrupt  stm32f4xx_ll_usb.o
    0x0800d72c   0x00000032   Code   RO         1720    i.USB_ReadDevInEPInterrupt  stm32f4xx_ll_usb.o
    0x0800d75e   0x0000001a   Code   RO         1721    i.USB_ReadDevOutEPInterrupt  stm32f4xx_ll_usb.o
    0x0800d778   0x0000000a   Code   RO         1722    i.USB_ReadInterrupts  stm32f4xx_ll_usb.o
    0x0800d782   0x00000060   Code   RO         1723    i.USB_ReadPacket    stm32f4xx_ll_usb.o
    0x0800d7e2   0x00000068   Code   RO         1725    i.USB_SetCurrentMode  stm32f4xx_ll_usb.o
    0x0800d84a   0x0000002a   Code   RO         1726    i.USB_SetDevAddress  stm32f4xx_ll_usb.o
    0x0800d874   0x00000012   Code   RO         1727    i.USB_SetDevSpeed   stm32f4xx_ll_usb.o
    0x0800d886   0x00000002   PAD
    0x0800d888   0x000000e8   Code   RO         1728    i.USB_SetTurnaroundTime  stm32f4xx_ll_usb.o
    0x0800d970   0x00000044   Code   RO         1731    i.USB_WritePacket   stm32f4xx_ll_usb.o
    0x0800d9b4   0x00000004   Code   RO          784    i.UsageFault_Handler  stm32f4xx_it.o
    0x0800d9b8   0x00000040   Code   RO         8717    i.Verify_CRC16_Check_Sum  crc_1.o
    0x0800d9f8   0x0000002e   Code   RO         8718    i.Verify_CRC8_Check_Sum  crc_1.o
    0x0800da26   0x00000030   Code   RO         9232    i.__ARM_fpclassify  m_wm.l(fpclassify.o)
    0x0800da56   0x00000026   Code   RO         9160    i.__ARM_fpclassifyf  m_wm.l(fpclassifyf.o)
    0x0800da7c   0x0000000e   Code   RO         7499    i.__ARM_isnanf      pid.o
    0x0800da8a   0x00000002   PAD
    0x0800da8c   0x00000010   Code   RO         2796    i.__NVIC_GetPriorityGrouping  stm32f4xx_hal_cortex.o
    0x0800da9c   0x00000028   Code   RO         2797    i.__NVIC_SetPriority  stm32f4xx_hal_cortex.o
    0x0800dac4   0x0000012c   Code   RO         9025    i.__hardfp_asinf    m_wm.l(asinf.o)
    0x0800dbf0   0x00000250   Code   RO         9049    i.__hardfp_atan2f   m_wm.l(atan2f.o)
    0x0800de40   0x000000c8   Code   RO         9061    i.__hardfp_cos      m_wm.l(cos.o)
    0x0800df08   0x00000014   Code   RO         9073    i.__hardfp_fabs     m_wm.l(fabs.o)
    0x0800df1c   0x00000004   PAD
    0x0800df20   0x000000c8   Code   RO         9079    i.__hardfp_sin      m_wm.l(sin.o)
    0x0800dfe8   0x00000438   Code   RO         9177    i.__ieee754_rem_pio2  m_wm.l(rred.o)
    0x0800e420   0x00000170   Code   RO         9143    i.__kernel_cos      m_wm.l(cos_i.o)
    0x0800e590   0x000000f8   Code   RO         9234    i.__kernel_poly     m_wm.l(poly.o)
    0x0800e688   0x00000130   Code   RO         9182    i.__kernel_sin      m_wm.l(sin_i.o)
    0x0800e7b8   0x00000014   Code   RO         9147    i.__mathlib_dbl_infnan  m_wm.l(dunder.o)
    0x0800e7cc   0x00000004   PAD
    0x0800e7d0   0x00000020   Code   RO         9149    i.__mathlib_dbl_invalid  m_wm.l(dunder.o)
    0x0800e7f0   0x00000020   Code   RO         9152    i.__mathlib_dbl_underflow  m_wm.l(dunder.o)
    0x0800e810   0x00000006   Code   RO         9163    i.__mathlib_flt_infnan  m_wm.l(funder.o)
    0x0800e816   0x00000006   Code   RO         9164    i.__mathlib_flt_infnan2  m_wm.l(funder.o)
    0x0800e81c   0x00000010   Code   RO         9165    i.__mathlib_flt_invalid  m_wm.l(funder.o)
    0x0800e82c   0x00000010   Code   RO         9168    i.__mathlib_flt_underflow  m_wm.l(funder.o)
    0x0800e83c   0x00000048   Code   RO         7434    i.__normalangle     mylib.o
    0x0800e884   0x00000154   Code   RO         8328    i.angle_match       chassis.o
    0x0800e9d8   0x00000134   Code   RO         7565    i.bmi088_accel_init  bmi088driver.o
    0x0800eb0c   0x000002fc   Code   RO         7566    i.bmi088_accel_self_test  bmi088driver.o
    0x0800ee08   0x000000f4   Code   RO         7567    i.bmi088_gyro_init  bmi088driver.o
    0x0800eefc   0x000000d0   Code   RO         7568    i.bmi088_gyro_self_test  bmi088driver.o
    0x0800efcc   0x000001c4   Code   RO         8214    i.dbus_read         dbus.o
    0x0800f190   0x00000040   Code   RO         8215    i.dbus_uart_init    dbus.o
    0x0800f1d0   0x00000032   Code   RO         8938    i.dm4310_float_to_uint  dm4310.o
    0x0800f202   0x00000034   Code   RO         8939    i.dm4310_uint_to_float  dm4310.o
    0x0800f236   0x00000018   Code   RO         9075    i.fabs              m_wm.l(fabs.o)
    0x0800f24e   0x000000dc   Code   RO         7937    i.get_angle         ins_task.o
    0x0800f32a   0x00000002   PAD
    0x0800f32c   0x00000270   Code   RO         8554    i.get_enemy_position  judge.o
    0x0800f59c   0x00000020   Code   RO         8555    i.get_outpost_HP    judge.o
    0x0800f5bc   0x00000168   Code   RO         7940    i.imu_cmd_spi_dma   ins_task.o
    0x0800f724   0x0000000c   Code   RO         7869    i.imu_pwm_set       bsp_imu_pwm.o
    0x0800f730   0x000000ac   Code   RO         7941    i.imu_temp_control  ins_task.o
    0x0800f7dc   0x000008ac   Code   RO         7942    i.ins_dma_data_read  ins_task.o
    0x08010088   0x0000003c   Code   RO         8177    i.invSqrt           mahonyahrs.o
    0x080100c4   0x00000002   Code   RO         8099    i.ist8310_GPIO_init  ist8310driver_middleware.o
    0x080100c6   0x00000002   PAD
    0x080100c8   0x00000028   Code   RO         8101    i.ist8310_IIC_read_single_reg  ist8310driver_middleware.o
    0x080100f0   0x00000028   Code   RO         8103    i.ist8310_IIC_write_single_reg  ist8310driver_middleware.o
    0x08010118   0x00000014   Code   RO         8104    i.ist8310_RST_H     ist8310driver_middleware.o
    0x0801012c   0x00000014   Code   RO         8105    i.ist8310_RST_L     ist8310driver_middleware.o
    0x08010140   0x00000002   Code   RO         8106    i.ist8310_com_init  ist8310driver_middleware.o
    0x08010142   0x0000000c   Code   RO         8107    i.ist8310_delay_ms  ist8310driver_middleware.o
    0x0801014e   0x00000002   PAD
    0x08010150   0x00000094   Code   RO         8067    i.ist8310_init      ist8310driver.o
    0x080101e4   0x00000060   Code   RO           16    i.main              main.o
    0x08010244   0x0000000e   Code   RO         6454    i.makeFreeRtosPriority  cmsis_os.o
    0x08010252   0x00000030   Code   RO         8773    i.my_can_filter_init_recv_all  global_can.o
    0x08010282   0x00000018   Code   RO         6456    i.osDelay           cmsis_os.o
    0x0801029a   0x0000000a   Code   RO         6459    i.osKernelStart     cmsis_os.o
    0x080102a4   0x0000005e   Code   RO         6493    i.osThreadCreate    cmsis_os.o
    0x08010302   0x00000002   PAD
    0x08010304   0x00000030   Code   RO         6107    i.pcTaskGetName     tasks.o
    0x08010334   0x00000384   Code   RO         7500    i.pid_caculate      pid.o
    0x080106b8   0x000000f0   Code   RO         7501    i.pid_param_init    pid.o
    0x080107a8   0x00000098   Code   RO         6108    i.prvAddCurrentTaskToDelayedList  tasks.o
    0x08010840   0x000000b4   Code   RO         6109    i.prvAddNewTaskToReadyList  tasks.o
    0x080108f4   0x00000048   Code   RO         6110    i.prvCheckTasksWaitingTermination  tasks.o
    0x0801093c   0x00000050   Code   RO         6111    i.prvDeleteTCB      tasks.o
    0x0801098c   0x0000007c   Code   RO         6821    i.prvHeapInit       heap_4.o
    0x08010a08   0x00000028   Code   RO         6112    i.prvIdleTask       tasks.o
    0x08010a30   0x000000b4   Code   RO         6113    i.prvInitialiseNewTask  tasks.o
    0x08010ae4   0x00000068   Code   RO         6114    i.prvInitialiseTaskLists  tasks.o
    0x08010b4c   0x00000068   Code   RO         6822    i.prvInsertBlockIntoFreeList  heap_4.o
    0x08010bb4   0x00000034   Code   RO         6115    i.prvResetNextTaskUnblockTime  tasks.o
    0x08010be8   0x000000b0   Code   RO         6116    i.prvSearchForNameWithinSingleList  tasks.o
    0x08010c98   0x00000040   Code   RO         6890    i.prvTaskExitError  port.o
    0x08010cd8   0x0000014c   Code   RO         6823    i.pvPortMalloc      heap_4.o
    0x08010e24   0x0000002c   Code   RO         6891    i.pxPortInitialiseStack  port.o
    0x08010e50   0x000001bc   Code   RO         8329    i.speed_cal         chassis.o
    0x0801100c   0x0000003e   Code   RO         9190    i.sqrtf             m_wm.l(sqrtf.o)
    0x0801104a   0x00000066   Code   RO         8216    i.uart_receive_dma_no_it  dbus.o
    0x080110b0   0x00000022   Code   RO         8217    i.uart_receive_handler  dbus.o
    0x080110d2   0x00000002   PAD
    0x080110d4   0x00000060   Code   RO         8218    i.uart_rx_idle_callback  dbus.o
    0x08011134   0x00000074   Code   RO         6119    i.ulTaskNotifyTake  tasks.o
    0x080111a8   0x00000028   Code   RO         5734    i.uxListRemove      list.o
    0x080111d0   0x00000018   Code   RO          328    i.vApplicationGetIdleTaskMemory  freertos.o
    0x080111e8   0x0000001a   Code   RO         5735    i.vListInitialise   list.o
    0x08011202   0x00000006   Code   RO         5736    i.vListInitialiseItem  list.o
    0x08011208   0x00000034   Code   RO         5737    i.vListInsert       list.o
    0x0801123c   0x00000018   Code   RO         5738    i.vListInsertEnd    list.o
    0x08011254   0x00000054   Code   RO         6893    i.vPortEnterCritical  port.o
    0x080112a8   0x0000003c   Code   RO         6894    i.vPortExitCritical  port.o
    0x080112e4   0x000000a4   Code   RO         6824    i.vPortFree         heap_4.o
    0x08011388   0x00000028   Code   RO         6895    i.vPortSetupTimerInterrupt  port.o
    0x080113b0   0x00000078   Code   RO         6896    i.vPortValidateInterruptPriority  port.o
    0x08011428   0x0000005c   Code   RO         6125    i.vTaskDelay        tasks.o
    0x08011484   0x000000d4   Code   RO         6126    i.vTaskDelayUntil   tasks.o
    0x08011558   0x000000f0   Code   RO         6131    i.vTaskNotifyGiveFromISR  tasks.o
    0x08011648   0x000000b0   Code   RO         6139    i.vTaskStartScheduler  tasks.o
    0x080116f8   0x00000010   Code   RO         6141    i.vTaskSuspendAll   tasks.o
    0x08011708   0x0000008c   Code   RO         6142    i.vTaskSwitchContext  tasks.o
    0x08011794   0x00000040   Code   RO         8397    i.vision_call_back_handler_Chassis_Control  vision.o
    0x080117d4   0x00000040   Code   RO         8398    i.vision_call_back_handler_Interaction_Control  vision.o
    0x08011814   0x00000040   Code   RO         8399    i.vision_call_back_handler_Robotmode_Control  vision.o
    0x08011854   0x000000c0   Code   RO         8400    i.vision_transmit   vision.o
    0x08011914   0x000001f0   Code   RO         8401    i.vision_transmit_handler  vision.o
    0x08011b04   0x00000060   Code   RO         8402    i.vision_transmit_package_Game  vision.o
    0x08011b64   0x0000004c   Code   RO         8403    i.vision_transmit_package_Judge_msg  vision.o
    0x08011bb0   0x00000058   Code   RO         8404    i.vision_transmit_package_Posistion123  vision.o
    0x08011c08   0x00000060   Code   RO         8405    i.vision_transmit_package_Posistion457  vision.o
    0x08011c68   0x00000058   Code   RO         8406    i.vision_transmit_package_bluerobot_HP  vision.o
    0x08011cc0   0x0000004c   Code   RO         8407    i.vision_transmit_package_building_HP  vision.o
    0x08011d0c   0x00000060   Code   RO         8408    i.vision_transmit_package_radar_msg123  vision.o
    0x08011d6c   0x00000060   Code   RO         8409    i.vision_transmit_package_radar_msg457  vision.o
    0x08011dcc   0x00000058   Code   RO         8410    i.vision_transmit_package_redrobot_HP  vision.o
    0x08011e24   0x00000168   Code   RO         6897    i.xPortStartScheduler  port.o
    0x08011f8c   0x00000064   Code   RO         6145    i.xTaskCreate       tasks.o
    0x08011ff0   0x000000ba   Code   RO         6146    i.xTaskCreateStatic  tasks.o
    0x080120aa   0x00000002   PAD
    0x080120ac   0x000000a4   Code   RO         6150    i.xTaskGetHandle    tasks.o
    0x08012150   0x00000020   Code   RO         6151    i.xTaskGetSchedulerState  tasks.o
    0x08012170   0x0000000c   Code   RO         6152    i.xTaskGetTickCount  tasks.o
    0x0801217c   0x00000148   Code   RO         6154    i.xTaskIncrementTick  tasks.o
    0x080122c4   0x00000104   Code   RO         6160    i.xTaskResumeAll    tasks.o
    0x080123c8   0x00000018   Code   RO         9110    x$fpl$basic         fz_wm.l(basic.o)
    0x080123e0   0x00000062   Code   RO         9009    x$fpl$d2f           fz_wm.l(d2f.o)
    0x08012442   0x00000002   PAD
    0x08012444   0x00000150   Code   RO         9011    x$fpl$dadd          fz_wm.l(daddsub_clz.o)
    0x08012594   0x00000018   Code   RO         9112    x$fpl$dcmpinf       fz_wm.l(dcmpi.o)
    0x080125ac   0x000002b0   Code   RO         9115    x$fpl$ddiv          fz_wm.l(ddiv.o)
    0x0801285c   0x0000005e   Code   RO         9222    x$fpl$dfix          fz_wm.l(dfix.o)
    0x080128ba   0x0000002e   Code   RO         9227    x$fpl$dflt          fz_wm.l(dflt_clz.o)
    0x080128e8   0x00000026   Code   RO         9226    x$fpl$dfltu         fz_wm.l(dflt_clz.o)
    0x0801290e   0x00000002   PAD
    0x08012910   0x00000078   Code   RO         9017    x$fpl$dleqf         fz_wm.l(dleqf.o)
    0x08012988   0x00000154   Code   RO         9019    x$fpl$dmul          fz_wm.l(dmul.o)
    0x08012adc   0x0000009c   Code   RO         9118    x$fpl$dnaninf       fz_wm.l(dnaninf.o)
    0x08012b78   0x0000000c   Code   RO         9120    x$fpl$dretinf       fz_wm.l(dretinf.o)
    0x08012b84   0x0000006c   Code   RO         9021    x$fpl$drleqf        fz_wm.l(drleqf.o)
    0x08012bf0   0x00000016   Code   RO         9012    x$fpl$drsb          fz_wm.l(daddsub_clz.o)
    0x08012c06   0x00000002   PAD
    0x08012c08   0x000001d4   Code   RO         9013    x$fpl$dsub          fz_wm.l(daddsub_clz.o)
    0x08012ddc   0x00000056   Code   RO         9023    x$fpl$f2d           fz_wm.l(f2d.o)
    0x08012e32   0x0000008c   Code   RO         9124    x$fpl$fnaninf       fz_wm.l(fnaninf.o)
    0x08012ebe   0x0000000a   Code   RO         9321    x$fpl$fpinit        fz_wm.l(fpinit.o)
    0x08012ec8   0x0000000a   Code   RO         9126    x$fpl$fretinf       fz_wm.l(fretinf.o)
    0x08012ed2   0x00000000   Code   RO         9128    x$fpl$usenofp       fz_wm.l(usenofp.o)
    0x08012ed2   0x00000002   PAD
    0x08012ed4   0x000000c4   Data   RO          330    .constdata          freertos.o
    0x08012f98   0x00000018   Data   RO          523    .constdata          system_stm32f4xx.o
    0x08012fb0   0x00000008   Data   RO         2513    .constdata          stm32f4xx_hal_dma.o
    0x08012fb8   0x00000012   Data   RO         7573    .constdata          bmi088driver.o
    0x08012fca   0x00000002   PAD
    0x08012fcc   0x0000000c   Data   RO         7944    .constdata          ins_task.o
    0x08012fd8   0x0000000c   Data   RO         8070    .constdata          ist8310driver.o
    0x08012fe4   0x00000302   Data   RO         8719    .constdata          crc_1.o
    0x080132e6   0x00000002   PAD
    0x080132e8   0x00000030   Data   RO         9144    .constdata          m_wm.l(cos_i.o)
    0x08013318   0x000000c8   Data   RO         9179    .constdata          m_wm.l(rred.o)
    0x080133e0   0x00000028   Data   RO         9183    .constdata          m_wm.l(sin_i.o)
    0x08013408   0x0000005c   Data   RO          331    .conststring        freertos.o
    0x08013464   0x00000020   Data   RO         9377    Region$$Table       anon$$obj.o


    Execution Region RW_IRAM1 (Base: 0x20000000, Size: 0x00007da8, Max: 0x0001c000, ABSOLUTE, COMPRESSED[0x0000015c])

    Base Addr    Size         Type   Attr      Idx    E Section Name        Object

    0x20000000   0x0000001c   Data   RW          332    .data               freertos.o
    0x2000001c   0x00000004   Data   RW          411    .data               can.o
    0x20000020   0x00000008   Data   RW          458    .data               crc.o
    0x20000028   0x00000004   Data   RW          524    .data               system_stm32f4xx.o
    0x2000002c   0x0000004e   Data   RW         1050    .data               usbd_desc.o
    0x2000007a   0x00000002   PAD
    0x2000007c   0x00000014   Data   RW         1137    .data               usbd_cdc_if.o
    0x20000090   0x00000009   Data   RW         2945    .data               stm32f4xx_hal.o
    0x20000099   0x00000003   PAD
    0x2000009c   0x0000003c   Data   RW         6163    .data               tasks.o
    0x200000d8   0x00000020   Data   RW         6830    .data               heap_4.o
    0x200000f8   0x0000000c   Data   RW         6898    .data               port.o
    0x20000104   0x00000001   Data   RW         7145    .data               usbd_ctlreq.o
    0x20000105   0x00000003   PAD
    0x20000108   0x0000008a   Data   RW         7308    .data               usbd_cdc.o
    0x20000192   0x00000002   PAD
    0x20000194   0x0000002c   Data   RW         7574    .data               bmi088driver.o
    0x200001c0   0x000000d4   Data   RW         7945    .data               ins_task.o
    0x20000294   0x00000014   Data   RW         8178    .data               mahonyahrs.o
    0x200002a8   0x00000018   Data   RW         8331    .data               chassis.o
    0x200002c0   0x00000046   Data   RW         8412    .data               vision.o
    0x20000306   0x00000002   PAD
    0x20000308   0x0000002d   Data   RW         8558    .data               judge.o
    0x20000335   0x00000003   PAD
    0x20000338   0x0000000a   Data   RW         8720    .data               crc_1.o
    0x20000342   0x00000002   PAD
    0x20000344   0x0000005c   Data   RW         8862    .data               motorctrl.o
    0x200003a0   0x00000254   Zero   RW          329    .bss                freertos.o
    0x200005f4   0x00000050   Zero   RW          410    .bss                can.o
    0x20000644   0x00000054   Zero   RW          561    .bss                i2c.o
    0x20000698   0x00000118   Zero   RW          603    .bss                spi.o
    0x200007b0   0x000000d8   Zero   RW          650    .bss                tim.o
    0x20000888   0x000001a8   Zero   RW          718    .bss                usart.o
    0x20000a30   0x00000048   Zero   RW          956    .bss                stm32f4xx_hal_timebase_tim.o
    0x20000a78   0x000002dc   Zero   RW          993    .bss                usb_device.o
    0x20000d54   0x00000200   Zero   RW         1049    .bss                usbd_desc.o
    0x20000f54   0x00001000   Zero   RW         1136    .bss                usbd_cdc_if.o
    0x20001f54   0x0000072c   Zero   RW         1222    .bss                usbd_conf.o
    0x20002680   0x000000f0   Zero   RW         6162    .bss                tasks.o
    0x20002770   0x00003c00   Zero   RW         6829    .bss                heap_4.o
    0x20006370   0x00000168   Zero   RW         7943    .bss                ins_task.o
    0x200064d8   0x0000002e   Zero   RW         8219    .bss                dbus.o
    0x20006506   0x00000002   PAD
    0x20006508   0x00000018   Zero   RW         8294    .bss                gimbal.o
    0x20006520   0x00000088   Zero   RW         8330    .bss                chassis.o
    0x200065a8   0x00000114   Zero   RW         8411    .bss                vision.o
    0x200066bc   0x00000d69   Zero   RW         8557    .bss                judge.o
    0x20007425   0x00000003   PAD
    0x20007428   0x00000080   Zero   RW         8821    .bss                dji3508.o
    0x200074a8   0x00000264   Zero   RW         8861    .bss                motorctrl.o
    0x2000770c   0x0000003c   Zero   RW         8940    .bss                dm4310.o
    0x20007748   0x00000060   Zero   RW         9237    .bss                c_w.l(libspace.o)
    0x200077a8   0x00000200   Zero   RW            2    HEAP                startup_stm32f407xx.o
    0x200079a8   0x00000400   Zero   RW            1    STACK               startup_stm32f407xx.o


    Execution Region RW_IRAM2 (Base: 0x2001c000, Size: 0x00000000, Max: 0x00004000, ABSOLUTE)

    **** No section assigned to this execution region ****


==============================================================================

Image component sizes


      Code (inc. data)   RO Data    RW Data    ZI Data      Debug   Object Name

      2338         40         18         44          0      10831   bmi088driver.o
       140         28          0          0          0      10292   bmi088middleware.o
        12          4          0          0          0        490   bsp_imu_pwm.o
     10428        170          0          0          0       5646   bsp_spi.o
       488         44          0          4         80       2514   can.o
      2876        186          0         24        136       5483   chassis.o
       142          0          0          0          0      23103   cmsis_os.o
        84         18          0          8          0       1555   crc.o
       198         16        770         10          0       3653   crc_1.o
       748         22          0          0         46       8799   dbus.o
       188          4          0          0        128       2568   dji3508.o
       670         40          0          0         60       5437   dm4310.o
       152          6          0          0          0        866   dma.o
         0          0          0          0          0      16904   event_groups.o
       266         44        288         28        596       4182   freertos.o
        24          0          0          0         24       1212   gimbal.o
       264         16          0          0          0       2241   global_can.o
       616         28          0          0          0       1347   gpio.o
       724         74          0         32      15360       7511   heap_4.o
       260         30          0          0         84       1785   i2c.o
      4322        344         12        212        360      13420   ins_task.o
       148          6         12          0          0       1395   ist8310driver.o
       136         22          0          0          0       3835   ist8310driver_middleware.o
      1632         88          0         45       3433      15413   judge.o
       148          0          0          0          0       3650   list.o
       824         38          0         20          0       2238   mahonyahrs.o
       334         32          0          0          0     766172   main.o
      1380        196          0         92        612       4362   motorctrl.o
        72          0          0          0          0        656   mylib.o
      1154         18          0          0          0       8453   pid.o
      1014         92          0         12          0      12209   port.o
       444         38          0          0        280       2015   spi.o
        64         26        392          0       1536        852   startup_stm32f407xx.o
       136         24          0          9          0       8822   stm32f4xx_hal.o
      2146          6          0          0          0      14538   stm32f4xx_hal_can.o
       252         22          0          0          0      33758   stm32f4xx_hal_cortex.o
        32          0          0          0          0       1063   stm32f4xx_hal_crc.o
      1538         16          8          0          0       8062   stm32f4xx_hal_dma.o
       540         50          0          0          0       2807   stm32f4xx_hal_gpio.o
      2856         46          0          0          0      11846   stm32f4xx_hal_i2c.o
        84          6          0          0          0        890   stm32f4xx_hal_msp.o
      3604         16          0          0          0      14052   stm32f4xx_hal_pcd.o
        90          0          0          0          0       2489   stm32f4xx_hal_pcd_ex.o
      1888         94          0          0          0       6385   stm32f4xx_hal_rcc.o
      1078         14          0          0          0       4737   stm32f4xx_hal_spi.o
      1702        112          0          0          0      10698   stm32f4xx_hal_tim.o
       300         30          0          0          0       3389   stm32f4xx_hal_tim_ex.o
       180         20          0          0         72       1511   stm32f4xx_hal_timebase_tim.o
      2658         26          0          0          0      15761   stm32f4xx_hal_uart.o
       364         78          0          0          0      12637   stm32f4xx_it.o
      4246         98          0          0          0      24131   stm32f4xx_ll_usb.o
         0          0          0          0          0        380   stream_buffer.o
        20          6         24          4          0       1175   system_stm32f4xx.o
      3158        356          0         60        240      28025   tasks.o
       680         66          0          0        216       4392   tim.o
       684         66          0          0        424       2800   usart.o
        76         16          0          0        732       2635   usb_device.o
      1790         54          0        138          0      14533   usbd_cdc.o
       236         26          0         20       4096       4464   usbd_cdc_if.o
      1004         24          0          0       1836      18028   usbd_conf.o
      1346          0          0          0          0      16877   usbd_core.o
      2342         30          0          1          0      18092   usbd_ctlreq.o
       386        122          0         78        512       7045   usbd_desc.o
       174          0          0          0          0       4816   usbd_ioreq.o
      1680        132          0         70        276      14805   vision.o

    ----------------------------------------------------------------------
     69624       3226       1560        928      31144    1266732   Object Totals
         0          0         32          0          0          0   (incl. Generated)
        64          0          4         17          5          0   (incl. Padding)

    ----------------------------------------------------------------------

      Code (inc. data)   RO Data    RW Data    ZI Data      Debug   Library Member Name

        90          0          0          0          0          0   __dczerorl2.o
         8          0          0          0          0         68   __main.o
         0          0          0          0          0          0   __rtentry.o
        12          0          0          0          0          0   __rtentry2.o
         6          0          0          0          0          0   __rtentry4.o
        52          8          0          0          0          0   __scatter.o
        28          0          0          0          0          0   __scatter_zi.o
        22          0          0          0          0        100   _rserrno.o
        18          0          0          0          0         80   exit.o
         6          0          0          0          0        152   heapauxi.o
         0          0          0          0          0          0   indicate_semi.o
         2          0          0          0          0          0   libinit.o
         6          0          0          0          0          0   libinit2.o
         2          0          0          0          0          0   libshutdown.o
         2          0          0          0          0          0   libshutdown2.o
         8          4          0          0         96         68   libspace.o
       238          0          0          0          0        100   lludivv7m.o
         8          4          0          0          0         68   rt_errno_addr_intlibspace.o
        68          0          0          0          0         68   rt_memclr.o
        78          0          0          0          0         80   rt_memclr_w.o
       138          0          0          0          0         68   rt_memcpy_v6.o
       100          0          0          0          0         80   rt_memcpy_w.o
         2          0          0          0          0          0   rtexit.o
        10          0          0          0          0          0   rtexit2.o
        62          0          0          0          0         76   strlen.o
        12          4          0          0          0         68   sys_exit.o
        74          0          0          0          0         80   sys_stackheap_outer.o
         2          0          0          0          0         68   use_no_semi.o
        24          0          0          0          0        164   basic.o
        98          4          0          0          0        140   d2f.o
       826         16          0          0          0        492   daddsub_clz.o
        24          0          0          0          0        116   dcmpi.o
       688        140          0          0          0        256   ddiv.o
        94          4          0          0          0        140   dfix.o
        84          0          0          0          0        232   dflt_clz.o
       120          4          0          0          0        140   dleqf.o
       340         12          0          0          0        152   dmul.o
       156          4          0          0          0        140   dnaninf.o
        12          0          0          0          0        116   dretinf.o
       108          0          0          0          0        128   drleqf.o
        86          4          0          0          0        132   f2d.o
       140          4          0          0          0        132   fnaninf.o
        10          0          0          0          0        116   fpinit.o
        10          0          0          0          0        116   fretinf.o
         0          0          0          0          0          0   usenofp.o
       300         42          0          0          0        176   asinf.o
       592         90          0          0          0        184   atan2f.o
       200         20          0          0          0        164   cos.o
       368         46         48          0          0        200   cos_i.o
        84         16          0          0          0        372   dunder.o
        44          0          0          0          0        248   fabs.o
        48          0          0          0          0        124   fpclassify.o
        38          0          0          0          0        116   fpclassifyf.o
        44         12          0          0          0        464   funder.o
       248          0          0          0          0        152   poly.o
      1080        142        200          0          0        188   rred.o
       200         20          0          0          0        164   sin.o
       304         24         40          0          0        208   sin_i.o
        62          0          0          0          0        136   sqrtf.o

    ----------------------------------------------------------------------
      7508        624        288          0         96       6832   Library Totals
        22          0          0          0          0          0   (incl. Padding)

    ----------------------------------------------------------------------

      Code (inc. data)   RO Data    RW Data    ZI Data      Debug   Library Name

      1054         20          0          0         96       1224   c_w.l
      2820        192          0          0          0       2712   fz_wm.l
      3612        412        288          0          0       2896   m_wm.l

    ----------------------------------------------------------------------
      7508        624        288          0         96       6832   Library Totals

    ----------------------------------------------------------------------

==============================================================================


      Code (inc. data)   RO Data    RW Data    ZI Data      Debug   

     77132       3850       1848        928      31240    1225992   Grand Totals
     77132       3850       1848        348      31240    1225992   ELF Image Totals (compressed)
     77132       3850       1848        348          0          0   ROM Totals

==============================================================================

    Total RO  Size (Code + RO Data)                78980 (  77.13kB)
    Total RW  Size (RW Data + ZI Data)             32168 (  31.41kB)
    Total ROM Size (Code + RO Data + RW Data)      79328 (  77.47kB)

==============================================================================

