Component: ARM Compiler 5.06 update 7 (build 960) Tool: armlink [4d3601]

==============================================================================

Section Cross References

    startup_stm32f407xx.o(STACK) refers (Special) to heapauxi.o(.text) for __use_two_region_memory
    startup_stm32f407xx.o(HEAP) refers (Special) to heapauxi.o(.text) for __use_two_region_memory
    startup_stm32f407xx.o(RESET) refers (Special) to heapauxi.o(.text) for __use_two_region_memory
    startup_stm32f407xx.o(RESET) refers to startup_stm32f407xx.o(STACK) for __initial_sp
    startup_stm32f407xx.o(RESET) refers to startup_stm32f407xx.o(.text) for Reset_Handler
    startup_stm32f407xx.o(RESET) refers to stm32f4xx_it.o(i.NMI_Handler) for NMI_Handler
    startup_stm32f407xx.o(RESET) refers to stm32f4xx_it.o(i.HardFault_Handler) for HardFault_Handler
    startup_stm32f407xx.o(RESET) refers to stm32f4xx_it.o(i.MemManage_Handler) for MemManage_Handler
    startup_stm32f407xx.o(RESET) refers to stm32f4xx_it.o(i.BusFault_Handler) for BusFault_Handler
    startup_stm32f407xx.o(RESET) refers to stm32f4xx_it.o(i.UsageFault_Handler) for UsageFault_Handler
    startup_stm32f407xx.o(RESET) refers to port.o(.emb_text) for SVC_Handler
    startup_stm32f407xx.o(RESET) refers to stm32f4xx_it.o(i.DebugMon_Handler) for DebugMon_Handler
    startup_stm32f407xx.o(RESET) refers to port.o(i.SysTick_Handler) for SysTick_Handler
    startup_stm32f407xx.o(RESET) refers to stm32f4xx_it.o(i.EXTI0_IRQHandler) for EXTI0_IRQHandler
    startup_stm32f407xx.o(RESET) refers to stm32f4xx_it.o(i.EXTI1_IRQHandler) for EXTI1_IRQHandler
    startup_stm32f407xx.o(RESET) refers to stm32f4xx_it.o(i.EXTI3_IRQHandler) for EXTI3_IRQHandler
    startup_stm32f407xx.o(RESET) refers to stm32f4xx_it.o(i.EXTI4_IRQHandler) for EXTI4_IRQHandler
    startup_stm32f407xx.o(RESET) refers to stm32f4xx_it.o(i.DMA1_Stream1_IRQHandler) for DMA1_Stream1_IRQHandler
    startup_stm32f407xx.o(RESET) refers to stm32f4xx_it.o(i.CAN1_RX0_IRQHandler) for CAN1_RX0_IRQHandler
    startup_stm32f407xx.o(RESET) refers to stm32f4xx_it.o(i.EXTI9_5_IRQHandler) for EXTI9_5_IRQHandler
    startup_stm32f407xx.o(RESET) refers to stm32f4xx_it.o(i.USART1_IRQHandler) for USART1_IRQHandler
    startup_stm32f407xx.o(RESET) refers to stm32f4xx_it.o(i.USART3_IRQHandler) for USART3_IRQHandler
    startup_stm32f407xx.o(RESET) refers to stm32f4xx_it.o(i.TIM8_UP_TIM13_IRQHandler) for TIM8_UP_TIM13_IRQHandler
    startup_stm32f407xx.o(RESET) refers to stm32f4xx_it.o(i.TIM6_DAC_IRQHandler) for TIM6_DAC_IRQHandler
    startup_stm32f407xx.o(RESET) refers to stm32f4xx_it.o(i.DMA2_Stream2_IRQHandler) for DMA2_Stream2_IRQHandler
    startup_stm32f407xx.o(RESET) refers to stm32f4xx_it.o(i.DMA2_Stream3_IRQHandler) for DMA2_Stream3_IRQHandler
    startup_stm32f407xx.o(RESET) refers to stm32f4xx_it.o(i.CAN2_RX0_IRQHandler) for CAN2_RX0_IRQHandler
    startup_stm32f407xx.o(RESET) refers to stm32f4xx_it.o(i.OTG_FS_IRQHandler) for OTG_FS_IRQHandler
    startup_stm32f407xx.o(RESET) refers to stm32f4xx_it.o(i.DMA2_Stream5_IRQHandler) for DMA2_Stream5_IRQHandler
    startup_stm32f407xx.o(RESET) refers to stm32f4xx_it.o(i.DMA2_Stream7_IRQHandler) for DMA2_Stream7_IRQHandler
    startup_stm32f407xx.o(.text) refers (Special) to heapauxi.o(.text) for __use_two_region_memory
    startup_stm32f407xx.o(.text) refers to system_stm32f4xx.o(i.SystemInit) for SystemInit
    startup_stm32f407xx.o(.text) refers to __main.o(!!!main) for __main
    startup_stm32f407xx.o(.text) refers to startup_stm32f407xx.o(HEAP) for Heap_Mem
    startup_stm32f407xx.o(.text) refers to startup_stm32f407xx.o(STACK) for Stack_Mem
    main.o(i.HAL_TIM_PeriodElapsedCallback) refers to stm32f4xx_hal.o(i.HAL_IncTick) for HAL_IncTick
    main.o(i.HAL_TIM_PeriodElapsedCallback) refers to dji6020.o(.bss) for Motor_6020
    main.o(i.HAL_TIM_PeriodElapsedCallback) refers to dm4310.o(.bss) for Motor_4310
    main.o(i.SystemClock_Config) refers to rt_memclr_w.o(.text) for __aeabi_memclr4
    main.o(i.SystemClock_Config) refers to stm32f4xx_hal_rcc.o(i.HAL_RCC_OscConfig) for HAL_RCC_OscConfig
    main.o(i.SystemClock_Config) refers to main.o(i.Error_Handler) for Error_Handler
    main.o(i.SystemClock_Config) refers to stm32f4xx_hal_rcc.o(i.HAL_RCC_ClockConfig) for HAL_RCC_ClockConfig
    main.o(i.main) refers to stm32f4xx_hal.o(i.HAL_Init) for HAL_Init
    main.o(i.main) refers to main.o(i.SystemClock_Config) for SystemClock_Config
    main.o(i.main) refers to gpio.o(i.MX_GPIO_Init) for MX_GPIO_Init
    main.o(i.main) refers to dma.o(i.MX_DMA_Init) for MX_DMA_Init
    main.o(i.main) refers to can.o(i.MX_CAN1_Init) for MX_CAN1_Init
    main.o(i.main) refers to usart.o(i.MX_USART3_UART_Init) for MX_USART3_UART_Init
    main.o(i.main) refers to spi.o(i.MX_SPI1_Init) for MX_SPI1_Init
    main.o(i.main) refers to tim.o(i.MX_TIM10_Init) for MX_TIM10_Init
    main.o(i.main) refers to i2c.o(i.MX_I2C3_Init) for MX_I2C3_Init
[...]
    vListInsert                              0x0800fdf9   Thumb Code    52  list.o(i.vListInsert)
    vListInsertEnd                           0x0800fe2d   Thumb Code    24  list.o(i.vListInsertEnd)
    vPortEnterCritical                       0x0800fe45   Thumb Code    76  port.o(i.vPortEnterCritical)
    vPortExitCritical                        0x0800fe99   Thumb Code    56  port.o(i.vPortExitCritical)
    vPortFree                                0x0800fed5   Thumb Code   150  heap_4.o(i.vPortFree)
    vPortSetupTimerInterrupt                 0x0800ff79   Thumb Code    36  port.o(i.vPortSetupTimerInterrupt)
    vPortValidateInterruptPriority           0x0800ffa1   Thumb Code   106  port.o(i.vPortValidateInterruptPriority)
    vTaskDelay                               0x08010019   Thumb Code    82  tasks.o(i.vTaskDelay)
    vTaskDelayUntil                          0x08010075   Thumb Code   200  tasks.o(i.vTaskDelayUntil)
    vTaskNotifyGiveFromISR                   0x08010149   Thumb Code   214  tasks.o(i.vTaskNotifyGiveFromISR)
    vTaskStartScheduler                      0x08010239   Thumb Code   146  tasks.o(i.vTaskStartScheduler)
    vTaskSuspendAll                          0x080102e9   Thumb Code    12  tasks.o(i.vTaskSuspendAll)
    vTaskSwitchContext                       0x080102f9   Thumb Code   118  tasks.o(i.vTaskSwitchContext)
    vision_call_back_handler_Judge_msg       0x08010385   Thumb Code    58  vision.o(i.vision_call_back_handler_Judge_msg)
    vision_call_back_handler_Right_Control   0x080103cd   Thumb Code   122  vision.o(i.vision_call_back_handler_Right_Control)
    vision_transmit                          0x0801045d   Thumb Code    26  vision.o(i.vision_transmit)
    vision_transmit_package_AutoaimFeedback  0x08010481   Thumb Code   120  vision.o(i.vision_transmit_package_AutoaimFeedback)
    xPortStartScheduler                      0x0801051d   Thumb Code   330  port.o(i.xPortStartScheduler)
    xTaskCreate                              0x08010685   Thumb Code   100  tasks.o(i.xTaskCreate)
    xTaskCreateStatic                        0x080106e9   Thumb Code   186  tasks.o(i.xTaskCreateStatic)
    xTaskGetHandle                           0x080107a5   Thumb Code   142  tasks.o(i.xTaskGetHandle)
    xTaskGetSchedulerState                   0x08010849   Thumb Code    24  tasks.o(i.xTaskGetSchedulerState)
    xTaskGetTickCount                        0x08010869   Thumb Code     6  tasks.o(i.xTaskGetTickCount)
    xTaskIncrementTick                       0x08010875   Thumb Code   282  tasks.o(i.xTaskIncrementTick)
    xTaskResumeAll                           0x080109bd   Thumb Code   224  tasks.o(i.xTaskResumeAll)
    __aeabi_d2f                              0x08010ac1   Thumb Code     0  d2f.o(x$fpl$d2f)
    _d2f                                     0x08010ac1   Thumb Code    98  d2f.o(x$fpl$d2f)
    __aeabi_dadd                             0x08010b25   Thumb Code     0  daddsub_clz.o(x$fpl$dadd)
    _dadd                                    0x08010b25   Thumb Code   332  daddsub_clz.o(x$fpl$dadd)
    __fpl_dcmp_Inf                           0x08010c75   Thumb Code    24  dcmpi.o(x$fpl$dcmpinf)
    __aeabi_cdcmple                          0x08010c8d   Thumb Code     0  dleqf.o(x$fpl$dleqf)
    _dcmple                                  0x08010c8d   Thumb Code   120  dleqf.o(x$fpl$dleqf)
    __fpl_dcmple_InfNaN                      0x08010cef   Thumb Code     0  dleqf.o(x$fpl$dleqf)
    __fpl_dnaninf                            0x08010d05   Thumb Code   156  dnaninf.o(x$fpl$dnaninf)
    __fpl_dretinf                            0x08010da1   Thumb Code    12  dretinf.o(x$fpl$dretinf)
    __aeabi_cdrcmple                         0x08010dad   Thumb Code     0  drleqf.o(x$fpl$drleqf)
    _drcmple                                 0x08010dad   Thumb Code   108  drleqf.o(x$fpl$drleqf)
    __aeabi_dsub                             0x08010e19   Thumb Code     0  daddsub_clz.o(x$fpl$dsub)
    _dsub                                    0x08010e19   Thumb Code   464  daddsub_clz.o(x$fpl$dsub)
    __aeabi_f2d                              0x08010fed   Thumb Code     0  f2d.o(x$fpl$f2d)
    _f2d                                     0x08010fed   Thumb Code    86  f2d.o(x$fpl$f2d)
    __fpl_fnaninf                            0x08011043   Thumb Code   140  fnaninf.o(x$fpl$fnaninf)
    _fp_init                                 0x080110cf   Thumb Code    10  fpinit.o(x$fpl$fpinit)
    __fplib_config_fpu_vfp                   0x080110d7   Thumb Code     0  fpinit.o(x$fpl$fpinit)
    __fplib_config_pureend_doubles           0x080110d7   Thumb Code     0  fpinit.o(x$fpl$fpinit)
    __fpl_fretinf                            0x080110d9   Thumb Code    10  fretinf.o(x$fpl$fretinf)
    __I$use$fp                               0x080110e2   Number         0  usenofp.o(x$fpl$usenofp)
    AHBPrescTable                            0x08011194   Data          16  system_stm32f4xx.o(.constdata)
    APBPrescTable                            0x080111a4   Data           8  system_stm32f4xx.o(.constdata)
    Region$$Table$$Base                      0x08011240   Number         0  anon$$obj.o(Region$$Table)
    Region$$Table$$Limit                     0x08011260   Number         0  anon$$obj.o(Region$$Table)
    defaultTaskHandle                        0x20000000   Data           4  freertos.o(.data)
    MotorTaskHandle                          0x20000004   Data           4  freertos.o(.data)
    IMU_TASKHandle                           0x20000008   Data           4  freertos.o(.data)
    GimbalTaskHandle                         0x2000000c   Data           4  freertos.o(.data)
    ChassisTaskHandle                        0x20000010   Data           4  freertos.o(.data)
    ShootTaskHandle                          0x20000014   Data           4  freertos.o(.data)
    hcrc                                     0x2000001c   Data           8  crc.o(.data)
    FS_Desc                                  0x20000024   Data          28  usbd_desc.o(.data)
    USBD_FS_DeviceDesc                       0x20000040   Data          18  usbd_desc.o(.data)
    USBD_LangIDDesc                          0x20000054   Data           4  usbd_desc.o(.data)
    USBD_StringSerial                        0x20000058   Data          26  usbd_desc.o(.data)
    USBD_Interface_fops_FS                   0x20000074   Data          20  usbd_cdc_if.o(.data)
    uwTick                                   0x20000088   Data           4  stm32f4xx_hal.o(.data)
    uwTickPrio                               0x2000008c   Data           4  stm32f4xx_hal.o(.data)
    uwTickFreq                               0x20000090   Data           1  stm32f4xx_hal.o(.data)
    SystemCoreClock                          0x20000094   Data           4  system_stm32f4xx.o(.data)
    pxCurrentTCB                             0x20000098   Data           4  tasks.o(.data)
    USBD_CDC                                 0x20000110   Data          56  usbd_cdc.o(.data)
    BMI088_ACCEL_SEN                         0x20000190   Data           4  bmi088driver.o(.data)
    BMI088_GYRO_SEN                          0x20000194   Data           4  bmi088driver.o(.data)
    gyro_dma_rx_buf                          0x200001c0   Data           8  ins_task.o(.data)
    gyro_dma_tx_buf                          0x200001c8   Data           8  ins_task.o(.data)
    accel_dma_tx_buf                         0x200001d0   Data           9  ins_task.o(.data)
    accel_temp_dma_rx_buf                    0x200001d9   Data           4  ins_task.o(.data)
    accel_temp_dma_tx_buf                    0x200001dd   Data           4  ins_task.o(.data)
    gyro_update_flag                         0x200001e1   Data           1  ins_task.o(.data)
    accel_update_flag                        0x200001e2   Data           1  ins_task.o(.data)
    accel_temp_update_flag                   0x200001e3   Data           1  ins_task.o(.data)
    mag_update_flag                          0x200001e4   Data           1  ins_task.o(.data)
    imu_start_dma_flag                       0x200001e5   Data           1  ins_task.o(.data)
    imu_init_finish_flag                     0x200001e6   Data           1  ins_task.o(.data)
    gimbal_return_finish_flag                0x200001e7   Data           1  ins_task.o(.data)
    gyro_scale_factor                        0x200001e8   Data          36  ins_task.o(.data)
    accel_scale_factor                       0x2000020c   Data          36  ins_task.o(.data)
    mag_scale_factor                         0x20000230   Data          36  ins_task.o(.data)
    IMU_kf_result                            0x20000264   Data           4  ins_task.o(.data)
    yaw_add_one_tick                         0x20000268   Data           4  ins_task.o(.data)
    yaw_offset                               0x2000026c   Data           4  ins_task.o(.data)
    pre_tick                                 0x20000270   Data           4  ins_task.o(.data)
    tick                                     0x20000274   Data           4  ins_task.o(.data)
    add_angle_yaw                            0x20000278   Data           4  ins_task.o(.data)
    count_accel                              0x2000027c   Data           4  ins_task.o(.data)
    count_gyro                               0x20000280   Data           4  ins_task.o(.data)
    count_temp                               0x20000284   Data           4  ins_task.o(.data)
    twoKp                                    0x20000290   Data           4  mahonyahrs.o(.data)
    twoKi                                    0x20000294   Data           4  mahonyahrs.o(.data)
    integralFBx                              0x20000298   Data           4  mahonyahrs.o(.data)
    integralFBy                              0x2000029c   Data           4  mahonyahrs.o(.data)
    integralFBz                              0x200002a0   Data           4  mahonyahrs.o(.data)
    err_sum                                  0x200002a8   Data           8  gimbal.o(.data)
    yaw_value                                0x200002b0   Data           4  gimbal.o(.data)
    pitch_value                              0x200002b4   Data           4  gimbal.o(.data)
    allow_shoot                              0x200002b8   Data           1  gimbal.o(.data)
    yaw_fdb                                  0x200002bc   Data           4  gimbal.o(.data)
    filter_yaw                               0x200002c0   Data           8  gimbal.o(.data)
    filter_pitch                             0x200002c8   Data           8  gimbal.o(.data)
    filter_pitch_zimiao                      0x200002d0   Data           8  gimbal.o(.data)
    Scan_Flag_YAW_turn                       0x200002d8   Data           4  gimbal.o(.data)
    Scan_Flag_PITCH                          0x200002dc   Data           4  gimbal.o(.data)
    Scan_TIME                                0x200002e0   Data           4  gimbal.o(.data)
    Scan_w                                   0x200002e8   Data           8  gimbal.o(.data)
    Change_Mode_Flag                         0x200002f0   Data           4  gimbal.o(.data)
    Change_Scan_Rage                         0x200002f4   Data           4  gimbal.o(.data)
    Pitch_Move_Speed                         0x200002f8   Data           4  gimbal.o(.data)
    Yaw_Move_Speed                           0x200002fc   Data           4  gimbal.o(.data)
    ammu_speed                               0x20000300   Data           4  shoot.o(.data)
    RemainingHeat                            0x20000304   Data           2  shoot.o(.data)
    Now_speed                                0x20000308   Data           4  shoot.o(.data)
    hight_speed                              0x2000030c   Data           4  shoot.o(.data)
    low_speed                                0x20000310   Data           4  shoot.o(.data)
    robot_id                                 0x20000314   Data           1  vision.o(.data)
    vision_transmit_buff                     0x20000315   Data          32  vision.o(.data)
    vision_missing_time                      0x20000338   Data           4  vision.o(.data)
    check_ok                                 0x2000033c   Data           4  vision.o(.data)
    YAW_Vision                               0x20000340   Data           4  vision.o(.data)
    PITCH_Vision                             0x20000344   Data           4  vision.o(.data)
    SB_K_comps                               0x20000348   Data           4  vision.o(.data)
    Vision_Comps_Yaw                         0x2000034c   Data           4  vision.o(.data)
    Vision_Comps_Pitch                       0x20000350   Data           4  vision.o(.data)
    Vision_Comps_Pitch_Dist                  0x20000354   Data           4  vision.o(.data)
    Vision_Get_New_Data                      0x20000358   Data           1  vision.o(.data)
    Vision_Armor                             0x20000359   Data           1  vision.o(.data)
    PID_GIMBAL_3508_1_SPEED_K                0x2000035c   Data          12  motorctrl.o(.data)
    PID_GIMBAL_3508_2_SPEED_K                0x20000368   Data          12  motorctrl.o(.data)
    PID_GIMBAL_2006_SPEED_K                  0x20000374   Data          12  motorctrl.o(.data)
    PID_GIMBAL_6020_SPEED_K                  0x20000380   Data          12  motorctrl.o(.data)
    PID_GIMBAL_6020_ANGLE_K                  0x2000038c   Data          12  motorctrl.o(.data)
    PID_PITCH_4310_SPEED_K                   0x20000398   Data          12  motorctrl.o(.data)
    PID_PITCH_4310_ANGLE_K                   0x200003a4   Data          12  motorctrl.o(.data)
    Div1                                     0x200003b0   Data           4  motorctrl.o(.data)
    k1                                       0x200003b4   Data           4  motorctrl.o(.data)
    k2                                       0x200003b8   Data           4  motorctrl.o(.data)
    Div2                                     0x200003bc   Data           4  motorctrl.o(.data)
    yawspeed                                 0x200003c0   Data           4  motorctrl.o(.data)
    yaw_angle                                0x200003c4   Data           4  motorctrl.o(.data)
    yaw_angle_target                         0x200003c8   Data           4  motorctrl.o(.data)
    hcan1                                    0x20000620   Data          40  can.o(.bss)
    hcan2                                    0x20000648   Data          40  can.o(.bss)
    hi2c3                                    0x20000670   Data          84  i2c.o(.bss)
    hspi1                                    0x200006c4   Data          88  spi.o(.bss)
    hdma_spi1_rx                             0x2000071c   Data          96  spi.o(.bss)
    hdma_spi1_tx                             0x2000077c   Data          96  spi.o(.bss)
    htim1                                    0x200007dc   Data          72  tim.o(.bss)
    htim10                                   0x20000824   Data          72  tim.o(.bss)
    htim13                                   0x2000086c   Data          72  tim.o(.bss)
    huart1                                   0x200008b4   Data          68  usart.o(.bss)
    huart3                                   0x200008f8   Data          68  usart.o(.bss)
    hdma_usart1_rx                           0x2000093c   Data          96  usart.o(.bss)
    hdma_usart1_tx                           0x2000099c   Data          96  usart.o(.bss)
    hdma_usart3_rx                           0x200009fc   Data          96  usart.o(.bss)
    htim6                                    0x20000a5c   Data          72  stm32f4xx_hal_timebase_tim.o(.bss)
    hUsbDeviceFS                             0x20000aa4   Data         732  usb_device.o(.bss)
    USBD_StrDesc                             0x20000d80   Data         512  usbd_desc.o(.bss)
    UserRxBufferFS                           0x20000f80   Data        2048  usbd_cdc_if.o(.bss)
    UserTxBufferFS                           0x20001780   Data        2048  usbd_cdc_if.o(.bss)
    hpcd_USB_OTG_FS                          0x20001f80   Data        1292  usbd_conf.o(.bss)
    yaw_omg_LPF                              0x2000639c   Data          44  myfilter.o(.bss)
    Pitch_omg_LPF                            0x200063c8   Data          44  myfilter.o(.bss)
    accel_dma_rx_buf                         0x200063f4   Data           9  ins_task.o(.bss)
    bmi088_real_data                         0x20006400   Data          36  ins_task.o(.bss)
    ist8310_real_data                        0x20006424   Data          16  ins_task.o(.bss)
    gyro_offset                              0x20006434   Data          12  ins_task.o(.bss)
    gyro_cali_offset                         0x20006440   Data          12  ins_task.o(.bss)
    accel_offset                             0x2000644c   Data          12  ins_task.o(.bss)
    accel_cali_offset                        0x20006458   Data          12  ins_task.o(.bss)
    mag_offset                               0x20006464   Data          12  ins_task.o(.bss)
    mag_cali_offset                          0x20006470   Data          12  ins_task.o(.bss)
    accel_fliter_3                           0x200064f8   Data          12  ins_task.o(.bss)
    INS_gyro                                 0x20006504   Data          12  ins_task.o(.bss)
    INS_accel                                0x20006510   Data          12  ins_task.o(.bss)
    INS_mag                                  0x2000651c   Data          12  ins_task.o(.bss)
    INS_quat                                 0x20006528   Data          16  ins_task.o(.bss)
    INS_angle                                0x20006538   Data          12  ins_task.o(.bss)
    IMU_angle                                0x20006544   Data          12  ins_task.o(.bss)
    Last_ol                                  0x20006550   Data          12  ins_task.o(.bss)
    RC_Ctl                                   0x2000655c   Data          28  dbus.o(.bss)
    sbus_rx_buffer                           0x20006578   Data          18  dbus.o(.bss)
    Gimbal_Data                              0x2000658c   Data          96  gimbal.o(.bss)
    VisionValue                              0x200065ec   Data          40  vision.o(.bss)
    VisionTransmit                           0x20006614   Data          16  vision.o(.bss)
    vision_buf                               0x20006624   Data          32  vision.o(.bss)
    Motor_3508                               0x20006644   Data          64  dji3508.o(.bss)
    PID_GIMBAL_3508_1_SPEED                  0x20006684   Data         100  motorctrl.o(.bss)
    PID_GIMBAL_3508_2_SPEED                  0x200066e8   Data         100  motorctrl.o(.bss)
    PID_GIMBAL_2006_SPEED                    0x2000674c   Data         100  motorctrl.o(.bss)
    PID_GIMBAL_6020_SPEED                    0x200067b0   Data         100  motorctrl.o(.bss)
    PID_GIMBAL_6020_ANGLE                    0x20006814   Data         100  motorctrl.o(.bss)
    PID_PITCH_4310_SPEED                     0x20006878   Data         100  motorctrl.o(.bss)
    PID_PITCH_4310_ANGLE                     0x200068dc   Data         100  motorctrl.o(.bss)
    PID_VISION_YAW_ANGLE                     0x20006940   Data         100  motorctrl.o(.bss)
    PID_VISION_PITCH_ANGLE                   0x200069a4   Data         100  motorctrl.o(.bss)
    Motor_4310                               0x20006a08   Data          60  dm4310.o(.bss)
    Motor_2006                               0x20006a44   Data          40  dji2006.o(.bss)
    Motor_6020                               0x20006a6c   Data          44  dji6020.o(.bss)
    __libspace_start                         0x20006a98   Data          96  libspace.o(.bss)
    __temporary_stack_top$libspace           0x20006af8   Data           0  libspace.o(.bss)



==============================================================================

Memory Map of the image

  Image Entry point : 0x08000189

  Load Region LR_IROM1 (Base: 0x08000000, Size: 0x0001162c, Max: 0x00100000, ABSOLUTE, COMPRESSED[0x000113f0])

    Execution Region ER_IROM1 (Exec base: 0x08000000, Load base: 0x08000000, Size: 0x00011260, Max: 0x00100000, ABSOLUTE)

    Exec Addr    Load Addr    Size         Type   Attr      Idx    E Section Name        Object

    0x08000000   0x08000000   0x00000188   Data   RO            3    RESET               startup_stm32f407xx.o
    0x08000188   0x08000188   0x00000008   Code   RO         9450  * !!!main             c_w.l(__main.o)
    0x08000190   0x08000190   0x00000034   Code   RO         9828    !!!scatter          c_w.l(__scatter.o)
    0x080001c4   0x080001c4   0x0000005a   Code   RO         9826    !!dczerorl2         c_w.l(__dczerorl2.o)
    0x0800021e   0x0800021e   0x00000002   PAD
    0x08000220   0x08000220   0x0000001c   Code   RO         9830    !!handler_zi        c_w.l(__scatter_zi.o)
    0x0800023c   0x0800023c   0x00000002   Code   RO         9697    .ARM.Collect$$libinit$$00000000  c_w.l(libinit.o)
    0x0800023e   0x0800023e   0x00000004   Code   RO         9706    .ARM.Collect$$libinit$$00000001  c_w.l(libinit2.o)
    0x08000242   0x08000242   0x00000000   Code   RO         9709    .ARM.Collect$$libinit$$00000004  c_w.l(libinit2.o)
    0x08000242   0x08000242   0x00000000   Code   RO         9712    .ARM.Collect$$libinit$$0000000A  c_w.l(libinit2.o)
    0x08000242   0x08000242   0x00000000   Code   RO         9714    .ARM.Collect$$libinit$$0000000C  c_w.l(libinit2.o)
    0x08000242   0x08000242   0x00000000   Code   RO         9716    .ARM.Collect$$libinit$$0000000E  c_w.l(libinit2.o)
    0x08000242   0x08000242   0x00000000   Code   RO         9719    .ARM.Collect$$libinit$$00000011  c_w.l(libinit2.o)
    0x08000242   0x08000242   0x00000000   Code   RO         9721    .ARM.Collect$$libinit$$00000013  c_w.l(libinit2.o)
    0x08000242   0x08000242   0x00000000   Code   RO         9723    .ARM.Collect$$libinit$$00000015  c_w.l(libinit2.o)
    0x08000242   0x08000242   0x00000000   Code   RO         9725    .ARM.Collect$$libinit$$00000017  c_w.l(libinit2.o)
    0x08000242   0x08000242   0x00000000   Code   RO         9727    .ARM.Collect$$libinit$$00000019  c_w.l(libinit2.o)
    0x08000242   0x08000242   0x00000000   Code   RO         9729    .ARM.Collect$$libinit$$0000001B  c_w.l(libinit2.o)
    0x08000242   0x08000242   0x00000000   Code   RO         9731    .ARM.Collect$$libinit$$0000001D  c_w.l(libinit2.o)
    0x08000242   0x08000242   0x00000000   Code   RO         9733    .ARM.Collect$$libinit$$0000001F  c_w.l(libinit2.o)
    0x08000242   0x08000242   0x00000000   Code   RO         9735    .ARM.Collect$$libinit$$00000021  c_w.l(libinit2.o)
    0x08000242   0x08000242   0x00000000   Code   RO         9737    .ARM.Collect$$libinit$$00000023  c_w.l(libinit2.o)
    0x08000242   0x08000242   0x00000000   Code   RO         9739    .ARM.Collect$$libinit$$00000025  c_w.l(libinit2.o)
    0x08000242   0x08000242   0x00000000   Code   RO         9743    .ARM.Collect$$libinit$$0000002C  c_w.l(libinit2.o)
    0x08000242   0x08000242   0x00000000   Code   RO         9745    .ARM.Collect$$libinit$$0000002E  c_w.l(libinit2.o)
    0x08000242   0x08000242   0x00000000   Code   RO         9747    .ARM.Collect$$libinit$$00000030  c_w.l(libinit2.o)
    0x08000242   0x08000242   0x00000000   Code   RO         9749    .ARM.Collect$$libinit$$00000032  c_w.l(libinit2.o)
    0x08000242   0x08000242   0x00000002   Code   RO         9750    .ARM.Collect$$libinit$$00000033  c_w.l(libinit2.o)
    0x08000244   0x08000244   0x00000002   Code   RO         9781    .ARM.Collect$$libshutdown$$00000000  c_w.l(libshutdown.o)
    0x08000246   0x08000246   0x00000000   Code   RO         9807    .ARM.Collect$$libshutdown$$00000002  c_w.l(libshutdown2.o)
    0x08000246   0x08000246   0x00000000   Code   RO         9809    .ARM.Collect$$libshutdown$$00000004  c_w.l(libshutdown2.o)
    0x08000246   0x08000246   0x00000000   Code   RO         9811    .ARM.Collect$$libshutdown$$00000006  c_w.l(libshutdown2.o)
    0x08000246   0x08000246   0x00000000   Code   RO         9814    .ARM.Collect$$libshutdown$$00000009  c_w.l(libshutdown2.o)
    0x08000246   0x08000246   0x00000000   Code   RO         9817    .ARM.Collect$$libshutdown$$0000000C  c_w.l(libshutdown2.o)
    0x08000246   0x08000246   0x00000000   Code   RO         9819    .ARM.Collect$$libshutdown$$0000000E  c_w.l(libshutdown2.o)
    0x08000246   0x08000246   0x00000000   Code   RO         9822    .ARM.Collect$$libshutdown$$00000011  c_w.l(libshutdown2.o)
    0x08000246   0x08000246   0x00000002   Code   RO         9823    .ARM.Collect$$libshutdown$$00000012  c_w.l(libshutdown2.o)
    0x08000248   0x08000248   0x00000000   Code   RO         9546    .ARM.Collect$$rtentry$$00000000  c_w.l(__rtentry.o)
    0x08000248   0x08000248   0x00000000   Code   RO         9646    .ARM.Collect$$rtentry$$00000002  c_w.l(__rtentry2.o)
    0x08000248   0x08000248   0x00000006   Code   RO         9658    .ARM.Collect$$rtentry$$00000004  c_w.l(__rtentry4.o)
    0x0800024e   0x0800024e   0x00000000   Code   RO         9648    .ARM.Collect$$rtentry$$00000009  c_w.l(__rtentry2.o)
    0x0800024e   0x0800024e   0x00000004   Code   RO         9649    .ARM.Collect$$rtentry$$0000000A  c_w.l(__rtentry2.o)
    0x08000252   0x08000252   0x00000000   Code   RO         9651    .ARM.Collect$$rtentry$$0000000C  c_w.l(__rtentry2.o)
    0x08000252   0x08000252   0x00000008   Code   RO         9652    .ARM.Collect$$rtentry$$0000000D  c_w.l(__rtentry2.o)
    0x0800025a   0x0800025a   0x00000002   Code   RO         9698    .ARM.Collect$$rtexit$$00000000  c_w.l(rtexit.o)
    0x0800025c   0x0800025c   0x00000000   Code   RO         9754    .ARM.Collect$$rtexit$$00000002  c_w.l(rtexit2.o)
    0x0800025c   0x0800025c   0x00000004   Code   RO         9755    .ARM.Collect$$rtexit$$00000003  c_w.l(rtexit2.o)
    0x08000260   0x08000260   0x00000006   Code   RO         9756    .ARM.Collect$$rtexit$$00000004  c_w.l(rtexit2.o)
    0x08000266   0x08000266   0x00000002   PAD
    0x08000268   0x08000268   0x000000be   Code   RO         7085    .emb_text           port.o
    0x08000326   0x08000326   0x00000002   PAD
    0x08000328   0x08000328   0x00000040   Code   RO            4    .text               startup_stm32f407xx.o
    0x08000368   0x08000368   0x000000ee   Code   RO         9434    .text               c_w.l(lludivv7m.o)
    0x08000456   0x08000456   0x0000003e   Code   RO         9436    .text               c_w.l(strlen.o)
    0x08000494   0x08000494   0x0000008a   Code   RO         9438    .text               c_w.l(rt_memcpy_v6.o)
    0x0800051e   0x0800051e   0x00000064   Code   RO         9440    .text               c_w.l(rt_memcpy_w.o)
    0x08000582   0x08000582   0x00000044   Code   RO         9444    .text               c_w.l(rt_memclr.o)
    0x080005c6   0x080005c6   0x0000004e   Code   RO         9446    .text               c_w.l(rt_memclr_w.o)
    0x08000614   0x08000614   0x00000006   Code   RO         9448    .text               c_w.l(heapauxi.o)
    0x0800061a   0x0800061a   0x00000016   Code   RO         9551    .text               c_w.l(_rserrno.o)
    0x08000630   0x08000630   0x00000008   Code   RO         9665    .text               c_w.l(rt_errno_addr_intlibspace.o)
    0x08000638   0x08000638   0x00000008   Code   RO         9681    .text               c_w.l(libspace.o)
    0x08000640   0x08000640   0x0000004a   Code   RO         9684    .text               c_w.l(sys_stackheap_outer.o)
    0x0800068a   0x0800068a   0x00000012   Code   RO         9686    .text               c_w.l(exit.o)
    0x0800069c   0x0800069c   0x0000000c   Code   RO         9751    .text               c_w.l(sys_exit.o)
    0x080006a8   0x080006a8   0x00000002   Code   RO         9770    .text               c_w.l(use_no_semi.o)
    0x080006aa   0x080006aa   0x00000000   Code   RO         9772    .text               c_w.l(indicate_semi.o)
    0x080006aa   0x080006aa   0x00000002   PAD
    0x080006ac   0x080006ac   0x00000028   Code   RO         8157    i.AHRS_init         ins_task.o
    0x080006d4   0x080006d4   0x00000052   Code   RO         8158    i.AHRS_update       ins_task.o
    0x08000726   0x08000726   0x00000002   PAD
    0x08000728   0x08000728   0x00000130   Code   RO         8766    i.Ammunition_Motor_Ctrol  shoot.o
    0x08000858   0x08000858   0x00000014   Code   RO         7995    i.BMI088_ACCEL_NS_H  bmi088middleware.o
    0x0800086c   0x0800086c   0x00000014   Code   RO         7996    i.BMI088_ACCEL_NS_L  bmi088middleware.o
    0x08000880   0x08000880   0x00000002   Code   RO         7997    i.BMI088_GPIO_init  bmi088middleware.o
    0x08000882   0x08000882   0x00000002   PAD
    0x08000884   0x08000884   0x00000014   Code   RO         7998    i.BMI088_GYRO_NS_H  bmi088middleware.o
    0x08000898   0x08000898   0x00000014   Code   RO         7999    i.BMI088_GYRO_NS_L  bmi088middleware.o
    0x080008ac   0x080008ac   0x00000090   Code   RO         7778    i.BMI088_accel_read_over  bmi088driver.o
    0x0800093c   0x0800093c   0x00000002   Code   RO         8000    i.BMI088_com_init   bmi088middleware.o
    0x0800093e   0x0800093e   0x0000000c   Code   RO         8001    i.BMI088_delay_ms   bmi088middleware.o
    0x0800094a   0x0800094a   0x0000000c   Code   RO         8002    i.BMI088_delay_us   bmi088middleware.o
    0x08000956   0x08000956   0x00000002   PAD
    0x08000958   0x08000958   0x00000068   Code   RO         7779    i.BMI088_gyro_read_over  bmi088driver.o
    0x080009c0   0x080009c0   0x00000034   Code   RO         7780    i.BMI088_init       bmi088driver.o
    0x080009f4   0x080009f4   0x0000017c   Code   RO         7781    i.BMI088_read       bmi088driver.o
    0x08000b70   0x08000b70   0x00000026   Code   RO         7784    i.BMI088_read_muli_reg  bmi088driver.o
    0x08000b96   0x08000b96   0x00000018   Code   RO         7785    i.BMI088_read_single_reg  bmi088driver.o
    0x08000bae   0x08000bae   0x00000002   PAD
    0x08000bb0   0x08000bb0   0x00000020   Code   RO         8003    i.BMI088_read_write_byte  bmi088middleware.o
    0x08000bd0   0x08000bd0   0x00000034   Code   RO         7786    i.BMI088_temperature_read_over  bmi088driver.o
    0x08000c04   0x08000c04   0x00000014   Code   RO         7787    i.BMI088_write_single_reg  bmi088driver.o
    0x08000c18   0x08000c18   0x00000004   Code   RO          886    i.BusFault_Handler  stm32f4xx_it.o
    0x08000c1c   0x08000c1c   0x00000010   Code   RO          887    i.CAN1_RX0_IRQHandler  stm32f4xx_it.o
    0x08000c2c   0x08000c2c   0x00000010   Code   RO          888    i.CAN2_RX0_IRQHandler  stm32f4xx_it.o
    0x08000c3c   0x08000c3c   0x00000044   Code   RO         9142    i.CAN_Init          global_can.o
    0x08000c80   0x08000c80   0x00000044   Code   RO         1267    i.CDC_Control_FS    usbd_cdc_if.o
    0x08000cc4   0x08000cc4   0x00000004   Code   RO         1268    i.CDC_DeInit_FS     usbd_cdc_if.o
    0x08000cc8   0x08000cc8   0x00000024   Code   RO         1269    i.CDC_Init_FS       usbd_cdc_if.o
    0x08000cec   0x08000cec   0x00000038   Code   RO         1270    i.CDC_Receive_FS    usbd_cdc_if.o
    0x08000d24   0x08000d24   0x0000000c   Code   RO         1271    i.CDC_TransmitCplt_FS  usbd_cdc_if.o
    0x08000d30   0x08000d30   0x00000038   Code   RO         1272    i.CDC_Transmit_FS   usbd_cdc_if.o
    0x08000d68   0x08000d68   0x00000010   Code   RO          889    i.DMA1_Stream1_IRQHandler  stm32f4xx_it.o
    0x08000d78   0x08000d78   0x00000014   Code   RO          890    i.DMA2_Stream2_IRQHandler  stm32f4xx_it.o
    0x08000d8c   0x08000d8c   0x00000010   Code   RO          891    i.DMA2_Stream3_IRQHandler  stm32f4xx_it.o
    0x08000d9c   0x08000d9c   0x00000010   Code   RO          892    i.DMA2_Stream5_IRQHandler  stm32f4xx_it.o
    0x08000dac   0x08000dac   0x00000010   Code   RO          893    i.DMA2_Stream7_IRQHandler  stm32f4xx_it.o
    0x08000dbc   0x08000dbc   0x00000034   Code   RO         2658    i.DMA_CalcBaseAndBitshift  stm32f4xx_hal_dma.o
    0x08000df0   0x08000df0   0x000000aa   Code   RO         2659    i.DMA_CheckFifoParam  stm32f4xx_hal_dma.o
    0x08000e9a   0x08000e9a   0x0000002c   Code   RO         2660    i.DMA_SetConfig     stm32f4xx_hal_dma.o
    0x08000ec6   0x08000ec6   0x00000002   Code   RO          894    i.DebugMon_Handler  stm32f4xx_it.o
    0x08000ec8   0x08000ec8   0x0000000a   Code   RO          895    i.EXTI0_IRQHandler  stm32f4xx_it.o
    0x08000ed2   0x08000ed2   0x0000000a   Code   RO          896    i.EXTI1_IRQHandler  stm32f4xx_it.o
    0x08000edc   0x08000edc   0x0000000a   Code   RO          897    i.EXTI3_IRQHandler  stm32f4xx_it.o
    0x08000ee6   0x08000ee6   0x0000000a   Code   RO          898    i.EXTI4_IRQHandler  stm32f4xx_it.o
    0x08000ef0   0x08000ef0   0x0000000a   Code   RO          899    i.EXTI9_5_IRQHandler  stm32f4xx_it.o
    0x08000efa   0x08000efa   0x00000006   Code   RO           13    i.Error_Handler     main.o
    0x08000f00   0x08000f00   0x000000ac   Code   RO         8767    i.Friction_Motor_Ctrol  shoot.o
    0x08000fac   0x08000fac   0x00000034   Code   RO         1177    i.Get_SerialNum     usbd_desc.o
    0x08000fe0   0x08000fe0   0x00000156   Code   RO         3338    i.HAL_CAN_AddTxMessage  stm32f4xx_hal_can.o
    0x08001136   0x08001136   0x00000002   PAD
    0x08001138   0x08001138   0x00000124   Code   RO         3339    i.HAL_CAN_ConfigFilter  stm32f4xx_hal_can.o
    0x0800125c   0x0800125c   0x00000002   Code   RO         3342    i.HAL_CAN_ErrorCallback  stm32f4xx_hal_can.o
    0x0800125e   0x0800125e   0x0000017a   Code   RO         3345    i.HAL_CAN_GetRxMessage  stm32f4xx_hal_can.o
    0x080013d8   0x080013d8   0x00000036   Code   RO         3347    i.HAL_CAN_GetTxMailboxesFreeLevel  stm32f4xx_hal_can.o
    0x0800140e   0x0800140e   0x0000024e   Code   RO         3349    i.HAL_CAN_IRQHandler  stm32f4xx_hal_can.o
    0x0800165c   0x0800165c   0x00000174   Code   RO         3350    i.HAL_CAN_Init      stm32f4xx_hal_can.o
    0x080017d0   0x080017d0   0x00000160   Code   RO          565    i.HAL_CAN_MspInit   can.o
    0x08001930   0x08001930   0x00000002   Code   RO         3357    i.HAL_CAN_RxFifo0FullCallback  stm32f4xx_hal_can.o
    0x08001932   0x08001932   0x00000002   PAD
    0x08001934   0x08001934   0x00000098   Code   RO         9143    i.HAL_CAN_RxFifo0MsgPendingCallback  global_can.o
    0x080019cc   0x080019cc   0x00000002   Code   RO         3359    i.HAL_CAN_RxFifo1FullCallback  stm32f4xx_hal_can.o
    0x080019ce   0x080019ce   0x00000002   Code   RO         3360    i.HAL_CAN_RxFifo1MsgPendingCallback  stm32f4xx_hal_can.o
    0x080019d0   0x080019d0   0x00000002   Code   RO         3361    i.HAL_CAN_SleepCallback  stm32f4xx_hal_can.o
    0x080019d2   0x080019d2   0x0000005e   Code   RO         3362    i.HAL_CAN_Start     stm32f4xx_hal_can.o
    0x08001a30   0x08001a30   0x00000002   Code   RO         3364    i.HAL_CAN_TxMailbox0AbortCallback  stm32f4xx_hal_can.o
    0x08001a32   0x08001a32   0x00000002   Code   RO         3365    i.HAL_CAN_TxMailbox0CompleteCallback  stm32f4xx_hal_can.o
    0x08001a34   0x08001a34   0x00000002   Code   RO         3366    i.HAL_CAN_TxMailbox1AbortCallback  stm32f4xx_hal_can.o
    0x08001a36   0x08001a36   0x00000002   Code   RO         3367    i.HAL_CAN_TxMailbox1CompleteCallback  stm32f4xx_hal_can.o
    0x08001a38   0x08001a38   0x00000002   Code   RO         3368    i.HAL_CAN_TxMailbox2AbortCallback  stm32f4xx_hal_can.o
    0x08001a3a   0x08001a3a   0x00000002   Code   RO         3369    i.HAL_CAN_TxMailbox2CompleteCallback  stm32f4xx_hal_can.o
    0x08001a3c   0x08001a3c   0x00000002   Code   RO         3371    i.HAL_CAN_WakeUpFromRxMsgCallback  stm32f4xx_hal_can.o
    0x08001a3e   0x08001a3e   0x00000020   Code   RO         3574    i.HAL_CRC_Init      stm32f4xx_hal_crc.o
    0x08001a5e   0x08001a5e   0x00000002   PAD
    0x08001a60   0x08001a60   0x00000034   Code   RO          614    i.HAL_CRC_MspInit   crc.o
    0x08001a94   0x08001a94   0x000000ac   Code   RO         2661    i.HAL_DMA_Abort     stm32f4xx_hal_dma.o
    0x08001b40   0x08001b40   0x00000028   Code   RO         2662    i.HAL_DMA_Abort_IT  stm32f4xx_hal_dma.o
    0x08001b68   0x08001b68   0x00000240   Code   RO         2666    i.HAL_DMA_IRQHandler  stm32f4xx_hal_dma.o
    0x08001da8   0x08001da8   0x000000ec   Code   RO         2667    i.HAL_DMA_Init      stm32f4xx_hal_dma.o
    0x08001e94   0x08001e94   0x00000066   Code   RO         2670    i.HAL_DMA_Start     stm32f4xx_hal_dma.o
    0x08001efa   0x08001efa   0x00000002   PAD
    0x08001efc   0x08001efc   0x00000028   Code   RO         3085    i.HAL_Delay         stm32f4xx_hal.o
    0x08001f24   0x08001f24   0x000000d8   Code   RO         8159    i.HAL_GPIO_EXTI_Callback  ins_task.o
    0x08001ffc   0x08001ffc   0x0000001c   Code   RO         2553    i.HAL_GPIO_EXTI_IRQHandler  stm32f4xx_hal_gpio.o
    0x08002018   0x08002018   0x000001f4   Code   RO         2554    i.HAL_GPIO_Init     stm32f4xx_hal_gpio.o
    0x0800220c   0x0800220c   0x0000000c   Code   RO         2558    i.HAL_GPIO_WritePin  stm32f4xx_hal_gpio.o
    0x08002218   0x08002218   0x0000000c   Code   RO         3091    i.HAL_GetTick       stm32f4xx_hal.o
    0x08002224   0x08002224   0x000001d0   Code   RO         3641    i.HAL_I2C_Init      stm32f4xx_hal_i2c.o
    0x080023f4   0x080023f4   0x000002f4   Code   RO         3659    i.HAL_I2C_Mem_Read  stm32f4xx_hal_i2c.o
    0x080026e8   0x080026e8   0x00000164   Code   RO         3662    i.HAL_I2C_Mem_Write  stm32f4xx_hal_i2c.o
    0x0800284c   0x0800284c   0x000000c8   Code   RO          683    i.HAL_I2C_MspInit   i2c.o
    0x08002914   0x08002914   0x00000018   Code   RO         3097    i.HAL_IncTick       stm32f4xx_hal.o
    0x0800292c   0x0800292c   0x0000003c   Code   RO         3098    i.HAL_Init          stm32f4xx_hal.o
    0x08002968   0x08002968   0x000000b4   Code   RO         1081    i.HAL_InitTick      stm32f4xx_hal_timebase_tim.o
    0x08002a1c   0x08002a1c   0x00000054   Code   RO         1057    i.HAL_MspInit       stm32f4xx_hal_msp.o
    0x08002a70   0x08002a70   0x00000020   Code   RO         2943    i.HAL_NVIC_EnableIRQ  stm32f4xx_hal_cortex.o
    0x08002a90   0x08002a90   0x0000007c   Code   RO         2949    i.HAL_NVIC_SetPriority  stm32f4xx_hal_cortex.o
    0x08002b0c   0x08002b0c   0x00000028   Code   RO         2950    i.HAL_NVIC_SetPriorityGrouping  stm32f4xx_hal_cortex.o
    0x08002b34   0x08002b34   0x00000002   Code   RO         1802    i.HAL_PCDEx_LPM_Callback  stm32f4xx_hal_pcd_ex.o
    0x08002b36   0x08002b36   0x0000000a   Code   RO         1803    i.HAL_PCDEx_SetRxFiFo  stm32f4xx_hal_pcd_ex.o
    0x08002b40   0x08002b40   0x0000004e   Code   RO         1804    i.HAL_PCDEx_SetTxFiFo  stm32f4xx_hal_pcd_ex.o
    0x08002b8e   0x08002b8e   0x0000000e   Code   RO         1351    i.HAL_PCD_ConnectCallback  usbd_conf.o
    0x08002b9c   0x08002b9c   0x00000020   Code   RO         1352    i.HAL_PCD_DataInStageCallback  usbd_conf.o
    0x08002bbc   0x08002bbc   0x00000020   Code   RO         1353    i.HAL_PCD_DataOutStageCallback  usbd_conf.o
    0x08002bdc   0x08002bdc   0x0000000e   Code   RO         1354    i.HAL_PCD_DisconnectCallback  usbd_conf.o
    0x08002bea   0x08002bea   0x00000042   Code   RO         1567    i.HAL_PCD_EP_Abort  stm32f4xx_hal_pcd.o
    0x08002c2c   0x08002c2c   0x0000006a   Code   RO         1568    i.HAL_PCD_EP_Close  stm32f4xx_hal_pcd.o
    0x08002c96   0x08002c96   0x0000007c   Code   RO         1569    i.HAL_PCD_EP_ClrStall  stm32f4xx_hal_pcd.o
    0x08002d12   0x08002d12   0x00000016   Code   RO         1571    i.HAL_PCD_EP_GetRxCount  stm32f4xx_hal_pcd.o
    0x08002d28   0x08002d28   0x0000008c   Code   RO         1572    i.HAL_PCD_EP_Open   stm32f4xx_hal_pcd.o
    0x08002db4   0x08002db4   0x00000058   Code   RO         1573    i.HAL_PCD_EP_Receive  stm32f4xx_hal_pcd.o
    0x08002e0c   0x08002e0c   0x0000008a   Code   RO         1574    i.HAL_PCD_EP_SetStall  stm32f4xx_hal_pcd.o
    0x08002e96   0x08002e96   0x0000005a   Code   RO         1575    i.HAL_PCD_EP_Transmit  stm32f4xx_hal_pcd.o
    0x08002ef0   0x08002ef0   0x000006ca   Code   RO         1577    i.HAL_PCD_IRQHandler  stm32f4xx_hal_pcd.o
    0x080035ba   0x080035ba   0x00000012   Code   RO         1355    i.HAL_PCD_ISOINIncompleteCallback  usbd_conf.o
    0x080035cc   0x080035cc   0x00000012   Code   RO         1356    i.HAL_PCD_ISOOUTIncompleteCallback  usbd_conf.o
    0x080035de   0x080035de   0x00000166   Code   RO         1580    i.HAL_PCD_Init      stm32f4xx_hal_pcd.o
    0x08003744   0x08003744   0x000000a8   Code   RO         1358    i.HAL_PCD_MspInit   usbd_conf.o
    0x080037ec   0x080037ec   0x00000030   Code   RO         1359    i.HAL_PCD_ResetCallback  usbd_conf.o
    0x0800381c   0x0800381c   0x0000000e   Code   RO         1360    i.HAL_PCD_ResumeCallback  usbd_conf.o
    0x0800382a   0x0800382a   0x0000000e   Code   RO         1361    i.HAL_PCD_SOFCallback  usbd_conf.o
    0x08003838   0x08003838   0x00000036   Code   RO         1586    i.HAL_PCD_SetAddress  stm32f4xx_hal_pcd.o
    0x0800386e   0x0800386e   0x00000012   Code   RO         1362    i.HAL_PCD_SetupStageCallback  usbd_conf.o
    0x08003880   0x08003880   0x0000004a   Code   RO         1589    i.HAL_PCD_Start     stm32f4xx_hal_pcd.o
    0x080038ca   0x080038ca   0x00000002   PAD
    0x080038cc   0x080038cc   0x00000034   Code   RO         1363    i.HAL_PCD_SuspendCallback  usbd_conf.o
    0x08003900   0x08003900   0x00000184   Code   RO         2155    i.HAL_RCC_ClockConfig  stm32f4xx_hal_rcc.o
    0x08003a84   0x08003a84   0x00000044   Code   RO         2159    i.HAL_RCC_GetClockConfig  stm32f4xx_hal_rcc.o
    0x08003ac8   0x08003ac8   0x0000000c   Code   RO         2160    i.HAL_RCC_GetHCLKFreq  stm32f4xx_hal_rcc.o
    0x08003ad4   0x08003ad4   0x00000020   Code   RO         2162    i.HAL_RCC_GetPCLK1Freq  stm32f4xx_hal_rcc.o
    0x08003af4   0x08003af4   0x00000020   Code   RO         2163    i.HAL_RCC_GetPCLK2Freq  stm32f4xx_hal_rcc.o
    0x08003b14   0x08003b14   0x000000b0   Code   RO         2164    i.HAL_RCC_GetSysClockFreq  stm32f4xx_hal_rcc.o
    0x08003bc4   0x08003bc4   0x0000049c   Code   RO         2167    i.HAL_RCC_OscConfig  stm32f4xx_hal_rcc.o
    0x08004060   0x08004060   0x000000c8   Code   RO         4131    i.HAL_SPI_Init      stm32f4xx_hal_spi.o
    0x08004128   0x08004128   0x00000174   Code   RO          725    i.HAL_SPI_MspInit   spi.o
    0x0800429c   0x0800429c   0x0000022a   Code   RO         4140    i.HAL_SPI_TransmitReceive  stm32f4xx_hal_spi.o
    0x080044c6   0x080044c6   0x00000002   Code   RO         5159    i.HAL_TIMEx_BreakCallback  stm32f4xx_hal_tim_ex.o
    0x080044c8   0x080044c8   0x00000002   Code   RO         5160    i.HAL_TIMEx_CommutCallback  stm32f4xx_hal_tim_ex.o
    0x080044ca   0x080044ca   0x00000074   Code   RO         5162    i.HAL_TIMEx_ConfigBreakDeadTime  stm32f4xx_hal_tim_ex.o
    0x0800453e   0x0800453e   0x00000002   PAD
    0x08004540   0x08004540   0x000000b4   Code   RO         5178    i.HAL_TIMEx_MasterConfigSynchronization  stm32f4xx_hal_tim_ex.o
    0x080045f4   0x080045f4   0x00000066   Code   RO         4444    i.HAL_TIM_Base_Init  stm32f4xx_hal_tim.o
    0x0800465a   0x0800465a   0x00000002   PAD
    0x0800465c   0x0800465c   0x00000078   Code   RO          767    i.HAL_TIM_Base_MspInit  tim.o
    0x080046d4   0x080046d4   0x000000a8   Code   RO         4449    i.HAL_TIM_Base_Start_IT  stm32f4xx_hal_tim.o
    0x0800477c   0x0800477c   0x00000002   Code   RO         4478    i.HAL_TIM_IC_CaptureCallback  stm32f4xx_hal_tim.o
    0x0800477e   0x0800477e   0x00000196   Code   RO         4492    i.HAL_TIM_IRQHandler  stm32f4xx_hal_tim.o
    0x08004914   0x08004914   0x000000ac   Code   RO          768    i.HAL_TIM_MspPostInit  tim.o
    0x080049c0   0x080049c0   0x00000002   Code   RO         4495    i.HAL_TIM_OC_DelayElapsedCallback  stm32f4xx_hal_tim.o
    0x080049c2   0x080049c2   0x00000104   Code   RO         4516    i.HAL_TIM_PWM_ConfigChannel  stm32f4xx_hal_tim.o
    0x08004ac6   0x08004ac6   0x00000066   Code   RO         4519    i.HAL_TIM_PWM_Init  stm32f4xx_hal_tim.o
    0x08004b2c   0x08004b2c   0x00000034   Code   RO          770    i.HAL_TIM_PWM_MspInit  tim.o
    0x08004b60   0x08004b60   0x00000002   Code   RO         4522    i.HAL_TIM_PWM_PulseFinishedCallback  stm32f4xx_hal_tim.o
    0x08004b62   0x08004b62   0x00000002   PAD
    0x08004b64   0x08004b64   0x00000044   Code   RO           14    i.HAL_TIM_PeriodElapsedCallback  main.o
    0x08004ba8   0x08004ba8   0x00000002   Code   RO         4535    i.HAL_TIM_TriggerCallback  stm32f4xx_hal_tim.o
    0x08004baa   0x08004baa   0x00000002   Code   RO         5437    i.HAL_UARTEx_RxEventCallback  stm32f4xx_hal_uart.o
    0x08004bac   0x08004bac   0x00000002   Code   RO         5451    i.HAL_UART_ErrorCallback  stm32f4xx_hal_uart.o
    0x08004bae   0x08004bae   0x00000002   PAD
    0x08004bb0   0x08004bb0   0x000002e0   Code   RO         5454    i.HAL_UART_IRQHandler  stm32f4xx_hal_uart.o
    0x08004e90   0x08004e90   0x00000072   Code   RO         5455    i.HAL_UART_Init     stm32f4xx_hal_uart.o
    0x08004f02   0x08004f02   0x00000002   PAD
    0x08004f04   0x08004f04   0x0000023c   Code   RO          839    i.HAL_UART_MspInit  usart.o
    0x08005140   0x08005140   0x00000002   Code   RO         5461    i.HAL_UART_RxCpltCallback  stm32f4xx_hal_uart.o
    0x08005142   0x08005142   0x00000002   Code   RO         5466    i.HAL_UART_TxCpltCallback  stm32f4xx_hal_uart.o
    0x08005144   0x08005144   0x00000004   Code   RO          900    i.HardFault_Handler  stm32f4xx_it.o
    0x08005148   0x08005148   0x0000003e   Code   RO         3684    i.I2C_IsAcknowledgeFailed  stm32f4xx_hal_i2c.o
    0x08005186   0x08005186   0x00000002   PAD
    0x08005188   0x08005188   0x00000160   Code   RO         3695    i.I2C_RequestMemoryRead  stm32f4xx_hal_i2c.o
    0x080052e8   0x080052e8   0x000000e0   Code   RO         3696    i.I2C_RequestMemoryWrite  stm32f4xx_hal_i2c.o
    0x080053c8   0x080053c8   0x0000005c   Code   RO         3704    i.I2C_WaitOnBTFFlagUntilTimeout  stm32f4xx_hal_i2c.o
    0x08005424   0x08005424   0x00000086   Code   RO         3705    i.I2C_WaitOnFlagUntilTimeout  stm32f4xx_hal_i2c.o
    0x080054aa   0x080054aa   0x000000c4   Code   RO         3706    i.I2C_WaitOnMasterAddressFlagUntilTimeout  stm32f4xx_hal_i2c.o
    0x0800556e   0x0800556e   0x00000080   Code   RO         3707    i.I2C_WaitOnRXNEFlagUntilTimeout  stm32f4xx_hal_i2c.o
    0x080055ee   0x080055ee   0x0000005c   Code   RO         3710    i.I2C_WaitOnTXEFlagUntilTimeout  stm32f4xx_hal_i2c.o
    0x0800564a   0x0800564a   0x00000066   Code   RO         7740    i.IIR_Calc          myfilter.o
    0x080056b0   0x080056b0   0x0000006c   Code   RO         7741    i.IIR_Init          myfilter.o
    0x0800571c   0x0800571c   0x00000124   Code   RO         8160    i.IMU_InitArgument  ins_task.o
    0x08005840   0x08005840   0x00000464   Code   RO         8162    i.INS_task          ins_task.o
    0x08005ca4   0x08005ca4   0x0000003e   Code   RO         1178    i.IntToUnicode      usbd_desc.o
    0x08005ce2   0x08005ce2   0x00000002   PAD
    0x08005ce4   0x08005ce4   0x00000044   Code   RO          566    i.MX_CAN1_Init      can.o
    0x08005d28   0x08005d28   0x00000044   Code   RO          567    i.MX_CAN2_Init      can.o
    0x08005d6c   0x08005d6c   0x00000020   Code   RO          615    i.MX_CRC_Init       crc.o
    0x08005d8c   0x08005d8c   0x00000098   Code   RO          655    i.MX_DMA_Init       dma.o
    0x08005e24   0x08005e24   0x000000b4   Code   RO          446    i.MX_FREERTOS_Init  freertos.o
    0x08005ed8   0x08005ed8   0x00000268   Code   RO          304    i.MX_GPIO_Init      gpio.o
    0x08006140   0x08006140   0x0000003c   Code   RO          684    i.MX_I2C3_Init      i2c.o
    0x0800617c   0x0800617c   0x00000048   Code   RO          726    i.MX_SPI1_Init      spi.o
    0x080061c4   0x080061c4   0x0000006c   Code   RO          771    i.MX_TIM10_Init     tim.o
    0x08006230   0x08006230   0x00000038   Code   RO          772    i.MX_TIM13_Init     tim.o
    0x08006268   0x08006268   0x000000b0   Code   RO          773    i.MX_TIM1_Init      tim.o
    0x08006318   0x08006318   0x00000038   Code   RO          840    i.MX_USART1_UART_Init  usart.o
    0x08006350   0x08006350   0x00000040   Code   RO          841    i.MX_USART3_UART_Init  usart.o
    0x08006390   0x08006390   0x0000004c   Code   RO         1120    i.MX_USB_DEVICE_Init  usb_device.o
    0x080063dc   0x080063dc   0x000002fc   Code   RO         8525    i.MahonyAHRSupdateIMU  mahonyahrs.o
    0x080066d8   0x080066d8   0x00000004   Code   RO          901    i.MemManage_Handler  stm32f4xx_it.o
    0x080066dc   0x080066dc   0x00000044   Code   RO         9355    i.Motor_2006_receive  dji2006.o
    0x08006720   0x08006720   0x00000038   Code   RO         9190    i.Motor_3508_receive  dji3508.o
    0x08006758   0x08006758   0x00000064   Code   RO         9191    i.Motor_3508_send   dji3508.o
    0x080067bc   0x080067bc   0x0000009c   Code   RO         9301    i.Motor_4310_receive  dm4310.o
    0x08006858   0x08006858   0x00000120   Code   RO         9302    i.Motor_4310_send   dm4310.o
    0x08006978   0x08006978   0x00000060   Code   RO         9303    i.Motor_4310_start  dm4310.o
    0x080069d8   0x080069d8   0x0000004a   Code   RO         9397    i.Motor_6020_receive  dji6020.o
    0x08006a22   0x08006a22   0x00000064   Code   RO         9398    i.Motor_6020_send   dji6020.o
    0x08006a86   0x08006a86   0x00000002   PAD
    0x08006a88   0x08006a88   0x000003ec   Code   RO         9231    i.Motor_Ctrl        motorctrl.o
    0x08006e74   0x08006e74   0x00000188   Code   RO         9232    i.Motor_PID_Init    motorctrl.o
    0x08006ffc   0x08006ffc   0x00000004   Code   RO          902    i.NMI_Handler       stm32f4xx_it.o
    0x08007000   0x08007000   0x00000010   Code   RO          903    i.OTG_FS_IRQHandler  stm32f4xx_it.o
    0x08007010   0x08007010   0x00000064   Code   RO         1593    i.PCD_EP_OutSetupPacket_int  stm32f4xx_hal_pcd.o
    0x08007074   0x08007074   0x00000144   Code   RO         1594    i.PCD_EP_OutXfrComplete_int  stm32f4xx_hal_pcd.o
    0x080071b8   0x080071b8   0x000000b6   Code   RO         1595    i.PCD_WriteEmptyTxFifo  stm32f4xx_hal_pcd.o
    0x0800726e   0x0800726e   0x00000002   PAD
    0x08007270   0x08007270   0x00000218   Code   RO         8628    i.Remote_Move       gimbal.o
    0x08007488   0x08007488   0x000000e8   Code   RO         8629    i.Robot_Mode_Select  gimbal.o
    0x08007570   0x08007570   0x0000273c   Code   RO         8123    i.SPI1_DMA_enable   bsp_spi.o
    0x08009cac   0x08009cac   0x00000180   Code   RO         8124    i.SPI1_DMA_init     bsp_spi.o
    0x08009e2c   0x08009e2c   0x0000006c   Code   RO         4169    i.SPI_EndRxTxTransaction  stm32f4xx_hal_spi.o
    0x08009e98   0x08009e98   0x000000d8   Code   RO         4174    i.SPI_WaitFlagStateUntilTimeout  stm32f4xx_hal_spi.o
    0x08009f70   0x08009f70   0x00000012   Code   RO         7327    i.SWAPBYTE          usbd_ctlreq.o
    0x08009f82   0x08009f82   0x00000014   Code   RO         8700    i.StartChassisTask  chassis.o
    0x08009f96   0x08009f96   0x0000000e   Code   RO          448    i.StartDefaultTask  freertos.o
    0x08009fa4   0x08009fa4   0x00000030   Code   RO         8630    i.StartGimbalTask   gimbal.o
    0x08009fd4   0x08009fd4   0x00000094   Code   RO         9233    i.StartMotorTask    motorctrl.o
    0x0800a068   0x0800a068   0x0000001c   Code   RO         8768    i.StartShootTask    shoot.o
    0x0800a084   0x0800a084   0x00000034   Code   RO         7086    i.SysTick_Handler   port.o
    0x0800a0b8   0x0800a0b8   0x000000b4   Code   RO           15    i.SystemClock_Config  main.o
    0x0800a16c   0x0800a16c   0x00000014   Code   RO         5794    i.SystemInit        system_stm32f4xx.o
    0x0800a180   0x0800a180   0x00000010   Code   RO          904    i.TIM6_DAC_IRQHandler  stm32f4xx_it.o
    0x0800a190   0x0800a190   0x00000010   Code   RO          905    i.TIM8_UP_TIM13_IRQHandler  stm32f4xx_it.o
    0x0800a1a0   0x0800a1a0   0x000000d8   Code   RO         4537    i.TIM_Base_SetConfig  stm32f4xx_hal_tim.o
    0x0800a278   0x0800a278   0x00000070   Code   RO         4550    i.TIM_OC1_SetConfig  stm32f4xx_hal_tim.o
    0x0800a2e8   0x0800a2e8   0x0000007c   Code   RO         4551    i.TIM_OC2_SetConfig  stm32f4xx_hal_tim.o
    0x0800a364   0x0800a364   0x00000078   Code   RO         4552    i.TIM_OC3_SetConfig  stm32f4xx_hal_tim.o
    0x0800a3dc   0x0800a3dc   0x00000054   Code   RO         4553    i.TIM_OC4_SetConfig  stm32f4xx_hal_tim.o
    0x0800a430   0x0800a430   0x00000014   Code   RO         5468    i.UART_DMAAbortOnError  stm32f4xx_hal_uart.o
    0x0800a444   0x0800a444   0x0000006c   Code   RO         5478    i.UART_EndRxTransfer  stm32f4xx_hal_uart.o
    0x0800a4b0   0x0800a4b0   0x00000020   Code   RO         5479    i.UART_EndTransmit_IT  stm32f4xx_hal_uart.o
    0x0800a4d0   0x0800a4d0   0x000000f8   Code   RO         5481    i.UART_Receive_IT   stm32f4xx_hal_uart.o
    0x0800a5c8   0x0800a5c8   0x0000022c   Code   RO         5482    i.UART_SetConfig    stm32f4xx_hal_uart.o
    0x0800a7f4   0x0800a7f4   0x00000060   Code   RO         5485    i.UART_Transmit_IT  stm32f4xx_hal_uart.o
    0x0800a854   0x0800a854   0x00000010   Code   RO          906    i.USART1_IRQHandler  stm32f4xx_it.o
    0x0800a864   0x0800a864   0x00000014   Code   RO          907    i.USART3_IRQHandler  stm32f4xx_it.o
    0x0800a878   0x0800a878   0x000000c4   Code   RO         7490    i.USBD_CDC_DataIn   usbd_cdc.o
    0x0800a93c   0x0800a93c   0x00000048   Code   RO         7491    i.USBD_CDC_DataOut  usbd_cdc.o
    0x0800a984   0x0800a984   0x000000d4   Code   RO         7492    i.USBD_CDC_DeInit   usbd_cdc.o
    0x0800aa58   0x0800aa58   0x00000050   Code   RO         7493    i.USBD_CDC_EP0_RxReady  usbd_cdc.o
    0x0800aaa8   0x0800aaa8   0x00000010   Code   RO         7494    i.USBD_CDC_GetDeviceQualifierDescriptor  usbd_cdc.o
    0x0800aab8   0x0800aab8   0x00000044   Code   RO         7495    i.USBD_CDC_GetFSCfgDesc  usbd_cdc.o
    0x0800aafc   0x0800aafc   0x00000048   Code   RO         7496    i.USBD_CDC_GetHSCfgDesc  usbd_cdc.o
    0x0800ab44   0x0800ab44   0x00000044   Code   RO         7497    i.USBD_CDC_GetOtherSpeedCfgDesc  usbd_cdc.o
    0x0800ab88   0x0800ab88   0x000001a0   Code   RO         7498    i.USBD_CDC_Init     usbd_cdc.o
    0x0800ad28   0x0800ad28   0x00000050   Code   RO         7499    i.USBD_CDC_ReceivePacket  usbd_cdc.o
    0x0800ad78   0x0800ad78   0x00000018   Code   RO         7500    i.USBD_CDC_RegisterInterface  usbd_cdc.o
    0x0800ad90   0x0800ad90   0x0000001e   Code   RO         7501    i.USBD_CDC_SetRxBuffer  usbd_cdc.o
    0x0800adae   0x0800adae   0x00000024   Code   RO         7502    i.USBD_CDC_SetTxBuffer  usbd_cdc.o
    0x0800add2   0x0800add2   0x00000140   Code   RO         7503    i.USBD_CDC_Setup    usbd_cdc.o
    0x0800af12   0x0800af12   0x00000002   PAD
    0x0800af14   0x0800af14   0x00000064   Code   RO         7504    i.USBD_CDC_TransmitPacket  usbd_cdc.o
    0x0800af78   0x0800af78   0x0000001c   Code   RO         7165    i.USBD_ClrClassConfig  usbd_core.o
    0x0800af94   0x0800af94   0x0000003e   Code   RO         7328    i.USBD_ClrFeature   usbd_ctlreq.o
    0x0800afd2   0x0800afd2   0x00000006   Code   RO         7166    i.USBD_CoreFindEP   usbd_core.o
    0x0800afd8   0x0800afd8   0x00000006   Code   RO         7167    i.USBD_CoreFindIF   usbd_core.o
    0x0800afde   0x0800afde   0x00000018   Code   RO         7430    i.USBD_CtlContinueRx  usbd_ioreq.o
    0x0800aff6   0x0800aff6   0x00000018   Code   RO         7431    i.USBD_CtlContinueSendData  usbd_ioreq.o
    0x0800b00e   0x0800b00e   0x00000018   Code   RO         7329    i.USBD_CtlError     usbd_ctlreq.o
    0x0800b026   0x0800b026   0x00000028   Code   RO         7432    i.USBD_CtlPrepareRx  usbd_ioreq.o
    0x0800b04e   0x0800b04e   0x0000001a   Code   RO         7433    i.USBD_CtlReceiveStatus  usbd_ioreq.o
    0x0800b068   0x0800b068   0x00000022   Code   RO         7434    i.USBD_CtlSendData  usbd_ioreq.o
    0x0800b08a   0x0800b08a   0x0000001a   Code   RO         7435    i.USBD_CtlSendStatus  usbd_ioreq.o
    0x0800b0a4   0x0800b0a4   0x00000034   Code   RO         1179    i.USBD_FS_ConfigStrDescriptor  usbd_desc.o
    0x0800b0d8   0x0800b0d8   0x00000010   Code   RO         1180    i.USBD_FS_DeviceDescriptor  usbd_desc.o
    0x0800b0e8   0x0800b0e8   0x00000038   Code   RO         1181    i.USBD_FS_InterfaceStrDescriptor  usbd_desc.o
    0x0800b120   0x0800b120   0x00000010   Code   RO         1182    i.USBD_FS_LangIDStrDescriptor  usbd_desc.o
    0x0800b130   0x0800b130   0x0000002c   Code   RO         1183    i.USBD_FS_ManufacturerStrDescriptor  usbd_desc.o
    0x0800b15c   0x0800b15c   0x00000040   Code   RO         1184    i.USBD_FS_ProductStrDescriptor  usbd_desc.o
    0x0800b19c   0x0800b19c   0x00000018   Code   RO         1185    i.USBD_FS_SerialStrDescriptor  usbd_desc.o
    0x0800b1b4   0x0800b1b4   0x00000056   Code   RO         7330    i.USBD_GetConfig    usbd_ctlreq.o
    0x0800b20a   0x0800b20a   0x000001fc   Code   RO         7331    i.USBD_GetDescriptor  usbd_ctlreq.o
    0x0800b406   0x0800b406   0x00000050   Code   RO         7169    i.USBD_GetEpDesc    usbd_core.o
    0x0800b456   0x0800b456   0x00000016   Code   RO         7332    i.USBD_GetLen       usbd_ctlreq.o
    0x0800b46c   0x0800b46c   0x00000014   Code   RO         7170    i.USBD_GetNextDesc  usbd_core.o
    0x0800b480   0x0800b480   0x0000005a   Code   RO         7333    i.USBD_GetStatus    usbd_ctlreq.o
    0x0800b4da   0x0800b4da   0x00000054   Code   RO         7334    i.USBD_GetString    usbd_ctlreq.o
    0x0800b52e   0x0800b52e   0x0000002c   Code   RO         1364    i.USBD_Get_USB_Status  usbd_conf.o
    0x0800b55a   0x0800b55a   0x0000003a   Code   RO         7171    i.USBD_Init         usbd_core.o
    0x0800b594   0x0800b594   0x00000026   Code   RO         1365    i.USBD_LL_ClearStallEP  usbd_conf.o
    0x0800b5ba   0x0800b5ba   0x00000026   Code   RO         1366    i.USBD_LL_CloseEP   usbd_conf.o
    0x0800b5e0   0x0800b5e0   0x00000108   Code   RO         7172    i.USBD_LL_DataInStage  usbd_core.o
    0x0800b6e8   0x0800b6e8   0x00000102   Code   RO         7173    i.USBD_LL_DataOutStage  usbd_core.o
    0x0800b7ea   0x0800b7ea   0x00000006   Code   RO         7174    i.USBD_LL_DevConnected  usbd_core.o
    0x0800b7f0   0x0800b7f0   0x00000026   Code   RO         7175    i.USBD_LL_DevDisconnected  usbd_core.o
    0x0800b816   0x0800b816   0x00000012   Code   RO         1370    i.USBD_LL_GetRxDataSize  usbd_conf.o
    0x0800b828   0x0800b828   0x00000068   Code   RO         1371    i.USBD_LL_Init      usbd_conf.o
    0x0800b890   0x0800b890   0x00000038   Code   RO         1372    i.USBD_LL_IsStallEP  usbd_conf.o
    0x0800b8c8   0x0800b8c8   0x00000048   Code   RO         7176    i.USBD_LL_IsoINIncomplete  usbd_core.o
    0x0800b910   0x0800b910   0x00000048   Code   RO         7177    i.USBD_LL_IsoOUTIncomplete  usbd_core.o
    0x0800b958   0x0800b958   0x00000030   Code   RO         1373    i.USBD_LL_OpenEP    usbd_conf.o
    0x0800b988   0x0800b988   0x00000030   Code   RO         1374    i.USBD_LL_PrepareReceive  usbd_conf.o
    0x0800b9b8   0x0800b9b8   0x0000006c   Code   RO         7178    i.USBD_LL_Reset     usbd_core.o
    0x0800ba24   0x0800ba24   0x00000016   Code   RO         7179    i.USBD_LL_Resume    usbd_core.o
    0x0800ba3a   0x0800ba3a   0x00000028   Code   RO         7180    i.USBD_LL_SOF       usbd_core.o
    0x0800ba62   0x0800ba62   0x00000008   Code   RO         7181    i.USBD_LL_SetSpeed  usbd_core.o
    0x0800ba6a   0x0800ba6a   0x00000026   Code   RO         1375    i.USBD_LL_SetUSBAddress  usbd_conf.o
    0x0800ba90   0x0800ba90   0x00000076   Code   RO         7182    i.USBD_LL_SetupStage  usbd_core.o
    0x0800bb06   0x0800bb06   0x00000026   Code   RO         1376    i.USBD_LL_StallEP   usbd_conf.o
    0x0800bb2c   0x0800bb2c   0x0000001e   Code   RO         1377    i.USBD_LL_Start     usbd_conf.o
    0x0800bb4a   0x0800bb4a   0x00000014   Code   RO         7183    i.USBD_LL_Suspend   usbd_core.o
    0x0800bb5e   0x0800bb5e   0x00000030   Code   RO         1379    i.USBD_LL_Transmit  usbd_conf.o
    0x0800bb8e   0x0800bb8e   0x00000036   Code   RO         7335    i.USBD_ParseSetupRequest  usbd_ctlreq.o
    0x0800bbc4   0x0800bbc4   0x00000048   Code   RO         7184    i.USBD_RegisterClass  usbd_core.o
    0x0800bc0c   0x0800bc0c   0x00000006   Code   RO         7185    i.USBD_RunTestMode  usbd_core.o
    0x0800bc12   0x0800bc12   0x0000005a   Code   RO         7336    i.USBD_SetAddress   usbd_ctlreq.o
    0x0800bc6c   0x0800bc6c   0x00000020   Code   RO         7186    i.USBD_SetClassConfig  usbd_core.o
    0x0800bc8c   0x0800bc8c   0x00000104   Code   RO         7337    i.USBD_SetConfig    usbd_ctlreq.o
    0x0800bd90   0x0800bd90   0x00000038   Code   RO         7338    i.USBD_SetFeature   usbd_ctlreq.o
    0x0800bdc8   0x0800bdc8   0x0000000c   Code   RO         7187    i.USBD_Start        usbd_core.o
    0x0800bdd4   0x0800bdd4   0x000000ae   Code   RO         7339    i.USBD_StdDevReq    usbd_ctlreq.o
    0x0800be82   0x0800be82   0x00000280   Code   RO         7340    i.USBD_StdEPReq     usbd_ctlreq.o
    0x0800c102   0x0800c102   0x000000ae   Code   RO         7341    i.USBD_StdItfReq    usbd_ctlreq.o
    0x0800c1b0   0x0800c1b0   0x00000002   Code   RO         1380    i.USBD_static_free  usbd_conf.o
    0x0800c1b2   0x0800c1b2   0x00000002   PAD
    0x0800c1b4   0x0800c1b4   0x0000000c   Code   RO         1381    i.USBD_static_malloc  usbd_conf.o
    0x0800c1c0   0x0800c1c0   0x000000d0   Code   RO         1844    i.USB_ActivateEndpoint  stm32f4xx_ll_usb.o
    0x0800c290   0x0800c290   0x00000028   Code   RO         1846    i.USB_ActivateSetup  stm32f4xx_ll_usb.o
    0x0800c2b8   0x0800c2b8   0x00000084   Code   RO         1848    i.USB_CoreInit      stm32f4xx_ll_usb.o
    0x0800c33c   0x0800c33c   0x00000058   Code   RO         1849    i.USB_CoreReset     stm32f4xx_ll_usb.o
    0x0800c394   0x0800c394   0x0000014c   Code   RO         1852    i.USB_DeactivateEndpoint  stm32f4xx_ll_usb.o
    0x0800c4e0   0x0800c4e0   0x00000024   Code   RO         1853    i.USB_DevConnect    stm32f4xx_ll_usb.o
    0x0800c504   0x0800c504   0x00000024   Code   RO         1854    i.USB_DevDisconnect  stm32f4xx_ll_usb.o
    0x0800c528   0x0800c528   0x000001e0   Code   RO         1855    i.USB_DevInit       stm32f4xx_ll_usb.o
    0x0800c708   0x0800c708   0x0000000e   Code   RO         1856    i.USB_DisableGlobalInt  stm32f4xx_ll_usb.o
    0x0800c716   0x0800c716   0x00000002   PAD
    0x0800c718   0x0800c718   0x000001dc   Code   RO         1859    i.USB_EP0StartXfer  stm32f4xx_ll_usb.o
    0x0800c8f4   0x0800c8f4   0x00000070   Code   RO         1860    i.USB_EP0_OutStart  stm32f4xx_ll_usb.o
    0x0800c964   0x0800c964   0x0000008e   Code   RO         1861    i.USB_EPClearStall  stm32f4xx_ll_usb.o
    0x0800c9f2   0x0800c9f2   0x0000009a   Code   RO         1862    i.USB_EPSetStall    stm32f4xx_ll_usb.o
    0x0800ca8c   0x0800ca8c   0x00000348   Code   RO         1863    i.USB_EPStartXfer   stm32f4xx_ll_usb.o
    0x0800cdd4   0x0800cdd4   0x000000ec   Code   RO         1864    i.USB_EPStopXfer    stm32f4xx_ll_usb.o
    0x0800cec0   0x0800cec0   0x0000000e   Code   RO         1865    i.USB_EnableGlobalInt  stm32f4xx_ll_usb.o
    0x0800cece   0x0800cece   0x00000002   PAD
    0x0800ced0   0x0800ced0   0x00000054   Code   RO         1866    i.USB_FlushRxFifo   stm32f4xx_ll_usb.o
    0x0800cf24   0x0800cf24   0x00000058   Code   RO         1867    i.USB_FlushTxFifo   stm32f4xx_ll_usb.o
    0x0800cf7c   0x0800cf7c   0x00000026   Code   RO         1869    i.USB_GetDevSpeed   stm32f4xx_ll_usb.o
    0x0800cfa2   0x0800cfa2   0x0000000a   Code   RO         1871    i.USB_GetMode       stm32f4xx_ll_usb.o
    0x0800cfac   0x0800cfac   0x00000014   Code   RO         1878    i.USB_ReadDevAllInEpInterrupt  stm32f4xx_ll_usb.o
    0x0800cfc0   0x0800cfc0   0x00000014   Code   RO         1879    i.USB_ReadDevAllOutEpInterrupt  stm32f4xx_ll_usb.o
    0x0800cfd4   0x0800cfd4   0x00000032   Code   RO         1880    i.USB_ReadDevInEPInterrupt  stm32f4xx_ll_usb.o
    0x0800d006   0x0800d006   0x0000001a   Code   RO         1881    i.USB_ReadDevOutEPInterrupt  stm32f4xx_ll_usb.o
    0x0800d020   0x0800d020   0x0000000a   Code   RO         1882    i.USB_ReadInterrupts  stm32f4xx_ll_usb.o
    0x0800d02a   0x0800d02a   0x00000060   Code   RO         1883    i.USB_ReadPacket    stm32f4xx_ll_usb.o
    0x0800d08a   0x0800d08a   0x00000068   Code   RO         1885    i.USB_SetCurrentMode  stm32f4xx_ll_usb.o
    0x0800d0f2   0x0800d0f2   0x0000002a   Code   RO         1886    i.USB_SetDevAddress  stm32f4xx_ll_usb.o
    0x0800d11c   0x0800d11c   0x00000012   Code   RO         1887    i.USB_SetDevSpeed   stm32f4xx_ll_usb.o
    0x0800d12e   0x0800d12e   0x00000002   PAD
    0x0800d130   0x0800d130   0x000000e8   Code   RO         1888    i.USB_SetTurnaroundTime  stm32f4xx_ll_usb.o
    0x0800d218   0x0800d218   0x00000044   Code   RO         1891    i.USB_WritePacket   stm32f4xx_ll_usb.o
    0x0800d25c   0x0800d25c   0x00000004   Code   RO          908    i.UsageFault_Handler  stm32f4xx_it.o
    0x0800d260   0x0800d260   0x000002a8   Code   RO         8631    i.Vision_Move       gimbal.o
    0x0800d508   0x0800d508   0x00000026   Code   RO         9605    i.__ARM_fpclassifyf  m_wm.l(fpclassifyf.o)
    0x0800d52e   0x0800d52e   0x00000014   Code   RO         8632    i.__ARM_isinff      gimbal.o
    0x0800d542   0x0800d542   0x0000000e   Code   RO         7687    i.__ARM_isnanf      pid.o
    0x0800d550   0x0800d550   0x0000000e   Code   RO         8633    i.__ARM_isnanf      gimbal.o
    0x0800d55e   0x0800d55e   0x00000002   PAD
    0x0800d560   0x0800d560   0x00000010   Code   RO         2956    i.__NVIC_GetPriorityGrouping  stm32f4xx_hal_cortex.o
    0x0800d570   0x0800d570   0x00000028   Code   RO         2957    i.__NVIC_SetPriority  stm32f4xx_hal_cortex.o
    0x0800d598   0x0800d598   0x0000012c   Code   RO         9468    i.__hardfp_asinf    m_wm.l(asinf.o)
    0x0800d6c4   0x0800d6c4   0x000002ac   Code   RO         9492    i.__hardfp_atan2f   m_wm.l(atan2f.o)
    0x0800d970   0x0800d970   0x00000014   Code   RO         9516    i.__hardfp_fabs     m_wm.l(fabs.o)
    0x0800d984   0x0800d984   0x00000006   Code   RO         9608    i.__mathlib_flt_infnan  m_wm.l(funder.o)
    0x0800d98a   0x0800d98a   0x00000006   Code   RO         9609    i.__mathlib_flt_infnan2  m_wm.l(funder.o)
    0x0800d990   0x0800d990   0x00000010   Code   RO         9610    i.__mathlib_flt_invalid  m_wm.l(funder.o)
    0x0800d9a0   0x0800d9a0   0x00000010   Code   RO         9613    i.__mathlib_flt_underflow  m_wm.l(funder.o)
    0x0800d9b0   0x0800d9b0   0x00000048   Code   RO         7630    i.__normalangle     mylib.o
    0x0800d9f8   0x0800d9f8   0x00000134   Code   RO         7788    i.bmi088_accel_init  bmi088driver.o
    0x0800db2c   0x0800db2c   0x000002fc   Code   RO         7789    i.bmi088_accel_self_test  bmi088driver.o
    0x0800de28   0x0800de28   0x000000f4   Code   RO         7790    i.bmi088_gyro_init  bmi088driver.o
    0x0800df1c   0x0800df1c   0x000000d0   Code   RO         7791    i.bmi088_gyro_self_test  bmi088driver.o
    0x0800dfec   0x0800dfec   0x000001c4   Code   RO         8560    i.dbus_read         dbus.o
    0x0800e1b0   0x0800e1b0   0x00000040   Code   RO         8561    i.dbus_uart_init    dbus.o
    0x0800e1f0   0x0800e1f0   0x00000032   Code   RO         9304    i.dm4310_float_to_uint  dm4310.o
    0x0800e222   0x0800e222   0x00000034   Code   RO         9305    i.dm4310_uint_to_float  dm4310.o
    0x0800e256   0x0800e256   0x000000dc   Code   RO         8163    i.get_angle         ins_task.o
    0x0800e332   0x0800e332   0x00000060   Code   RO         9357    i.get_total_angle   dji2006.o
    0x0800e392   0x0800e392   0x00000002   PAD
    0x0800e394   0x0800e394   0x00000168   Code   RO         8166    i.imu_cmd_spi_dma   ins_task.o
    0x0800e4fc   0x0800e4fc   0x0000000c   Code   RO         8095    i.imu_pwm_set       bsp_imu_pwm.o
    0x0800e508   0x0800e508   0x000000ac   Code   RO         8167    i.imu_temp_control  ins_task.o
    0x0800e5b4   0x0800e5b4   0x000008ac   Code   RO         8168    i.ins_dma_data_read  ins_task.o
    0x0800ee60   0x0800ee60   0x0000003c   Code   RO         8526    i.invSqrt           mahonyahrs.o
    0x0800ee9c   0x0800ee9c   0x00000002   Code   RO         8448    i.ist8310_GPIO_init  ist8310driver_middleware.o
    0x0800ee9e   0x0800ee9e   0x00000002   PAD
    0x0800eea0   0x0800eea0   0x00000028   Code   RO         8450    i.ist8310_IIC_read_single_reg  ist8310driver_middleware.o
    0x0800eec8   0x0800eec8   0x00000028   Code   RO         8452    i.ist8310_IIC_write_single_reg  ist8310driver_middleware.o
    0x0800eef0   0x0800eef0   0x00000014   Code   RO         8453    i.ist8310_RST_H     ist8310driver_middleware.o
    0x0800ef04   0x0800ef04   0x00000014   Code   RO         8454    i.ist8310_RST_L     ist8310driver_middleware.o
    0x0800ef18   0x0800ef18   0x00000002   Code   RO         8455    i.ist8310_com_init  ist8310driver_middleware.o
    0x0800ef1a   0x0800ef1a   0x0000000c   Code   RO         8456    i.ist8310_delay_ms  ist8310driver_middleware.o
    0x0800ef26   0x0800ef26   0x00000002   PAD
    0x0800ef28   0x0800ef28   0x00000094   Code   RO         8413    i.ist8310_init      ist8310driver.o
    0x0800efbc   0x0800efbc   0x00000060   Code   RO           16    i.main              main.o
    0x0800f01c   0x0800f01c   0x0000000e   Code   RO         6651    i.makeFreeRtosPriority  cmsis_os.o
    0x0800f02a   0x0800f02a   0x00000030   Code   RO         9144    i.my_can_filter_init_recv_all  global_can.o
    0x0800f05a   0x0800f05a   0x00000018   Code   RO         6653    i.osDelay           cmsis_os.o
    0x0800f072   0x0800f072   0x0000000a   Code   RO         6656    i.osKernelStart     cmsis_os.o
    0x0800f07c   0x0800f07c   0x0000005e   Code   RO         6690    i.osThreadCreate    cmsis_os.o
    0x0800f0da   0x0800f0da   0x00000002   PAD
    0x0800f0dc   0x0800f0dc   0x00000030   Code   RO         6304    i.pcTaskGetName     tasks.o
    0x0800f10c   0x0800f10c   0x00000360   Code   RO         7688    i.pid_caculate      pid.o
    0x0800f46c   0x0800f46c   0x000000e8   Code   RO         7689    i.pid_param_init    pid.o
    0x0800f554   0x0800f554   0x00000098   Code   RO         6305    i.prvAddCurrentTaskToDelayedList  tasks.o
    0x0800f5ec   0x0800f5ec   0x000000b4   Code   RO         6306    i.prvAddNewTaskToReadyList  tasks.o
    0x0800f6a0   0x0800f6a0   0x00000048   Code   RO         6307    i.prvCheckTasksWaitingTermination  tasks.o
    0x0800f6e8   0x0800f6e8   0x00000050   Code   RO         6308    i.prvDeleteTCB      tasks.o
    0x0800f738   0x0800f738   0x0000007c   Code   RO         7018    i.prvHeapInit       heap_4.o
    0x0800f7b4   0x0800f7b4   0x00000028   Code   RO         6309    i.prvIdleTask       tasks.o
    0x0800f7dc   0x0800f7dc   0x000000b4   Code   RO         6310    i.prvInitialiseNewTask  tasks.o
    0x0800f890   0x0800f890   0x00000068   Code   RO         6311    i.prvInitialiseTaskLists  tasks.o
    0x0800f8f8   0x0800f8f8   0x00000068   Code   RO         7019    i.prvInsertBlockIntoFreeList  heap_4.o
    0x0800f960   0x0800f960   0x00000034   Code   RO         6312    i.prvResetNextTaskUnblockTime  tasks.o
    0x0800f994   0x0800f994   0x000000b0   Code   RO         6313    i.prvSearchForNameWithinSingleList  tasks.o
    0x0800fa44   0x0800fa44   0x00000040   Code   RO         7087    i.prvTaskExitError  port.o
    0x0800fa84   0x0800fa84   0x0000014c   Code   RO         7020    i.pvPortMalloc      heap_4.o
    0x0800fbd0   0x0800fbd0   0x0000002c   Code   RO         7088    i.pxPortInitialiseStack  port.o
    0x0800fbfc   0x0800fbfc   0x0000003e   Code   RO         9635    i.sqrtf             m_wm.l(sqrtf.o)
    0x0800fc3a   0x0800fc3a   0x00000066   Code   RO         8562    i.uart_receive_dma_no_it  dbus.o
    0x0800fca0   0x0800fca0   0x00000022   Code   RO         8563    i.uart_receive_handler  dbus.o
    0x0800fcc2   0x0800fcc2   0x00000002   PAD
    0x0800fcc4   0x0800fcc4   0x00000060   Code   RO         8564    i.uart_rx_idle_callback  dbus.o
    0x0800fd24   0x0800fd24   0x00000074   Code   RO         6316    i.ulTaskNotifyTake  tasks.o
    0x0800fd98   0x0800fd98   0x00000028   Code   RO         5931    i.uxListRemove      list.o
    0x0800fdc0   0x0800fdc0   0x00000018   Code   RO          452    i.vApplicationGetIdleTaskMemory  freertos.o
    0x0800fdd8   0x0800fdd8   0x0000001a   Code   RO         5932    i.vListInitialise   list.o
    0x0800fdf2   0x0800fdf2   0x00000006   Code   RO         5933    i.vListInitialiseItem  list.o
    0x0800fdf8   0x0800fdf8   0x00000034   Code   RO         5934    i.vListInsert       list.o
    0x0800fe2c   0x0800fe2c   0x00000018   Code   RO         5935    i.vListInsertEnd    list.o
    0x0800fe44   0x0800fe44   0x00000054   Code   RO         7090    i.vPortEnterCritical  port.o
    0x0800fe98   0x0800fe98   0x0000003c   Code   RO         7091    i.vPortExitCritical  port.o
    0x0800fed4   0x0800fed4   0x000000a4   Code   RO         7021    i.vPortFree         heap_4.o
    0x0800ff78   0x0800ff78   0x00000028   Code   RO         7092    i.vPortSetupTimerInterrupt  port.o
    0x0800ffa0   0x0800ffa0   0x00000078   Code   RO         7093    i.vPortValidateInterruptPriority  port.o
    0x08010018   0x08010018   0x0000005c   Code   RO         6322    i.vTaskDelay        tasks.o
    0x08010074   0x08010074   0x000000d4   Code   RO         6323    i.vTaskDelayUntil   tasks.o
    0x08010148   0x08010148   0x000000f0   Code   RO         6328    i.vTaskNotifyGiveFromISR  tasks.o
    0x08010238   0x08010238   0x000000b0   Code   RO         6336    i.vTaskStartScheduler  tasks.o
    0x080102e8   0x080102e8   0x00000010   Code   RO         6338    i.vTaskSuspendAll   tasks.o
    0x080102f8   0x080102f8   0x0000008c   Code   RO         6339    i.vTaskSwitchContext  tasks.o
    0x08010384   0x08010384   0x00000048   Code   RO         8821    i.vision_call_back_handler_Judge_msg  vision.o
    0x080103cc   0x080103cc   0x00000090   Code   RO         8822    i.vision_call_back_handler_Right_Control  vision.o
    0x0801045c   0x0801045c   0x00000024   Code   RO         8823    i.vision_transmit   vision.o
    0x08010480   0x08010480   0x0000009c   Code   RO         8824    i.vision_transmit_package_AutoaimFeedback  vision.o
    0x0801051c   0x0801051c   0x00000168   Code   RO         7094    i.xPortStartScheduler  port.o
    0x08010684   0x08010684   0x00000064   Code   RO         6342    i.xTaskCreate       tasks.o
    0x080106e8   0x080106e8   0x000000ba   Code   RO         6343    i.xTaskCreateStatic  tasks.o
    0x080107a2   0x080107a2   0x00000002   PAD
    0x080107a4   0x080107a4   0x000000a4   Code   RO         6347    i.xTaskGetHandle    tasks.o
    0x08010848   0x08010848   0x00000020   Code   RO         6348    i.xTaskGetSchedulerState  tasks.o
    0x08010868   0x08010868   0x0000000c   Code   RO         6349    i.xTaskGetTickCount  tasks.o
    0x08010874   0x08010874   0x00000148   Code   RO         6351    i.xTaskIncrementTick  tasks.o
    0x080109bc   0x080109bc   0x00000104   Code   RO         6357    i.xTaskResumeAll    tasks.o
    0x08010ac0   0x08010ac0   0x00000062   Code   RO         9452    x$fpl$d2f           fz_wm.l(d2f.o)
    0x08010b22   0x08010b22   0x00000002   PAD
    0x08010b24   0x08010b24   0x00000150   Code   RO         9454    x$fpl$dadd          fz_wm.l(daddsub_clz.o)
    0x08010c74   0x08010c74   0x00000018   Code   RO         9555    x$fpl$dcmpinf       fz_wm.l(dcmpi.o)
    0x08010c8c   0x08010c8c   0x00000078   Code   RO         9460    x$fpl$dleqf         fz_wm.l(dleqf.o)
    0x08010d04   0x08010d04   0x0000009c   Code   RO         9563    x$fpl$dnaninf       fz_wm.l(dnaninf.o)
    0x08010da0   0x08010da0   0x0000000c   Code   RO         9565    x$fpl$dretinf       fz_wm.l(dretinf.o)
    0x08010dac   0x08010dac   0x0000006c   Code   RO         9464    x$fpl$drleqf        fz_wm.l(drleqf.o)
    0x08010e18   0x08010e18   0x000001d4   Code   RO         9456    x$fpl$dsub          fz_wm.l(daddsub_clz.o)
    0x08010fec   0x08010fec   0x00000056   Code   RO         9466    x$fpl$f2d           fz_wm.l(f2d.o)
    0x08011042   0x08011042   0x0000008c   Code   RO         9569    x$fpl$fnaninf       fz_wm.l(fnaninf.o)
    0x080110ce   0x080110ce   0x0000000a   Code   RO         9766    x$fpl$fpinit        fz_wm.l(fpinit.o)
    0x080110d8   0x080110d8   0x0000000a   Code   RO         9571    x$fpl$fretinf       fz_wm.l(fretinf.o)
    0x080110e2   0x080110e2   0x00000000   Code   RO         9573    x$fpl$usenofp       fz_wm.l(usenofp.o)
    0x080110e2   0x080110e2   0x00000002   PAD
    0x080110e4   0x080110e4   0x000000a8   Data   RO          454    .constdata          freertos.o
    0x0801118c   0x0801118c   0x00000008   Data   RO         2673    .constdata          stm32f4xx_hal_dma.o
    0x08011194   0x08011194   0x00000018   Data   RO         5795    .constdata          system_stm32f4xx.o
    0x080111ac   0x080111ac   0x00000020   Data   RO         7743    .constdata          myfilter.o
    0x080111cc   0x080111cc   0x00000012   Data   RO         7796    .constdata          bmi088driver.o
    0x080111de   0x080111de   0x00000002   PAD
    0x080111e0   0x080111e0   0x0000000c   Data   RO         8170    .constdata          ins_task.o
    0x080111ec   0x080111ec   0x0000000c   Data   RO         8416    .constdata          ist8310driver.o
    0x080111f8   0x080111f8   0x00000046   Data   RO          455    .conststring        freertos.o
    0x0801123e   0x0801123e   0x00000002   PAD
    0x08011240   0x08011240   0x00000020   Data   RO         9824    Region$$Table       anon$$obj.o


    Execution Region RW_IRAM1 (Exec base: 0x20000000, Load base: 0x08011260, Size: 0x0000caf8, Max: 0x0001c000, ABSOLUTE, COMPRESSED[0x00000190])

    Exec Addr    Load Addr    Size         Type   Attr      Idx    E Section Name        Object

    0x20000000   COMPRESSED   0x00000018   Data   RW          456    .data               freertos.o
    0x20000018   COMPRESSED   0x00000004   Data   RW          569    .data               can.o
    0x2000001c   COMPRESSED   0x00000008   Data   RW          616    .data               crc.o
    0x20000024   COMPRESSED   0x0000004e   Data   RW         1187    .data               usbd_desc.o
    0x20000072   COMPRESSED   0x00000002   PAD
    0x20000074   COMPRESSED   0x00000014   Data   RW         1274    .data               usbd_cdc_if.o
    0x20000088   COMPRESSED   0x00000009   Data   RW         3105    .data               stm32f4xx_hal.o
    0x20000091   COMPRESSED   0x00000003   PAD
    0x20000094   COMPRESSED   0x00000004   Data   RW         5796    .data               system_stm32f4xx.o
    0x20000098   COMPRESSED   0x0000003c   Data   RW         6360    .data               tasks.o
    0x200000d4   COMPRESSED   0x00000020   Data   RW         7027    .data               heap_4.o
    0x200000f4   COMPRESSED   0x0000000c   Data   RW         7095    .data               port.o
    0x20000100   COMPRESSED   0x00000001   Data   RW         7342    .data               usbd_ctlreq.o
    0x20000101   COMPRESSED   0x00000003   PAD
    0x20000104   COMPRESSED   0x0000008a   Data   RW         7505    .data               usbd_cdc.o
    0x2000018e   COMPRESSED   0x00000002   PAD
    0x20000190   COMPRESSED   0x0000002c   Data   RW         7797    .data               bmi088driver.o
    0x200001bc   COMPRESSED   0x000000d4   Data   RW         8171    .data               ins_task.o
    0x20000290   COMPRESSED   0x00000014   Data   RW         8527    .data               mahonyahrs.o
    0x200002a4   COMPRESSED   0x00000004   PAD
    0x200002a8   COMPRESSED   0x00000058   Data   RW         8635    .data               gimbal.o
    0x20000300   COMPRESSED   0x00000014   Data   RW         8770    .data               shoot.o
    0x20000314   COMPRESSED   0x00000046   Data   RW         8826    .data               vision.o
    0x2000035a   COMPRESSED   0x00000002   PAD
    0x2000035c   COMPRESSED   0x00000070   Data   RW         9235    .data               motorctrl.o
    0x200003cc        -       0x00000254   Zero   RW          453    .bss                freertos.o
    0x20000620        -       0x00000050   Zero   RW          568    .bss                can.o
    0x20000670        -       0x00000054   Zero   RW          685    .bss                i2c.o
    0x200006c4        -       0x00000118   Zero   RW          727    .bss                spi.o
    0x200007dc        -       0x000000d8   Zero   RW          774    .bss                tim.o
    0x200008b4        -       0x000001a8   Zero   RW          842    .bss                usart.o
    0x20000a5c        -       0x00000048   Zero   RW         1084    .bss                stm32f4xx_hal_timebase_tim.o
    0x20000aa4        -       0x000002dc   Zero   RW         1121    .bss                usb_device.o
    0x20000d80        -       0x00000200   Zero   RW         1186    .bss                usbd_desc.o
    0x20000f80        -       0x00001000   Zero   RW         1273    .bss                usbd_cdc_if.o
    0x20001f80        -       0x0000072c   Zero   RW         1382    .bss                usbd_conf.o
    0x200026ac        -       0x000000f0   Zero   RW         6359    .bss                tasks.o
    0x2000279c        -       0x00003c00   Zero   RW         7026    .bss                heap_4.o
    0x2000639c        -       0x00000058   Zero   RW         7742    .bss                myfilter.o
    0x200063f4        -       0x00000168   Zero   RW         8169    .bss                ins_task.o
    0x2000655c        -       0x0000002e   Zero   RW         8565    .bss                dbus.o
    0x2000658a   COMPRESSED   0x00000002   PAD
    0x2000658c        -       0x00000060   Zero   RW         8634    .bss                gimbal.o
    0x200065ec        -       0x00000058   Zero   RW         8825    .bss                vision.o
    0x20006644        -       0x00000040   Zero   RW         9192    .bss                dji3508.o
    0x20006684        -       0x00000384   Zero   RW         9234    .bss                motorctrl.o
    0x20006a08        -       0x0000003c   Zero   RW         9306    .bss                dm4310.o
    0x20006a44        -       0x00000028   Zero   RW         9358    .bss                dji2006.o
    0x20006a6c        -       0x0000002c   Zero   RW         9399    .bss                dji6020.o
    0x20006a98        -       0x00000060   Zero   RW         9682    .bss                c_w.l(libspace.o)
    0x20006af8        -       0x00002000   Zero   RW            2    HEAP                startup_stm32f407xx.o
    0x20008af8        -       0x00004000   Zero   RW            1    STACK               startup_stm32f407xx.o


    Execution Region RW_IRAM2 (Exec base: 0x2001c000, Load base: 0x080113f0, Size: 0x00000000, Max: 0x00004000, ABSOLUTE)

    **** No section assigned to this execution region ****


==============================================================================

Image component sizes


      Code (inc. data)   RO Data    RW Data    ZI Data      Debug   Object Name

      2338         40         18         44          0      10523   bmi088driver.o
       140         28          0          0          0       4440   bmi088middleware.o
        12          4          0          0          0        470   bsp_imu_pwm.o
     10428        170          0          0          0       5606   bsp_spi.o
       488         44          0          4         80       2410   can.o
        20          0          0          0          0        907   chassis.o
       142          0          0          0          0      22923   cmsis_os.o
        84         18          0          8          0       1463   crc.o
       748         22          0          0         46       8323   dbus.o
       164          0          0          0         40       2372   dji2006.o
       156          0          0          0         64       2420   dji3508.o
       174          0          0          0         44       2806   dji6020.o
       642         32          0          0         60       5281   dm4310.o
       152          6          0          0          0        822   dma.o
         0          0          0          0          0      16832   event_groups.o
       218         40        238         24        596      34496   freertos.o
      1530        128          0         88         96       5808   gimbal.o
       268         24          0          0          0       2297   global_can.o
       616         28          0          0          0     720963   gpio.o
       724         74          0         32      15360       7375   heap_4.o
       260         30          0          0         84       1701   i2c.o
      4726        376         12        212        360      19640   ins_task.o
       148          6         12          0          0       1755   ist8310driver.o
       136         22          0          0          0       3691   ist8310driver_middleware.o
       148          0          0          0          0       3530   list.o
       824         38          0         20          0       2178   mahonyahrs.o
       350         36          0          0          0     701004   main.o
      1544        244          0        112        900       3823   motorctrl.o
       210          8         32          0         88       2196   myfilter.o
        72          0          0          0          0        636   mylib.o
      1110         18          0          0          0       8395   pid.o
      1014         92          0         12          0      11957   port.o
       504         60          0         20          0       2543   shoot.o
       444         38          0          0        280       1931   spi.o
        64         26        392          0      24576        836   startup_stm32f407xx.o
       136         24          0          9          0       8674   stm32f4xx_hal.o
      2146          6          0          0          0      14118   stm32f4xx_hal_can.o
       252         22          0          0          0      33638   stm32f4xx_hal_cortex.o
        32          0          0          0          0       1023   stm32f4xx_hal_crc.o
      1392         16          8          0          0       6899   stm32f4xx_hal_dma.o
       540         50          0          0          0       2719   stm32f4xx_hal_gpio.o
      2856         46          0          0          0      11586   stm32f4xx_hal_i2c.o
        84          6          0          0          0        846   stm32f4xx_hal_msp.o
      3604         16          0          0          0      13716   stm32f4xx_hal_pcd.o
        90          0          0          0          0       2405   stm32f4xx_hal_pcd_ex.o
      1888         94          0          0          0       6217   stm32f4xx_hal_rcc.o
      1078         14          0          0          0       4633   stm32f4xx_hal_spi.o
      1702        112          0          0          0      10390   stm32f4xx_hal_tim.o
       300         30          0          0          0       3289   stm32f4xx_hal_tim_ex.o
       180         20          0          0         72       1451   stm32f4xx_hal_timebase_tim.o
      1918         14          0          0          0       9456   stm32f4xx_hal_uart.o
       272         70          0          0          0      11189   stm32f4xx_it.o
      4246         98          0          0          0      23455   stm32f4xx_ll_usb.o
         0          0          0          0          0        392   stream_buffer.o
        20          6         24          4          0       1111   system_stm32f4xx.o
      3158        356          0         60        240      27477   tasks.o
       684         68          0          0        216       4228   tim.o
       692         66          0          0        424       2708   usart.o
        76         16          0          0        732       6548   usb_device.o
      1790         54          0        138          0      14161   usbd_cdc.o
       232         28          0         20       4096       6668   usbd_cdc_if.o
      1004         24          0          0       1836      17436   usbd_conf.o
      1346          0          0          0          0      16389   usbd_core.o
      2342         30          0          1          0      17736   usbd_ctlreq.o
       386        122          0         78        512       6817   usbd_desc.o
       174          0          0          0          0       4668   usbd_ioreq.o
       408         82          0         70         88       5324   vision.o

    ----------------------------------------------------------------------
     65688       3142        772        972      50892    1921720   Object Totals
         0          0         32          0          0          0   (incl. Generated)
        62          0          4         16          2          0   (incl. Padding)

    ----------------------------------------------------------------------

      Code (inc. data)   RO Data    RW Data    ZI Data      Debug   Library Member Name

        90          0          0          0          0          0   __dczerorl2.o
         8          0          0          0          0         68   __main.o
         0          0          0          0          0          0   __rtentry.o
        12          0          0          0          0          0   __rtentry2.o
         6          0          0          0          0          0   __rtentry4.o
        52          8          0          0          0          0   __scatter.o
        28          0          0          0          0          0   __scatter_zi.o
        22          0          0          0          0        100   _rserrno.o
        18          0          0          0          0         80   exit.o
         6          0          0          0          0        152   heapauxi.o
         0          0          0          0          0          0   indicate_semi.o
         2          0          0          0          0          0   libinit.o
         6          0          0          0          0          0   libinit2.o
         2          0          0          0          0          0   libshutdown.o
         2          0          0          0          0          0   libshutdown2.o
         8          4          0          0         96         68   libspace.o
       238          0          0          0          0        100   lludivv7m.o
         8          4          0          0          0         68   rt_errno_addr_intlibspace.o
        68          0          0          0          0         68   rt_memclr.o
        78          0          0          0          0         80   rt_memclr_w.o
       138          0          0          0          0         68   rt_memcpy_v6.o
       100          0          0          0          0         80   rt_memcpy_w.o
         2          0          0          0          0          0   rtexit.o
        10          0          0          0          0          0   rtexit2.o
        62          0          0          0          0         76   strlen.o
        12          4          0          0          0         68   sys_exit.o
        74          0          0          0          0         80   sys_stackheap_outer.o
         2          0          0          0          0         68   use_no_semi.o
        98          4          0          0          0        140   d2f.o
       804         16          0          0          0        368   daddsub_clz.o
        24          0          0          0          0        116   dcmpi.o
       120          4          0          0          0        140   dleqf.o
       156          4          0          0          0        140   dnaninf.o
        12          0          0          0          0        116   dretinf.o
       108          0          0          0          0        128   drleqf.o
        86          4          0          0          0        132   f2d.o
       140          4          0          0          0        132   fnaninf.o
        10          0          0          0          0        116   fpinit.o
        10          0          0          0          0        116   fretinf.o
         0          0          0          0          0          0   usenofp.o
       300         42          0          0          0        176   asinf.o
       684         90          0          0          0        208   atan2f.o
        20          0          0          0          0        124   fabs.o
        38          0          0          0          0        116   fpclassifyf.o
        44         12          0          0          0        464   funder.o
        62          0          0          0          0        136   sqrtf.o

    ----------------------------------------------------------------------
      3780        200          0          0         96       4092   Library Totals
        10          0          0          0          0          0   (incl. Padding)

    ----------------------------------------------------------------------

      Code (inc. data)   RO Data    RW Data    ZI Data      Debug   Library Name

      1054         20          0          0         96       1224   c_w.l
      1568         36          0          0          0       1644   fz_wm.l
      1148        144          0          0          0       1224   m_wm.l

    ----------------------------------------------------------------------
      3780        200          0          0         96       4092   Library Totals

    ----------------------------------------------------------------------

==============================================================================


      Code (inc. data)   RO Data    RW Data    ZI Data      Debug   

     69468       3342        772        972      50988    1882540   Grand Totals
     69468       3342        772        400      50988    1882540   ELF Image Totals (compressed)
     69468       3342        772        400          0          0   ROM Totals

==============================================================================

    Total RO  Size (Code + RO Data)                70240 (  68.59kB)
    Total RW  Size (RW Data + ZI Data)             51960 (  50.74kB)
    Total ROM Size (Code + RO Data + RW Data)      70640 (  68.98kB)

==============================================================================

