<html>
<body>
<pre>
<h1>礦ision Build Log</h1>
<h2>Tool Versions:</h2>
IDE-Version: μVision V5.14.1
Copyright (C) 2015 ARM Ltd and ARM Germany GmbH. All rights reserved.
License Information: Cortex-M4, wdaw, LIC=QF82M-XA4XR-KPQZY-I5L9R-Q56IM-CPT9N
 
Tool Versions:
Toolchain:       MDK-ARM Plus  Version: 5.24.1
Toolchain Path:  D:\k5\ARM\ARMCC\Bin
C Compiler:      Armcc.exe V5.06 update 5 (build 528)
Assembler:       Armasm.exe V5.06 update 5 (build 528)
Linker/Locator:  ArmLink.exe V5.06 update 5 (build 528)
Library Manager: ArmAr.exe V5.06 update 5 (build 528)
Hex Converter:   FromElf.exe V5.06 update 5 (build 528)
CPU DLL:         SARMCM3.DLL V5.24.1
Dialog DLL:      DCM.DLL V1.16.0.0
Target DLL:      Segger\JL2CM3.dll V2.99.26.0
Dialog DLL:      TCM.DLL V1.32.0.0
 
<h2>Project:</h2>
D:\桌面\新建文件夹 (2)\New_Sentry\New_Sentry_Left\MDK-ARM\New_Sentry.uvprojx
Project File Date:  11/14/2024

<h2>Output:</h2>
*** Using Compiler 'V5.06 update 5 (build 528)', folder: 'D:\k5\ARM\ARMCC\Bin'
Build target 'New_Sentry'
assembling startup_stm32f407xx.s...
compiling main.c...
compiling gpio.c...
compiling freertos.c...
compiling can.c...
compiling crc.c...
compiling dma.c...
compiling i2c.c...
compiling spi.c...
compiling tim.c...
compiling usart.c...
compiling stm32f4xx_it.c...
compiling stm32f4xx_hal_msp.c...
compiling stm32f4xx_hal_timebase_tim.c...
compiling usb_device.c...
compiling usbd_desc.c...
compiling usbd_cdc_if.c...
compiling usbd_conf.c...
compiling stm32f4xx_hal_pcd.c...
compiling stm32f4xx_hal_pcd_ex.c...
compiling stm32f4xx_ll_usb.c...
compiling stm32f4xx_hal_rcc.c...
compiling stm32f4xx_hal_rcc_ex.c...
compiling stm32f4xx_hal_flash.c...
compiling stm32f4xx_hal_flash_ex.c...
compiling stm32f4xx_hal_flash_ramfunc.c...
compiling stm32f4xx_hal_gpio.c...
compiling stm32f4xx_hal_dma_ex.c...
compiling stm32f4xx_hal_dma.c...
compiling stm32f4xx_hal_pwr.c...
compiling stm32f4xx_hal_pwr_ex.c...
compiling stm32f4xx_hal_cortex.c...
compiling stm32f4xx_hal.c...
compiling stm32f4xx_hal_exti.c...
compiling stm32f4xx_hal_can.c...
compiling stm32f4xx_hal_crc.c...
compiling stm32f4xx_hal_i2c.c...
compiling stm32f4xx_hal_i2c_ex.c...
compiling stm32f4xx_hal_spi.c...
compiling stm32f4xx_hal_tim.c...
compiling stm32f4xx_hal_tim_ex.c...
compiling stm32f4xx_hal_uart.c...
compiling system_stm32f4xx.c...
compiling croutine.c...
compiling event_groups.c...
compiling list.c...
compiling queue.c...
compiling stream_buffer.c...
compiling tasks.c...
compiling timers.c...
compiling cmsis_os.c...
compiling heap_4.c...
compiling port.c...
compiling usbd_core.c...
compiling usbd_ctlreq.c...
compiling usbd_ioreq.c...
compiling usbd_cdc.c...
compiling Kalman.c...
compiling MyLib.c...
compiling pid.c...
compiling myFilter.c...
compiling BMI088Middleware.c...
compiling bsp_imu_pwm.c...
compiling bsp_spi.c...
compiling INS_task.c...
compiling BMI088driver.c...
compiling ist8310driver.c...
compiling ist8310driver_middleware.c...
compiling MahonyAHRS.c...
compiling dbus.c...
compiling Gimbal.c...
compiling Chassis.c...
compiling Shoot.c...
compiling vision.c...
compiling judge.c...
compiling crc.c...
compiling global_can.c...
compiling dbus_can.c...
compiling vision_can.c...
compiling vision_uart.c...
compiling DJI3508.c...
compiling MotorCtrl.c...
compiling DM4310.c...
compiling DJI2006.c...
compiling DJI6020.c...
compiling protect.c...
linking...
Program Size: Code=69368 RO-data=860 RW-data=984 ZI-data=27752  
FromELF: creating hex file...
"New_Sentry\New_Sentry.axf" - 0 Error(s), 0 Warning(s).

<h2>Software Packages used:</h2>

Package Vendor: ARM
                http://www.keil.com/pack/ARM.CMSIS.5.0.1.pack
                ARM::CMSIS:CORE:5.0.1
                CMSIS (Cortex Microcontroller Software Interface Standard)
   * Component: CORE Version: 5.0.1

<h2>Collection of Component include folders:</h2>
  D:\桌面\新建文件夹 (2)\New_Sentry\New_Sentry_Left\MDK-ARM\RTE
  D:\k5\ARM\PACK\ARM\CMSIS\5.0.1\CMSIS\Include
  D:\k5\ARM\PACK\Keil\STM32F4xx_DFP\2.17.1\Drivers\CMSIS\Device\ST\STM32F4xx\Include

<h2>Collection of Component Files used:</h2>

   * Component: ARM::CMSIS:CORE:5.0.1
</pre>
</body>
</html>
